 PhysXCooking_64

 Timestamp is 5e1267d9 (Mon Jan  6 07:48:57 2020)

 Preferred load address is 0000000180000000

 Start         Length     Name                   Class
 0001:00000000 00000ba0H .text$di                CODE
 0001:00000ba0 00050ca0H .text$mn                CODE
 0001:00051840 00000020H .text$mn$00             CODE
 0001:00051860 00000110H .text$x                 CODE
 0002:00000000 00000250H .idata$5                DATA
 0002:00000250 00000010H .00cfg                  DATA
 0002:00000260 00000008H .CRT$XCA                DATA
 0002:00000268 000001f0H .CRT$XCU                DATA
 0002:00000458 00000008H .CRT$XCZ                DATA
 0002:00000460 00000008H .CRT$XIA                DATA
 0002:00000468 00000008H .CRT$XIZ                DATA
 0002:00000470 00000008H .CRT$XPA                DATA
 0002:00000478 00000008H .CRT$XPZ                DATA
 0002:00000480 00000008H .CRT$XTA                DATA
 0002:00000488 00000008H .CRT$XTZ                DATA
 0002:00000490 00004898H .rdata                  DATA
 0002:00004d28 00000074H .rdata$r                DATA
 0002:00004d9c 000003b4H .rdata$zzzdbg           DATA
 0002:00005150 00000008H .rtc$IAA                DATA
 0002:00005158 000000a0H .rtc$IMZ                DATA
 0002:000051f8 00000008H .rtc$IZZ                DATA
 0002:00005200 00000008H .rtc$TAA                DATA
 0002:00005208 000000a0H .rtc$TMZ                DATA
 0002:000052a8 00000008H .rtc$TZZ                DATA
 0002:000052b0 000026d4H .xdata                  DATA
 0002:00007984 00000040H .didat$2                DATA
 0002:000079c4 00000024H .didat$3                DATA
 0002:000079e8 00000220H .didat$4                DATA
 0002:00007c08 00000d68H .didat$6                DATA
 0002:00008970 00000220H .didat$7                DATA
 0002:00008b90 00001d88H .edata                  DATA
 0002:0000a918 0000003cH .idata$2                DATA
 0002:0000a954 00000014H .idata$3                DATA
 0002:0000a968 00000250H .idata$4                DATA
 0002:0000abb8 0000053aH .idata$6                DATA
 0003:00000000 00000068H .data                   DATA
 0003:00000068 00000328H .data$r                 DATA
 0003:00000390 00000220H .didat$5                DATA
 0003:000005b0 00000bd8H .bss                    DATA
 0004:00000000 000035c4H .pdata                  DATA
 0005:00000000 00000024H .gfids$y                DATA
 0006:00000000 000000a0H .rsrc$01                DATA
 0006:000000a0 000004b0H .rsrc$02                DATA

  Address         Publics by Value              Rva+Base               Lib:Object

 0000:00000000       __guard_longjmp_table      0000000000000000     <absolute>
 0000:00000000       __guard_longjmp_count      0000000000000000     <absolute>
 0000:00000000       ___safe_se_handler_table   0000000000000000     <absolute>
 0000:00000000       __guard_iat_count          0000000000000000     <absolute>
 0000:00000000       __dynamic_value_reloc_table 0000000000000000     <absolute>
 0000:00000000       __guard_fids_count         0000000000000000     <absolute>
 0000:00000000       __guard_fids_table         0000000000000000     <absolute>
 0000:00000000       __guard_iat_table          0000000000000000     <absolute>
 0000:00000000       ___safe_se_handler_count   0000000000000000     <absolute>
 0000:00000100       __guard_flags              0000000000000100     <absolute>
 0000:00000000       __ImageBase                0000000180000000     <linker-defined>
 0001:00000ba0       ?ComputeNbBoundaryEdges@AdjTriangle@physx@@QEBAIXZ 0000000180001ba0 f   Adjacencies.obj
 0001:00000c30       ?ComputeNbNeighbors@AdjTriangle@physx@@QEBAIXZ 0000000180001c30 f   Adjacencies.obj
 0001:00000cc0       ?HasNeighbor@AdjTriangle@physx@@QEBA_NIPEAI@Z 0000000180001cc0 f   Adjacencies.obj
 0001:00000dd0       ?Flip@AdjTriangle@physx@@QEAAXXZ 0000000180001dd0 f   Adjacencies.obj
 0001:00000e20       ??0Adjacencies@physx@@QEAA@XZ 0000000180001e20 f   Adjacencies.obj
 0001:00000e50       ??1Adjacencies@physx@@QEAA@XZ 0000000180001e50 f   Adjacencies.obj
 0001:00000eb0       ?Load@Adjacencies@physx@@QEAA_NAEAVPxInputStream@2@@Z 0000000180001eb0 f   Adjacencies.obj
 0001:00001040       ?ComputeNbBoundaryEdges@Adjacencies@physx@@QEBAIXZ 0000000180002040 f   Adjacencies.obj
 0001:000010c0       ?GetBoundaryVertices@Adjacencies@physx@@QEBA_NIPEA_NPEBU?$TriangleT@I@Gu@2@@Z 00000001800020c0 f   Adjacencies.obj
 0001:000013d0       ?MakeLastRef@Adjacencies@physx@@QEAA_NAEAVAdjTriangle@2@IPEAU?$TriangleT@I@Gu@2@@Z 00000001800023d0 f   Adjacencies.obj
 0001:00001730       ?AssignNewEdgeCode@Adjacencies@physx@@AEAAXIE@Z 0000000180002730 f   Adjacencies.obj
 0001:000017d0       ??0AdjacenciesBuilder@physx@@QEAA@XZ 00000001800027d0 f   Adjacencies.obj
 0001:00001800       ??1AdjacenciesBuilder@physx@@QEAA@XZ 0000000180002800 f   Adjacencies.obj
 0001:00001820       ?Init@AdjacenciesBuilder@physx@@QEAA_NAEBUADJACENCIESCREATE@2@@Z 0000000180002820 f   Adjacencies.obj
 0001:00002b20       ??$?_UI@@YAPEAX_KV?$ReflectionAllocator@I@shdfnd@physx@@PEBDH@Z 0000000180003b20 f i Adjacencies.obj
 0001:00002b60       ??$?_UV?$ReflectionAllocator@VAdjEdge@@@shdfnd@physx@@@UserAllocated@shdfnd@physx@@SAPEAX_KV?$ReflectionAllocator@VAdjEdge@@@12@PEBDH@Z 0000000180003b60 f i Adjacencies.obj
 0001:00002ba0       ??$?_UV?$ReflectionAllocator@VAdjTriangle@physx@@@shdfnd@physx@@@UserAllocated@shdfnd@physx@@SAPEAX_KV?$ReflectionAllocator@VAdjTriangle@physx@@@12@PEBDH@Z 0000000180003ba0 f i Adjacencies.obj
 0001:00002be0       ??$swap@I@shdfnd@physx@@YAXAEAI0@Z 0000000180003be0 f i Adjacencies.obj
 0001:00002c20       ??0?$ReflectionAllocator@I@shdfnd@physx@@QEAA@PEBD@Z 0000000180003c20 f i Adjacencies.obj
 0001:00002c30       ??0?$ReflectionAllocator@VAdjEdge@@@shdfnd@physx@@QEAA@PEBD@Z 0000000180003c30 f i Adjacencies.obj
 0001:00002c40       ??0?$ReflectionAllocator@VAdjTriangle@physx@@@shdfnd@physx@@QEAA@PEBD@Z 0000000180003c40 f i Adjacencies.obj
 0001:00002c50       ??0?$TriangleT@I@Gu@physx@@QEAA@XZ 0000000180003c50 f i Adjacencies.obj
 0001:00002c60       ??0AdjEdge@@QEAA@XZ        0000000180003c60 f i Adjacencies.obj
 0001:00002c70       ??0AdjTriangle@physx@@QEAA@XZ 0000000180003c70 f i Adjacencies.obj
 0001:00002c80       ??0Allocator@shdfnd@physx@@QEAA@PEBD@Z 0000000180003c80 f i Adjacencies.obj
 0001:00002c90       ??0EDGELISTCREATE@Gu@physx@@QEAA@XZ 0000000180003c90 f i Adjacencies.obj
 0001:00002d00       ??0NonTrackingAllocator@shdfnd@physx@@QEAA@PEBD@Z 0000000180003d00 f i Adjacencies.obj
 0001:00002d10       ??0PxFoundation@physx@@QEAA@AEBV01@@Z 0000000180003d10 f i Adjacencies.obj
 0001:00002d30       ??0PxFoundation@physx@@QEAA@XZ 0000000180003d30 f i Adjacencies.obj
 0001:00002d50       ??1AdjEdge@@QEAA@XZ        0000000180003d50 f i Adjacencies.obj
 0001:00002d60       ??1AdjTriangle@physx@@QEAA@XZ 0000000180003d60 f i Adjacencies.obj
 0001:00002d70       ??1PxFoundation@physx@@MEAA@XZ 0000000180003d70 f i Adjacencies.obj
 0001:00002d90       ??3UserAllocated@shdfnd@physx@@SAXPEAX@Z 0000000180003d90 f i Adjacencies.obj
 0001:00002dc0       ??4Allocator@shdfnd@physx@@QEAAAEAV012@$$QEAV012@@Z 0000000180003dc0 f i Adjacencies.obj
 0001:00002dd0       ??4Allocator@shdfnd@physx@@QEAAAEAV012@AEBV012@@Z 0000000180003dd0 f i Adjacencies.obj
 0001:00002de0       ??4MutexImpl@shdfnd@physx@@QEAAAEAV012@AEBV012@@Z 0000000180003de0 f i Adjacencies.obj
 0001:00002df0       ??4PxFoundation@physx@@QEAAAEAV01@AEBV01@@Z 0000000180003df0 f i Adjacencies.obj
 0001:00002e00       ??_EAdjEdge@@QEAAPEAXI@Z   0000000180003e00 f i Adjacencies.obj
 0001:00002ee0       ??_EAdjTriangle@physx@@QEAAPEAXI@Z 0000000180003ee0 f i Adjacencies.obj
 0001:00002fc0       ??_EPxFoundation@physx@@MEAAPEAXI@Z 0000000180003fc0 f i Adjacencies.obj
 0001:00003060       ??_FAllocator@shdfnd@physx@@QEAAXXZ 0000000180004060 f i Adjacencies.obj
 0001:00003080       ??_FNamedAllocator@shdfnd@physx@@QEAAXXZ 0000000180004080 f i Adjacencies.obj
 0001:000030a0       ??_GPxFoundation@physx@@MEAAPEAXI@Z 00000001800040a0 f i Adjacencies.obj
 0001:000030e0       ??_H@YAXPEAX_K1P6APEAX0@Z@Z 00000001800040e0 f i Adjacencies.obj
 0001:00003160       ??_I@YAXPEAX_K1P6AX0@Z@Z   0000000180004160 f i Adjacencies.obj
 0001:000031f0       ??_VUserAllocated@shdfnd@physx@@SAXPEAX@Z 00000001800041f0 f i Adjacencies.obj
 0001:00003220       ?GetNbHits@RadixSort@Cm@physx@@QEBAIXZ 0000000180004220 f i Adjacencies.obj
 0001:00003230       ?GetNbTotalCalls@RadixSort@Cm@physx@@QEBAIXZ 0000000180004230 f i Adjacencies.obj
 0001:00003240       ?GetRanks@RadixSort@Cm@physx@@QEBAPEBIXZ 0000000180004240 f i Adjacencies.obj
 0001:00003250       ?GetRecyclable@RadixSort@Cm@physx@@QEBAPEAIXZ 0000000180004250 f i Adjacencies.obj
 0001:00003260       ?HasActiveEdge01@AdjTriangle@physx@@QEBAHXZ 0000000180004260 f i Adjacencies.obj
 0001:00003280       ?HasActiveEdge01@EdgeTriangleAC@Gu@physx@@SAHAEBUEdgeTriangleData@23@@Z 0000000180004280 f i Adjacencies.obj
 0001:000032a0       ?HasActiveEdge12@AdjTriangle@physx@@QEBAHXZ 00000001800042a0 f i Adjacencies.obj
 0001:000032c0       ?HasActiveEdge12@EdgeTriangleAC@Gu@physx@@SAHAEBUEdgeTriangleData@23@@Z 00000001800042c0 f i Adjacencies.obj
 0001:000032e0       ?HasActiveEdge20@AdjTriangle@physx@@QEBAHXZ 00000001800042e0 f i Adjacencies.obj
 0001:00003300       ?HasActiveEdge20@EdgeTriangleAC@Gu@physx@@SAHAEBUEdgeTriangleData@23@@Z 0000000180004300 f i Adjacencies.obj
 0001:00003320       ?PxMemZero@physx@@YAPEAXPEAXI@Z 0000000180004320 f i Adjacencies.obj
 0001:00003340       ?__empty_global_delete@@YAXPEAX@Z 0000000180004340 f i Adjacencies.obj
 0001:00003350       ?__empty_global_delete@@YAXPEAX_K@Z 0000000180004350 f i Adjacencies.obj
 0001:00003360       ?allocate@?$ReflectionAllocator@I@shdfnd@physx@@QEAAPEAX_KPEBDH@Z 0000000180004360 f i Adjacencies.obj
 0001:000033e0       ?allocate@?$ReflectionAllocator@VAdjEdge@@@shdfnd@physx@@QEAAPEAX_KPEBDH@Z 00000001800043e0 f i Adjacencies.obj
 0001:00003460       ?allocate@?$ReflectionAllocator@VAdjTriangle@physx@@@shdfnd@physx@@QEAAPEAX_KPEBDH@Z 0000000180004460 f i Adjacencies.obj
 0001:000034e0       ?deallocate@NonTrackingAllocator@shdfnd@physx@@QEAAXPEAX@Z 00000001800044e0 f i Adjacencies.obj
 0001:00003520       ?findEdge@?$TriangleT@I@Gu@physx@@QEBAEII@Z 0000000180004520 f i Adjacencies.obj
 0001:00003680       ?getAllocator@Foundation@shdfnd@physx@@QEAAAEAVPxAllocatorCallback@3@XZ 0000000180004680 f i Adjacencies.obj
 0001:00003690       ?getAllocatorCallback@Foundation@shdfnd@physx@@UEAAAEAVPxAllocatorCallback@3@XZ 0000000180004690 f i Adjacencies.obj
 0001:000036a0       ?getEdgeTriangle@EdgeList@Gu@physx@@QEBAAEBUEdgeTriangleData@23@I@Z 00000001800046a0 f i Adjacencies.obj
 0001:000036c0       ?getErrorCallback@Foundation@shdfnd@physx@@UEAAAEAVPxErrorCallback@3@XZ 00000001800046c0 f i Adjacencies.obj
 0001:000036d0       ?getErrorLevel@Foundation@shdfnd@physx@@UEBA?AW4Enum@PxErrorCode@3@XZ 00000001800046d0 f i Adjacencies.obj
 0001:000036f0       ?getFoundation@shdfnd@physx@@YAAEAVFoundation@12@XZ 00000001800046f0 f i Adjacencies.obj
 0001:00003700       ?getInternalErrorCallback@Foundation@shdfnd@physx@@QEAAAEAVPxErrorCallback@3@XZ 0000000180004700 f i Adjacencies.obj
 0001:00003720       ?getName@?$ReflectionAllocator@I@shdfnd@physx@@CAPEBDXZ 0000000180004720 f i Adjacencies.obj
 0001:00003760       ?getName@?$ReflectionAllocator@VAdjEdge@@@shdfnd@physx@@CAPEBDXZ 0000000180004760 f i Adjacencies.obj
 0001:000037a0       ?getName@?$ReflectionAllocator@VAdjTriangle@physx@@@shdfnd@physx@@CAPEBDXZ 00000001800047a0 f i Adjacencies.obj
 0001:000037e0       ?getNamedAllocMap@Foundation@shdfnd@physx@@QEAAAEAV?$HashMap@PEBVNamedAllocator@shdfnd@physx@@PEBDU?$Hash@PEBVNamedAllocator@shdfnd@physx@@@23@VNonTrackingAllocator@23@@23@XZ 00000001800047e0 f i Adjacencies.obj
 0001:00003800       ?getNamedAllocMutex@Foundation@shdfnd@physx@@QEAAAEAV?$MutexT@VAllocator@shdfnd@physx@@@23@XZ 0000000180004800 f i Adjacencies.obj
 0001:00003820       ?getReportAllocationNames@Foundation@shdfnd@physx@@UEBA_NXZ 0000000180004820 f i Adjacencies.obj
 0001:00003840       ?getTempAllocFreeTable@Foundation@shdfnd@physx@@QEAAAEAV?$Array@PEATTempAllocatorChunk@shdfnd@physx@@VAllocator@23@@23@XZ 0000000180004840 f i Adjacencies.obj
 0001:00003860       ?getTempAllocMutex@Foundation@shdfnd@physx@@QEAAAEAV?$MutexT@VAllocator@shdfnd@physx@@@23@XZ 0000000180004860 f i Adjacencies.obj
 0001:00003880       ?invalidateRanks@RadixSort@Cm@physx@@QEAAXXZ 0000000180004880 f i Adjacencies.obj
 0001:000038a0       ?memZero@intrinsics@physx@@YAPEAXPEAXI@Z 00000001800048a0 f i Adjacencies.obj
 0001:000038d0       ?name@type_info@@QEBAPEBDXZ 00000001800048d0 f i Adjacencies.obj
 0001:00003900       ?setErrorLevel@Foundation@shdfnd@physx@@UEAAXW4Enum@PxErrorCode@3@@Z 0000000180004900 f i Adjacencies.obj
 0001:00003920       ?setReportAllocationNames@Foundation@shdfnd@physx@@UEAAX_N@Z 0000000180004920 f i Adjacencies.obj
 0001:00003940       PxCreateCooking            0000000180004940 f   Cooking.obj
 0001:00003a30       ?release@Cooking@physx@@UEAAXXZ 0000000180004a30 f   Cooking.obj
 0001:00003a90       ?setParams@Cooking@physx@@UEAAXAEBUPxCookingParams@2@@Z 0000000180004a90 f   Cooking.obj
 0001:00003ac0       ?getParams@Cooking@physx@@UEBAAEBUPxCookingParams@2@XZ 0000000180004ac0 f   Cooking.obj
 0001:00003ae0       ?platformMismatch@Cooking@physx@@UEBA_NXZ 0000000180004ae0 f   Cooking.obj
 0001:00003b30       ?cookTriangleMesh@Cooking@physx@@UEBA_NAEBVPxTriangleMeshDesc@2@AEAVPxOutputStream@2@PEAW4Enum@PxTriangleMeshCookingResult@2@@Z 0000000180004b30 f   Cooking.obj
 0001:00003c40       ?createTriangleMesh@Cooking@physx@@UEBAPEAVPxTriangleMesh@2@AEBVPxTriangleMeshDesc@2@AEAVPxPhysicsInsertionCallback@2@PEAW4Enum@PxTriangleMeshCookingResult@2@@Z 0000000180004c40 f   Cooking.obj
 0001:00003d50       ?validateTriangleMesh@Cooking@physx@@UEBA_NAEBVPxTriangleMeshDesc@2@@Z 0000000180004d50 f   Cooking.obj
 0001:00003e20       ?cookConvexMesh@Cooking@physx@@UEBA_NAEBVPxConvexMeshDesc@2@AEAVPxOutputStream@2@PEAW4Enum@PxConvexMeshCookingResult@2@@Z 0000000180004e20 f   Cooking.obj
 0001:00004180       ?createConvexMesh@Cooking@physx@@UEBAPEAVPxConvexMesh@2@AEBVPxConvexMeshDesc@2@AEAVPxPhysicsInsertionCallback@2@PEAW4Enum@PxConvexMeshCookingResult@2@@Z 0000000180005180 f   Cooking.obj
 0001:000045d0       ?validateConvexMesh@Cooking@physx@@UEBA_NAEBVPxConvexMeshDesc@2@@Z 00000001800055d0 f   Cooking.obj
 0001:00004650       ?computeHullPolygons@Cooking@physx@@UEBA_NAEBVPxSimpleTriangleMesh@2@AEAVPxAllocatorCallback@2@AEAIAEAPEAVPxVec3@2@2AEAPEAI2AEAPEAUPxHullPolygon@2@@Z 0000000180005650 f   Cooking.obj
 0001:00004920       ?cookHeightField@Cooking@physx@@UEBA_NAEBVPxHeightFieldDesc@2@AEAVPxOutputStream@2@@Z 0000000180005920 f   Cooking.obj
 0001:00004a80       ?createHeightField@Cooking@physx@@UEBAPEAVPxHeightField@2@AEBVPxHeightFieldDesc@2@AEAVPxPhysicsInsertionCallback@2@@Z 0000000180005a80 f   Cooking.obj
 0001:00004da0       ?cookBVHStructure@Cooking@physx@@UEBA_NAEBVPxBVHStructureDesc@2@AEAVPxOutputStream@2@@Z 0000000180005da0 f   Cooking.obj
 0001:00004ec0       ?createBVHStructure@Cooking@physx@@UEBAPEAVPxBVHStructure@2@AEBVPxBVHStructureDesc@2@AEAVPxPhysicsInsertionCallback@2@@Z 0000000180005ec0 f   Cooking.obj
 0001:00004ff0       ?cookConvexMeshInternal@Cooking@physx@@AEBA_NAEBVPxConvexMeshDesc@2@AEAVConvexMeshBuilder@2@PEAVConvexHullLib@2@PEAW4Enum@PxConvexMeshCookingResult@2@@Z 0000000180005ff0 f   Cooking.obj
 0001:00005310       ?cookTriangleMesh@Cooking@physx@@AEBA_NAEAVTriangleMeshBuilder@2@AEBVPxTriangleMeshDesc@2@AEAVPxOutputStream@2@PEAW4Enum@PxTriangleMeshCookingResult@2@@Z 0000000180006310 f   Cooking.obj
 0001:000053f0       ?createTriangleMesh@Cooking@physx@@AEBAPEAVPxTriangleMesh@2@AEAVTriangleMeshBuilder@2@AEBVPxTriangleMeshDesc@2@AEAVPxPhysicsInsertionCallback@2@PEAW4Enum@PxTriangleMeshCookingResult@2@@Z 00000001800063f0 f   Cooking.obj
 0001:000055c0       ??$?2V?$ReflectionAllocator@VCooking@physx@@@shdfnd@physx@@@UserAllocated@shdfnd@physx@@SAPEAX_KV?$ReflectionAllocator@VCooking@physx@@@12@PEBDH@Z 00000001800065c0 f i Cooking.obj
 0001:00005600       ??$?2V?$ReflectionAllocator@VQuickHullConvexHullLib@physx@@@shdfnd@physx@@@UserAllocated@shdfnd@physx@@SAPEAX_KV?$ReflectionAllocator@VQuickHullConvexHullLib@physx@@@12@PEBDH@Z 0000000180006600 f i Cooking.obj
 0001:00005640       ??$PX_UNUSED@VPxFoundation@physx@@@@YAXAEBVPxFoundation@physx@@@Z 0000000180006640 f i Cooking.obj
 0001:00005650       ??$PX_UNUSED@W4PxIDENTITY@physx@@@@YAXAEBW4PxIDENTITY@physx@@@Z 0000000180006650 f i Cooking.obj
 0001:00005660       ??$PxMax@I@physx@@YAIII@Z  0000000180006660 f i Cooking.obj
 0001:00005690       ??$PxMin@G@physx@@YAGGG@Z  0000000180006690 f i Cooking.obj
 0001:000056d0       ??0?$PxBitAndDataT@G$0IAAA@@physx@@QEAA@W4PxEMPTY@1@@Z 00000001800066d0 f i Cooking.obj
 0001:000056e0       ??0?$PxBitAndDataT@G$0IAAA@@physx@@QEAA@XZ 00000001800066e0 f i Cooking.obj
 0001:00005700       ??0?$PxBitAndDataT@I$0IAAAAAAA@@physx@@QEAA@I_N@Z 0000000180006700 f i Cooking.obj
 0001:00005750       ??0?$PxBitAndDataT@I$0IAAAAAAA@@physx@@QEAA@W4PxEMPTY@1@@Z 0000000180006750 f i Cooking.obj
 0001:00005760       ??0?$PxFlags@W4Enum@PxBaseFlag@physx@@G@physx@@QEAA@AEBV01@@Z 0000000180006760 f i Cooking.obj
 0001:00005780       ??0?$PxFlags@W4Enum@PxConvexFlag@physx@@G@physx@@QEAA@AEBV01@@Z 0000000180006780 f i Cooking.obj
 0001:000057a0       ??0?$PxFlags@W4Enum@PxConvexFlag@physx@@G@physx@@QEAA@W4Enum@PxConvexFlag@1@@Z 00000001800067a0 f i Cooking.obj
 0001:000057c0       ??0?$PxFlags@W4Enum@PxConvexFlag@physx@@G@physx@@QEAA@XZ 00000001800067c0 f i Cooking.obj
 0001:000057e0       ??0?$PxFlags@W4Enum@PxHeightFieldFlag@physx@@G@physx@@QEAA@AEBV01@@Z 00000001800067e0 f i Cooking.obj
 0001:00005800       ??0?$PxFlags@W4Enum@PxHeightFieldFlag@physx@@G@physx@@QEAA@W4PxEMPTY@1@@Z 0000000180006800 f i Cooking.obj
 0001:00005810       ??0?$PxFlags@W4Enum@PxHeightFieldFlag@physx@@G@physx@@QEAA@XZ 0000000180006810 f i Cooking.obj
 0001:00005830       ??0?$PxFlags@W4Enum@PxMeshFlag@physx@@G@physx@@QEAA@AEBV01@@Z 0000000180006830 f i Cooking.obj
 0001:00005850       ??0?$PxFlags@W4Enum@PxMeshPreprocessingFlag@physx@@I@physx@@QEAA@AEBV01@@Z 0000000180006850 f i Cooking.obj
 0001:00005870       ??0?$ReflectionAllocator@VCooking@physx@@@shdfnd@physx@@QEAA@PEBD@Z 0000000180006870 f i Cooking.obj
 0001:00005880       ??0?$ReflectionAllocator@VHeightField@Gu@physx@@@shdfnd@physx@@QEAA@PEBD@Z 0000000180006880 f i Cooking.obj
 0001:00005890       ??0?$ReflectionAllocator@VQuickHullConvexHullLib@physx@@@shdfnd@physx@@QEAA@PEBD@Z 0000000180006890 f i Cooking.obj
 0001:000058a0       ??0CenterExtents@Gu@physx@@QEAA@AEBV012@@Z 00000001800068a0 f i Cooking.obj
 0001:000058f0       ??0CenterExtents@Gu@physx@@QEAA@XZ 00000001800068f0 f i Cooking.obj
 0001:00005930       ??0ConvexHullData@Gu@physx@@QEAA@W4PxEMPTY@2@@Z 0000000180006930 f i Cooking.obj
 0001:00005980       ??0ConvexHullData@Gu@physx@@QEAA@XZ 0000000180006980 f i Cooking.obj
 0001:000059d0       ??0ConvexMesh@Gu@physx@@QEAA@V?$PxFlags@W4Enum@PxBaseFlag@physx@@G@2@@Z 00000001800069d0 f i Cooking.obj
 0001:00005a90       ??0Cooking@physx@@QEAA@AEBUPxCookingParams@1@@Z 0000000180006a90 f i Cooking.obj
 0001:00005ae0       ??0DebugText@Cm@physx@@QEAA@$$QEAU012@@Z 0000000180006ae0 f i Cooking.obj
 0001:00005b50       ??0DebugText@Cm@physx@@QEAA@AEBU012@@Z 0000000180006b50 f i Cooking.obj
 0001:00005bc0       ??0HeightFieldData@Gu@physx@@QEAA@$$QEAU012@@Z 0000000180006bc0 f i Cooking.obj
 0001:00005ca0       ??0HeightFieldData@Gu@physx@@QEAA@AEBU012@@Z 0000000180006ca0 f i Cooking.obj
 0001:00005d80       ??0HeightFieldData@Gu@physx@@QEAA@W4PxEMPTY@2@@Z 0000000180006d80 f i Cooking.obj
 0001:00005dc0       ??0HeightFieldData@Gu@physx@@QEAA@XZ 0000000180006dc0 f i Cooking.obj
 0001:00005e00       ??0PxBase@physx@@IEAA@V?$PxFlags@W4Enum@PxBaseFlag@physx@@G@1@@Z 0000000180006e00 f i Cooking.obj
 0001:00005e40       ??0PxConvexMesh@physx@@IEAA@V?$PxFlags@W4Enum@PxBaseFlag@physx@@G@1@@Z 0000000180006e40 f i Cooking.obj
 0001:00005e90       ??0PxConvexMeshDesc@physx@@QEAA@AEBV01@@Z 0000000180006e90 f i Cooking.obj
 0001:00005f30       ??0PxCooking@physx@@QEAA@XZ 0000000180006f30 f i Cooking.obj
 0001:00005f50       ??0PxCookingParams@physx@@QEAA@AEBU01@@Z 0000000180006f50 f i Cooking.obj
 0001:00006040       ??0PxDebugLine@physx@@QEAA@AEBU01@@Z 0000000180007040 f i Cooking.obj
 0001:000060b0       ??0PxMat33@physx@@QEAA@XZ  00000001800070b0 f i Cooking.obj
 0001:00006100       ??0PxMat44@physx@@QEAA@AEBV01@@Z 0000000180007100 f i Cooking.obj
 0001:00006180       ??0PxMat44@physx@@QEAA@W4PxIDENTITY@1@@Z 0000000180007180 f i Cooking.obj
 0001:00006240       ??0PxVec3@physx@@QEAA@AEBV01@@Z 0000000180007240 f i Cooking.obj
 0001:00006290       ??0PxVec3@physx@@QEAA@M@Z  0000000180007290 f i Cooking.obj
 0001:000062d0       ??0PxVec3@physx@@QEAA@MMM@Z 00000001800072d0 f i Cooking.obj
 0001:00006320       ??0PxVec3@physx@@QEAA@XZ   0000000180007320 f i Cooking.obj
 0001:00006330       ??0PxVec4@physx@@QEAA@AEBV01@@Z 0000000180007330 f i Cooking.obj
 0001:00006390       ??0PxVec4@physx@@QEAA@MMMM@Z 0000000180007390 f i Cooking.obj
 0001:000063f0       ??0RefCountable@Cm@physx@@QEAA@W4PxEMPTY@2@@Z 00000001800073f0 f i Cooking.obj
 0001:00006470       ??0RenderOutput@Cm@physx@@QEAA@AEAVRenderBuffer@12@@Z 0000000180007470 f i Cooking.obj
 0001:00006500       ??0RenderOutput@Cm@physx@@QEAA@AEBV012@@Z 0000000180007500 f i Cooking.obj
 0001:000065b0       ??1CenterExtents@Gu@physx@@QEAA@XZ 00000001800075b0 f i Cooking.obj
 0001:000065c0       ??1ConvexHullData@Gu@physx@@QEAA@XZ 00000001800075c0 f i Cooking.obj
 0001:000065e0       ??1Cooking@physx@@UEAA@XZ  00000001800075e0 f i Cooking.obj
 0001:00006600       ??1HeightFieldData@Gu@physx@@QEAA@XZ 0000000180007600 f i Cooking.obj
 0001:00006620       ??1PxBase@physx@@MEAA@XZ   0000000180007620 f i Cooking.obj
 0001:00006640       ??1PxConvexMesh@physx@@MEAA@XZ 0000000180007640 f i Cooking.obj
 0001:00006670       ??1PxCooking@physx@@MEAA@XZ 0000000180007670 f i Cooking.obj
 0001:00006690       ??1PxHeightField@physx@@MEAA@XZ 0000000180007690 f i Cooking.obj
 0001:000066c0       ??1RefCountable@Cm@physx@@UEAA@XZ 00000001800076c0 f i Cooking.obj
 0001:000066e0       ??2@YAPEAX_KPEAX@Z         00000001800076e0 f i Cooking.obj
 0001:000066f0       ??2UserAllocated@shdfnd@physx@@SAPEAX_KPEAX@Z 00000001800076f0 f i Cooking.obj
 0001:00006700       ??4?$PxFlags@W4Enum@PxHeightFieldFlag@physx@@G@physx@@QEAAAEAV01@AEBV01@@Z 0000000180007700 f i Cooking.obj
 0001:00006720       ??4?$PxFlags@W4Enum@PxMeshPreprocessingFlag@physx@@I@physx@@QEAAAEAV01@AEBV01@@Z 0000000180007720 f i Cooking.obj
 0001:00006740       ??4CenterExtents@Gu@physx@@QEAAAEAV012@AEBV012@@Z 0000000180007740 f i Cooking.obj
 0001:00006790       ??4DebugText@Cm@physx@@QEAAAEAU012@$$QEAU012@@Z 0000000180007790 f i Cooking.obj
 0001:00006830       ??4DebugText@Cm@physx@@QEAAAEAU012@AEBU012@@Z 0000000180007830 f i Cooking.obj
 0001:000068d0       ??4FPUGuard@shdfnd@physx@@QEAAAEAV012@AEBV012@@Z 00000001800078d0 f i Cooking.obj
 0001:00006900       ??4HeightFieldData@Gu@physx@@QEAAAEAU012@$$QEAU012@@Z 0000000180007900 f i Cooking.obj
 0001:000069e0       ??4HeightFieldData@Gu@physx@@QEAAAEAU012@AEBU012@@Z 00000001800079e0 f i Cooking.obj
 0001:00006ac0       ??4PxCookingParams@physx@@QEAAAEAU01@AEBU01@@Z 0000000180007ac0 f i Cooking.obj
 0001:00006bb0       ??4PxMat33@physx@@QEAAAEAV01@AEBV01@@Z 0000000180007bb0 f i Cooking.obj
 0001:00006c10       ??4PxVec3@physx@@QEAAAEAV01@AEBV01@@Z 0000000180007c10 f i Cooking.obj
 0001:00006c60       ??9?$PxFlags@W4Enum@PxHeightFieldFlag@physx@@G@physx@@QEBA_NAEBV01@@Z 0000000180007c60 f i Cooking.obj
 0001:00006ca0       ??B?$PxBitAndDataT@E$0IA@@physx@@QEBAEXZ 0000000180007ca0 f i Cooking.obj
 0001:00006cc0       ??B?$PxBitAndDataT@G$0IAAA@@physx@@QEBAGXZ 0000000180007cc0 f i Cooking.obj
 0001:00006ce0       ??B?$PxFlags@W4Enum@PxBaseFlag@physx@@G@physx@@QEBA_NXZ 0000000180007ce0 f i Cooking.obj
 0001:00006d10       ??B?$PxFlags@W4Enum@PxConvexFlag@physx@@G@physx@@QEBA_NXZ 0000000180007d10 f i Cooking.obj
 0001:00006d40       ??B?$PxFlags@W4Enum@PxMeshFlag@physx@@G@physx@@QEBA_NXZ 0000000180007d40 f i Cooking.obj
 0001:00006d70       ??B?$PxFlags@W4Enum@PxMeshPreprocessingFlag@physx@@I@physx@@QEBA_NXZ 0000000180007d70 f i Cooking.obj
 0001:00006da0       ??I?$PxFlags@W4Enum@PxBaseFlag@physx@@G@physx@@QEBA?AV01@W4Enum@PxBaseFlag@1@@Z 0000000180007da0 f i Cooking.obj
 0001:00006df0       ??I?$PxFlags@W4Enum@PxConvexFlag@physx@@G@physx@@QEBA?AV01@W4Enum@PxConvexFlag@1@@Z 0000000180007df0 f i Cooking.obj
 0001:00006e40       ??I?$PxFlags@W4Enum@PxHeightFieldFlag@physx@@G@physx@@QEBA?AV01@W4Enum@PxHeightFieldFlag@1@@Z 0000000180007e40 f i Cooking.obj
 0001:00006e90       ??I?$PxFlags@W4Enum@PxMeshFlag@physx@@G@physx@@QEBA?AV01@W4Enum@PxMeshFlag@1@@Z 0000000180007e90 f i Cooking.obj
 0001:00006ee0       ??I?$PxFlags@W4Enum@PxMeshPreprocessingFlag@physx@@I@physx@@QEBA?AV01@W4Enum@PxMeshPreprocessingFlag@1@@Z 0000000180007ee0 f i Cooking.obj
 0001:00006f30       ??S?$PxFlags@W4Enum@PxConvexFlag@physx@@G@physx@@QEBA?AV01@XZ 0000000180007f30 f i Cooking.obj
 0001:00006f70       ??Sphysx@@YA?AV?$PxFlags@W4Enum@PxConvexFlag@physx@@G@0@W4Enum@PxConvexFlag@0@@Z 0000000180007f70 f i Cooking.obj
 0001:00006fb0       ??_4?$PxFlags@W4Enum@PxConvexFlag@physx@@G@physx@@QEAAAEAV01@AEBV01@@Z 0000000180007fb0 f i Cooking.obj
 0001:00006fe0       ??_EConvexMesh@Gu@physx@@UEAAPEAXI@Z 0000000180007fe0 f i Cooking.obj
 0001:000070b8       ??_EConvexMesh@Gu@physx@@WBA@EAAPEAXI@Z 00000001800080b8 f i Cooking.obj
 0001:000070d0       ??_EPxConvexMesh@physx@@MEAAPEAXI@Z 00000001800080d0 f i Cooking.obj
 0001:00007170       ??_EPxHeightField@physx@@MEAAPEAXI@Z 0000000180008170 f i Cooking.obj
 0001:00007210       ??_GCooking@physx@@UEAAPEAXI@Z 0000000180008210 f i Cooking.obj
 0001:00007210       ??_ECooking@physx@@UEAAPEAXI@Z 0000000180008210 f i Cooking.obj
 0001:00007270       ??_EPxBase@physx@@MEAAPEAXI@Z 0000000180008270 f i Cooking.obj
 0001:00007270       ??_GPxBase@physx@@MEAAPEAXI@Z 0000000180008270 f i Cooking.obj
 0001:000072b0       ??_GPxCooking@physx@@MEAAPEAXI@Z 00000001800082b0 f i Cooking.obj
 0001:000072b0       ??_EPxCooking@physx@@MEAAPEAXI@Z 00000001800082b0 f i Cooking.obj
 0001:000072f0       ??_ERefCountable@Cm@physx@@UEAAPEAXI@Z 00000001800082f0 f i Cooking.obj
 0001:000072f0       ??_GRefCountable@Cm@physx@@UEAAPEAXI@Z 00000001800082f0 f i Cooking.obj
 0001:00007330       ?FLoad@aos@shdfnd@physx@@YA?AT__m128@@M@Z 0000000180008330 f i Cooking.obj
 0001:00007360       ?PxMemCopy@physx@@YAPEAXPEAXPEBXI@Z 0000000180008360 f i Cooking.obj
 0001:00007390       ?V3Load@aos@shdfnd@physx@@YA?AT__m128@@M@Z 0000000180008390 f i Cooking.obj
 0001:000073d0       ?V4Load@aos@shdfnd@physx@@YA?AT__m128@@M@Z 00000001800083d0 f i Cooking.obj
 0001:00007400       ?allocate@?$Array@UPxDebugLine@physx@@VNamedAllocator@shdfnd@2@@shdfnd@physx@@IEAAPEAUPxDebugLine@3@I@Z 0000000180008400 f i Cooking.obj
 0001:00007490       ?allocate@?$ReflectionAllocator@VCooking@physx@@@shdfnd@physx@@QEAAPEAX_KPEBDH@Z 0000000180008490 f i Cooking.obj
 0001:00007510       ?allocate@?$ReflectionAllocator@VHeightField@Gu@physx@@@shdfnd@physx@@QEAAPEAX_KPEBDH@Z 0000000180008510 f i Cooking.obj
 0001:00007590       ?allocate@?$ReflectionAllocator@VQuickHullConvexHullLib@physx@@@shdfnd@physx@@QEAAPEAX_KPEBDH@Z 0000000180008590 f i Cooking.obj
 0001:00007610       ?capacity@?$Array@UPxDebugLine@physx@@VNamedAllocator@shdfnd@2@@shdfnd@physx@@QEBAIXZ 0000000180008610 f i Cooking.obj
 0001:00007630       ?copy@?$Array@UPxDebugLine@physx@@VNamedAllocator@shdfnd@2@@shdfnd@physx@@KAXPEAUPxDebugLine@3@0PEBU43@@Z 0000000180008630 f i Cooking.obj
 0001:000076c0       ?deallocate@?$Array@UPxDebugLine@physx@@VNamedAllocator@shdfnd@2@@shdfnd@physx@@IEAAXPEAX@Z 00000001800086c0 f i Cooking.obj
 0001:000076f0       ?destroy@?$Array@UPxDebugLine@physx@@VNamedAllocator@shdfnd@2@@shdfnd@physx@@KAXPEAUPxDebugLine@3@0@Z 00000001800086f0 f i Cooking.obj
 0001:00007720       ?end@?$Array@UPxDebugLine@physx@@VNamedAllocator@shdfnd@2@@shdfnd@physx@@QEAAPEAUPxDebugLine@3@XZ 0000000180008720 f i Cooking.obj
 0001:00007740       ?forceSize_Unsafe@?$Array@UPxDebugLine@physx@@VNamedAllocator@shdfnd@2@@shdfnd@physx@@QEAAXI@Z 0000000180008740 f i Cooking.obj
 0001:000077c0       ?fsel@intrinsics@physx@@YAMMMM@Z 00000001800087c0 f i Cooking.obj
 0001:00007810       ?gatherStrided@Cooking@physx@@SAXPEBXPEAXIII@Z 0000000180008810 f i Cooking.obj
 0001:000078a0       ?getBigConvexData@ConvexMeshBuilder@physx@@QEBAPEAVBigConvexData@2@XZ 00000001800088a0 f i Cooking.obj
 0001:000078c0       ?getConcreteTypeName@PxConvexMesh@physx@@UEBAPEBDXZ 00000001800088c0 f i Cooking.obj
 0001:000078d0       ?getConcreteTypeName@PxHeightField@physx@@UEBAPEBDXZ 00000001800088d0 f i Cooking.obj
 0001:000078e0       ?getConvexEdgeThreshold@HeightField@Gu@physx@@UEBAMXZ 00000001800088e0 f i Cooking.obj
 0001:000078f0       ?getFlags@HeightField@Gu@physx@@UEBA?AV?$PxFlags@W4Enum@PxHeightFieldFlag@physx@@G@3@XZ 00000001800088f0 f i Cooking.obj
 0001:00007920       ?getFormat@HeightField@Gu@physx@@UEBA?AW4Enum@PxHeightFieldFormat@3@XZ 0000000180008920 f i Cooking.obj
 0001:00007930       ?getHeight@HeightField@Gu@physx@@QEBAMI@Z 0000000180008930 f i Cooking.obj
 0001:00007960       ?getHeight@HeightField@Gu@physx@@UEBAMMM@Z 0000000180008960 f i Cooking.obj
 0001:00007990       ?getHeightInternal2@HeightField@Gu@physx@@QEBAMIMM@Z 0000000180008990 f i Cooking.obj
 0001:00007c00       ?getHeightInternal@HeightField@Gu@physx@@QEBAMMM@Z 0000000180008c00 f i Cooking.obj
 0001:00007c60       ?getHullVertices@ConvexHullData@Gu@physx@@QEBAPEBVPxVec3@3@XZ 0000000180008c60 f i Cooking.obj
 0001:00007ca0       ?getIndexBuffer@ConvexMesh@Gu@physx@@UEBAPEBEXZ 0000000180008ca0 f i Cooking.obj
 0001:00007cc0       ?getInertia@ConvexMeshBuilder@physx@@QEBAAEBVPxMat33@2@XZ 0000000180008cc0 f i Cooking.obj
 0001:00007ce0       ?getMass@ConvexMeshBuilder@physx@@QEBAMXZ 0000000180008ce0 f i Cooking.obj
 0001:00007d00       ?getMaterialIndex0@HeightField@Gu@physx@@QEBAGI@Z 0000000180008d00 f i Cooking.obj
 0001:00007d30       ?getMaterialIndex1@HeightField@Gu@physx@@QEBAGI@Z 0000000180008d30 f i Cooking.obj
 0001:00007d60       ?getMeshData@TriangleMeshBuilder@physx@@QEAAAEAVTriangleMeshData@Gu@2@XZ 0000000180008d60 f i Cooking.obj
 0001:00007d70       ?getName@?$ReflectionAllocator@VCooking@physx@@@shdfnd@physx@@CAPEBDXZ 0000000180008d70 f i Cooking.obj
 0001:00007db0       ?getName@?$ReflectionAllocator@VHeightField@Gu@physx@@@shdfnd@physx@@CAPEBDXZ 0000000180008db0 f i Cooking.obj
 0001:00007df0       ?getName@?$ReflectionAllocator@VQuickHullConvexHullLib@physx@@@shdfnd@physx@@CAPEBDXZ 0000000180008df0 f i Cooking.obj
 0001:00007e30       ?getNbColumns@HeightField@Gu@physx@@UEBAIXZ 0000000180008e30 f i Cooking.obj
 0001:00007e40       ?getNbColumnsFast@HeightField@Gu@physx@@QEBAIXZ 0000000180008e40 f i Cooking.obj
 0001:00007e50       ?getNbPolygons@ConvexMesh@Gu@physx@@UEBAIXZ 0000000180008e50 f i Cooking.obj
 0001:00007e60       ?getNbRows@HeightField@Gu@physx@@UEBAIXZ 0000000180008e60 f i Cooking.obj
 0001:00007e70       ?getNbVertices@ConvexMesh@Gu@physx@@UEBAIXZ 0000000180008e70 f i Cooking.obj
 0001:00007e80       ?getPaddedBounds@HeightFieldData@Gu@physx@@QEBAAEBVCenterExtentsPadded@23@XZ 0000000180008e80 f i Cooking.obj
 0001:00007e90       ?getSample@HeightField@Gu@physx@@QEBAAEBUPxHeightFieldSample@3@I@Z 0000000180008e90 f i Cooking.obj
 0001:00007f10       ?getSample@HeightField@Gu@physx@@UEBAAEBUPxHeightFieldSample@3@II@Z 0000000180008f10 f i Cooking.obj
 0001:00007f50       ?getSampleStride@HeightField@Gu@physx@@UEBAIXZ 0000000180008f50 f i Cooking.obj
 0001:00007f60       ?getTimestamp@HeightField@Gu@physx@@UEBAIXZ 0000000180008f60 f i Cooking.obj
 0001:00007f70       ?getTriangleMaterial@HeightField@Gu@physx@@QEBAGI@Z 0000000180008f70 f i Cooking.obj
 0001:00007fd0       ?getTriangleMaterialIndex@HeightField@Gu@physx@@UEBAGI@Z 0000000180008fd0 f i Cooking.obj
 0001:00007ff0       ?getTriangleNormal@HeightField@Gu@physx@@UEBA?AVPxVec3@3@I@Z 0000000180008ff0 f i Cooking.obj
 0001:00008030       ?getTriangleNormalInternal@HeightField@Gu@physx@@QEBA?AVPxVec3@3@I@Z 0000000180009030 f i Cooking.obj
 0001:00008290       ?getTriangleVertexIndices@HeightField@Gu@physx@@QEBAXIAEAI00@Z 0000000180009290 f i Cooking.obj
 0001:000083e0       ?getType@PxMidphaseDesc@physx@@QEBA?AW4Enum@PxMeshMidPhase@2@XZ 00000001800093e0 f i Cooking.obj
 0001:000083f0       ?getVertexData8@ConvexHullData@Gu@physx@@QEBAPEBEXZ 00000001800093f0 f i Cooking.obj
 0001:000084d0       ?getVertices@ConvexMesh@Gu@physx@@UEBAPEBVPxVec3@3@XZ 00000001800094d0 f i Cooking.obj
 0001:000084f0       ?grow@?$Array@UPxDebugLine@physx@@VNamedAllocator@shdfnd@2@@shdfnd@physx@@IEAAXI@Z 00000001800094f0 f i Cooking.obj
 0001:00008570       ?isBitSet@?$PxBitAndDataT@E$0IA@@physx@@QEBAEXZ 0000000180009570 f i Cooking.obj
 0001:00008590       ?isBitSet@?$PxBitAndDataT@G$0IAAA@@physx@@QEBAGXZ 0000000180009590 f i Cooking.obj
 0001:000085b0       ?isFirstTriangle@HeightField@Gu@physx@@QEBA_NI@Z 00000001800095b0 f i Cooking.obj
 0001:000085f0       ?isInUserMemory@?$Array@UPxDebugLine@physx@@VNamedAllocator@shdfnd@2@@shdfnd@physx@@QEBAIXZ 00000001800095f0 f i Cooking.obj
 0001:00008610       ?isKindOf@PxBase@physx@@MEBA_NPEBD@Z 0000000180009610 f i Cooking.obj
 0001:00008650       ?isKindOf@PxConvexMesh@physx@@MEBA_NPEBD@Z 0000000180009650 f i Cooking.obj
 0001:000086b0       ?isKindOf@PxHeightField@physx@@MEBA_NPEBD@Z 00000001800096b0 f i Cooking.obj
 0001:00008710       ?isReleasable@PxBase@physx@@UEBA_NXZ 0000000180009710 f i Cooking.obj
 0001:00008750       ?isValid@PxBVHStructureDesc@physx@@QEBA_NXZ 0000000180009750 f i Cooking.obj
 0001:00008790       ?isValid@PxConvexMeshDesc@physx@@QEBA_NXZ 0000000180009790 f i Cooking.obj
 0001:000089a0       ?isValid@PxHeightFieldDesc@physx@@QEBA_NXZ 00000001800099a0 f i Cooking.obj
 0001:00008a50       ?isValid@PxSimpleTriangleMesh@physx@@QEBA_NXZ 0000000180009a50 f i Cooking.obj
 0001:00008b30       ?isValid@PxTriangleMeshDesc@physx@@QEBA_NXZ 0000000180009b30 f i Cooking.obj
 0001:00008ba0       ?isValidVertex@HeightField@Gu@physx@@QEBA_NI@Z 0000000180009ba0 f i Cooking.obj
 0001:00008be0       ?isZerothVertexShared@HeightField@Gu@physx@@QEBA_NI@Z 0000000180009be0 f i Cooking.obj
 0001:00008c30       ?littleEndian@shdfnd@physx@@YADXZ 0000000180009c30 f i Cooking.obj
 0001:00008c50       ?markSerializedMem@Cm@physx@@YAXPEAXI@Z 0000000180009c50 f i Cooking.obj
 0001:00008c90       ?memCopy@intrinsics@physx@@YAPEAXPEAXPEBXI@Z 0000000180009c90 f i Cooking.obj
 0001:00008cc0       ?onRefCountZero@RefCountable@Cm@physx@@UEAAXXZ 0000000180009cc0 f i Cooking.obj
 0001:00008d10       ?outputSegment@RenderOutput@Cm@physx@@QEAAXAEBVPxVec3@3@0@Z 0000000180009d10 f i Cooking.obj
 0001:00008d90       ?preExportDataReset@ConvexMesh@Gu@physx@@QEAAXXZ 0000000180009d90 f i Cooking.obj
 0001:00008db0       ?preExportDataReset@HeightField@Gu@physx@@QEAAXXZ 0000000180009db0 f i Cooking.obj
 0001:00008dd0       ?preExportDataReset@RefCountable@Cm@physx@@QEAAXXZ 0000000180009dd0 f i Cooking.obj
 0001:00008df0       ?recreate@?$Array@UPxDebugLine@physx@@VNamedAllocator@shdfnd@2@@shdfnd@physx@@IEAAXI@Z 0000000180009df0 f i Cooking.obj
 0001:00008f10       ?requiresObjects@ConvexMesh@Gu@physx@@UEAAXAEAVPxProcessPxBaseCallback@3@@Z 0000000180009f10 f i Cooking.obj
 0001:00008f20       ?reserve@?$Array@UPxDebugLine@physx@@VNamedAllocator@shdfnd@2@@shdfnd@physx@@QEAAXI@Z 0000000180009f20 f i Cooking.obj
 0001:00008f50       ?reserveSegments@RenderOutput@Cm@physx@@QEAAPEAUPxDebugLine@3@I@Z 0000000180009f50 f i Cooking.obj
 0001:00008f80       ?setBigConvexData@ConvexMesh@Gu@physx@@QEAAXPEAVBigConvexData@3@@Z 0000000180009f80 f i Cooking.obj
 0001:00008fa0       ?setBigConvexData@ConvexMeshBuilder@physx@@QEAAXPEAVBigConvexData@2@@Z 0000000180009fa0 f i Cooking.obj
 0001:00008fc0       ?setBit@?$PxBitAndDataT@I$0IAAAAAAA@@physx@@QEAAXXZ 0000000180009fc0 f i Cooking.obj
 0001:00008fe0       ?setInertia@ConvexMesh@Gu@physx@@QEAAXAEBVPxMat33@3@@Z 0000000180009fe0 f i Cooking.obj
 0001:00009010       ?setMass@ConvexMesh@Gu@physx@@QEAAXM@Z 000000018000a010 f i Cooking.obj
 0001:00009030       ?setNb@ConvexMesh@Gu@physx@@QEAAXI@Z 000000018000a030 f i Cooking.obj
 0001:00009060       ?size@?$Array@UPxDebugLine@physx@@VNamedAllocator@shdfnd@2@@shdfnd@physx@@QEBAIXZ 000000018000a060 f i Cooking.obj
 0001:00009070       ?tessFlag@PxHeightFieldSample@physx@@QEBAEXZ 000000018000a070 f i Cooking.obj
 0001:000090b0       ??0ReducedVertexCloud@physx@@QEAA@PEBVPxVec3@1@I@Z 000000018000a0b0 f   CookingUtils.obj
 0001:00009110       ??1ReducedVertexCloud@physx@@QEAA@XZ 000000018000a110 f   CookingUtils.obj
 0001:00009130       ?Clean@ReducedVertexCloud@physx@@QEAAAEAV12@XZ 000000018000a130 f   CookingUtils.obj
 0001:000091a0       ?Reduce@ReducedVertexCloud@physx@@QEAA_NPEAUREDUCEDCLOUD@2@@Z 000000018000a1a0 f   CookingUtils.obj
 0001:000096a0       ??$?_UM@@YAPEAX_KV?$ReflectionAllocator@M@shdfnd@physx@@PEBDH@Z 000000018000a6a0 f i CookingUtils.obj
 0001:000096e0       ??0?$ReflectionAllocator@M@shdfnd@physx@@QEAA@PEBD@Z 000000018000a6e0 f i CookingUtils.obj
 0001:000096f0       ?allocate@?$ReflectionAllocator@M@shdfnd@physx@@QEAAPEAX_KPEBDH@Z 000000018000a6f0 f i CookingUtils.obj
 0001:00009770       ?getName@?$ReflectionAllocator@M@shdfnd@physx@@CAPEBDXZ 000000018000a770 f i CookingUtils.obj
 0001:000097b0       ??0EdgeList@Gu@physx@@QEAA@XZ 000000018000a7b0 f   EdgeList.obj
 0001:00009800       ??1EdgeList@Gu@physx@@QEAA@XZ 000000018000a800 f   EdgeList.obj
 0001:000098c0       ?load@EdgeList@Gu@physx@@QEAA_NAEAVPxInputStream@3@@Z 000000018000a8c0 f   EdgeList.obj
 0001:00009bf0       ??0EdgeListBuilder@Gu@physx@@QEAA@XZ 000000018000abf0 f   EdgeList.obj
 0001:00009c20       ??1EdgeListBuilder@Gu@physx@@QEAA@XZ 000000018000ac20 f   EdgeList.obj
 0001:00009c40       ?init@EdgeListBuilder@Gu@physx@@QEAA_NAEBUEDGELISTCREATE@23@@Z 000000018000ac40 f   EdgeList.obj
 0001:00009e20       ?createFacesToEdges@EdgeListBuilder@Gu@physx@@AEAA_NIPEBIPEBG@Z 000000018000ae20 f   EdgeList.obj
 0001:0000a5f0       ?createEdgesToFaces@EdgeListBuilder@Gu@physx@@AEAA_NIPEBIPEBG@Z 000000018000b5f0 f   EdgeList.obj
 0001:0000ab90       ?computeActiveEdges@EdgeListBuilder@Gu@physx@@AEAA_NIPEBIPEBGPEBVPxVec3@3@M@Z 000000018000bb90 f   EdgeList.obj
 0001:0000c680       ??$?_UUEdgeData@Gu@physx@@@@YAPEAX_KV?$ReflectionAllocator@UEdgeData@Gu@physx@@@shdfnd@physx@@PEBDH@Z 000000018000d680 f i EdgeList.obj
 0001:0000c6c0       ??$?_UUEdgeTriangleData@Gu@physx@@@@YAPEAX_KV?$ReflectionAllocator@UEdgeTriangleData@Gu@physx@@@shdfnd@physx@@PEBDH@Z 000000018000d6c0 f i EdgeList.obj
 0001:0000c700       ??0?$ReflectionAllocator@UEdgeData@Gu@physx@@@shdfnd@physx@@QEAA@PEBD@Z 000000018000d700 f i EdgeList.obj
 0001:0000c710       ??0?$ReflectionAllocator@UEdgeTriangleData@Gu@physx@@@shdfnd@physx@@QEAA@PEBD@Z 000000018000d710 f i EdgeList.obj
 0001:0000c720       ??0PxPlane@physx@@QEAA@AEBVPxVec3@1@00@Z 000000018000d720 f i EdgeList.obj
 0001:0000c7e0       ??0PxTriangle@physx@@QEAA@AEBVPxVec3@1@00@Z 000000018000d7e0 f i EdgeList.obj
 0001:0000c890       ??1PxTriangle@physx@@QEAA@XZ 000000018000d890 f i EdgeList.obj
 0001:0000c8a0       ??DPxVec3@physx@@QEBA?AV01@M@Z 000000018000d8a0 f i EdgeList.obj
 0001:0000c910       ??GPxVec3@physx@@QEBA?AV01@AEBV01@@Z 000000018000d910 f i EdgeList.obj
 0001:0000c990       ??_0PxVec3@physx@@QEAAAEAV01@M@Z 000000018000d990 f i EdgeList.obj
 0001:0000ca10       ?PxAtan2@physx@@YAMMM@Z    000000018000da10 f i EdgeList.obj
 0001:0000ca40       ?PxRecipSqrt@physx@@YAMM@Z 000000018000da40 f i EdgeList.obj
 0001:0000ca60       ?PxSqrt@physx@@YAMM@Z      000000018000da60 f i EdgeList.obj
 0001:0000ca80       ?allocate@?$ReflectionAllocator@UEdgeData@Gu@physx@@@shdfnd@physx@@QEAAPEAX_KPEBDH@Z 000000018000da80 f i EdgeList.obj
 0001:0000cb00       ?allocate@?$ReflectionAllocator@UEdgeTriangleData@Gu@physx@@@shdfnd@physx@@QEAAPEAX_KPEBDH@Z 000000018000db00 f i EdgeList.obj
 0001:0000cb80       ?angle@shdfnd@physx@@YAMAEBVPxVec3@2@0@Z 000000018000db80 f i EdgeList.obj
 0001:0000cbe0       ?cross@PxVec3@physx@@QEBA?AV12@AEBV12@@Z 000000018000dbe0 f i EdgeList.obj
 0001:0000cca0       ?distance@PxPlane@physx@@QEBAMAEBVPxVec3@2@@Z 000000018000dca0 f i EdgeList.obj
 0001:0000ccd0       ?dot@PxVec3@physx@@QEBAMAEBV12@@Z 000000018000dcd0 f i EdgeList.obj
 0001:0000cd20       ?getEdgeToTriangles@EdgeList@Gu@physx@@QEBAPEBUEdgeDescData@23@XZ 000000018000dd20 f i EdgeList.obj
 0001:0000cd30       ?getEdges@EdgeList@Gu@physx@@QEBAPEBUEdgeData@23@XZ 000000018000dd30 f i EdgeList.obj
 0001:0000cd40       ?getFacesByEdges@EdgeList@Gu@physx@@QEBAPEBIXZ 000000018000dd40 f i EdgeList.obj
 0001:0000cd50       ?getName@?$ReflectionAllocator@UEdgeData@Gu@physx@@@shdfnd@physx@@CAPEBDXZ 000000018000dd50 f i EdgeList.obj
 0001:0000cd90       ?getName@?$ReflectionAllocator@UEdgeTriangleData@Gu@physx@@@shdfnd@physx@@CAPEBDXZ 000000018000dd90 f i EdgeList.obj
 0001:0000cdd0       ?getNbEdges@EdgeList@Gu@physx@@QEBAIXZ 000000018000ddd0 f i EdgeList.obj
 0001:0000cde0       ?getNormalized@PxVec3@physx@@QEBA?AV12@XZ 000000018000dde0 f i EdgeList.obj
 0001:0000ce70       ?magnitude@PxVec3@physx@@QEBAMXZ 000000018000de70 f i EdgeList.obj
 0001:0000ce90       ?magnitudeSquared@PxVec3@physx@@QEBAMXZ 000000018000de90 f i EdgeList.obj
 0001:0000cee0       ?normal@PxTriangle@physx@@QEBAXAEAVPxVec3@2@@Z 000000018000dee0 f i EdgeList.obj
 0001:0000cfa0       ?normalize@PxVec3@physx@@QEAAMXZ 000000018000dfa0 f i EdgeList.obj
 0001:0000cff0       ?recipSqrt@intrinsics@physx@@YAMM@Z 000000018000dff0 f i EdgeList.obj
 0001:0000d020       ?sqrt@intrinsics@physx@@YAMM@Z 000000018000e020 f i EdgeList.obj
 0001:0000d040       fabsf                      000000018000e040 f i EdgeList.obj
 0001:0000d060       ??0MeshCleaner@physx@@QEAA@IPEBVPxVec3@1@IPEBIM@Z 000000018000e060 f   MeshCleaner.obj
 0001:0000dd30       ??1MeshCleaner@physx@@QEAA@XZ 000000018000ed30 f   MeshCleaner.obj
 0001:0000e040       ??9Indices@@QEBA_NAEBU0@@Z 000000018000f040 f i MeshCleaner.obj
 0001:0000e0e0       ??9PxVec3@physx@@QEBA_NAEBV01@@Z 000000018000f0e0 f i MeshCleaner.obj
 0001:0000e150       ?PxFloor@physx@@YAMM@Z     000000018000f150 f i MeshCleaner.obj
 0001:0000e170       ?nextPowerOfTwo@shdfnd@physx@@YAII@Z 000000018000f170 f i MeshCleaner.obj
 0001:0000e1e0       ?createQuantizer@physx@@YAPEAVQuantizer@1@XZ 000000018000f1e0 f   Quantizer.obj
 0001:0000e260       ?kmeans_cluster3d@@YAIPEBVPxVec3@physx@@IIPEAV12@PEAIMM@Z 000000018000f260 f   Quantizer.obj
 0001:0000e2c0       ??$?2V?$ReflectionAllocator@VQuantizerImpl@@@shdfnd@physx@@@UserAllocated@shdfnd@physx@@SAPEAX_KV?$ReflectionAllocator@VQuantizerImpl@@@12@PEBDH@Z 000000018000f2c0 f i Quantizer.obj
 0001:0000e300       ??$PX_UNUSED@W4PxZERO@physx@@@@YAXAEBW4PxZERO@physx@@@Z 000000018000f300 f i Quantizer.obj
 0001:0000e310       ??$PxMax@M@physx@@YAMMM@Z  000000018000f310 f i Quantizer.obj
 0001:0000e340       ??$PxMin@M@physx@@YAMMM@Z  000000018000f340 f i Quantizer.obj
 0001:0000e370       ??$kmeans_cluster@VPxVec3@physx@@M@@YAIPEBVPxVec3@physx@@IIPEAV01@PEAIMM@Z 000000018000f370 f i Quantizer.obj
 0001:0000ead0       ??0?$Array@VPxVec3@physx@@VNamedAllocator@shdfnd@2@@shdfnd@physx@@QEAA@AEBVNamedAllocator@12@@Z 000000018000fad0 f i Quantizer.obj
 0001:0000eb20       ??0?$ReflectionAllocator@VQuantizerImpl@@@shdfnd@physx@@QEAA@PEBD@Z 000000018000fb20 f i Quantizer.obj
 0001:0000eb30       ??0PxBounds3@physx@@QEAA@XZ 000000018000fb30 f i Quantizer.obj
 0001:0000eb70       ??0PxVec3@physx@@QEAA@W4PxZERO@1@@Z 000000018000fb70 f i Quantizer.obj
 0001:0000ebc0       ??0Quantizer@physx@@QEAA@XZ 000000018000fbc0 f i Quantizer.obj
 0001:0000ebe0       ??0QuantizerImpl@@QEAA@XZ  000000018000fbe0 f i Quantizer.obj
 0001:0000ece0       ??1?$Array@VPxVec3@physx@@VNamedAllocator@shdfnd@2@@shdfnd@physx@@QEAA@XZ 000000018000fce0 f i Quantizer.obj
 0001:0000ed50       ??1Quantizer@physx@@MEAA@XZ 000000018000fd50 f i Quantizer.obj
 0001:0000ed70       ??1QuantizerImpl@@EEAA@XZ  000000018000fd70 f i Quantizer.obj
 0001:0000edc0       ??A?$Array@VPxVec3@physx@@VNamedAllocator@shdfnd@2@@shdfnd@physx@@QEAAAEAVPxVec3@2@I@Z 000000018000fdc0 f i Quantizer.obj
 0001:0000ee40       ??APxVec3@physx@@QEAAAEAMI@Z 000000018000fe40 f i Quantizer.obj
 0001:0000ee90       ??HPxVec3@physx@@QEBA?AV01@AEBV01@@Z 000000018000fe90 f i Quantizer.obj
 0001:0000ef10       ??XPxVec3@physx@@QEAAAEAV01@M@Z 000000018000ff10 f i Quantizer.obj
 0001:0000ef70       ??YPxVec3@physx@@QEAAAEAV01@AEBV01@@Z 000000018000ff70 f i Quantizer.obj
 0001:0000efe0       ??_EQuantizer@physx@@MEAAPEAXI@Z 000000018000ffe0 f i Quantizer.obj
 0001:0000efe0       ??_GQuantizer@physx@@MEAAPEAXI@Z 000000018000ffe0 f i Quantizer.obj
 0001:0000f020       ??_GQuantizerImpl@@EEAAPEAXI@Z 0000000180010020 f i Quantizer.obj
 0001:0000f020       ??_EQuantizerImpl@@EEAAPEAXI@Z 0000000180010020 f i Quantizer.obj
 0001:0000f080       ?PxAbs@physx@@YAMM@Z       0000000180010080 f i Quantizer.obj
 0001:0000f0a0       ?PxIsFinite@physx@@YA_NM@Z 00000001800100a0 f i Quantizer.obj
 0001:0000f0c0       ?abs@intrinsics@physx@@YAMM@Z 00000001800100c0 f i Quantizer.obj
 0001:0000f0e0       ?allocate@?$Array@VPxVec3@physx@@VNamedAllocator@shdfnd@2@@shdfnd@physx@@IEAAPEAVPxVec3@3@I@Z 00000001800100e0 f i Quantizer.obj
 0001:0000f170       ?allocate@?$ReflectionAllocator@VQuantizerImpl@@@shdfnd@physx@@QEAAPEAX_KPEBDH@Z 0000000180010170 f i Quantizer.obj
 0001:0000f1f0       ?capacity@?$Array@VPxVec3@physx@@VNamedAllocator@shdfnd@2@@shdfnd@physx@@QEBAIXZ 00000001800101f0 f i Quantizer.obj
 0001:0000f210       ?capacityIncrement@?$Array@VPxVec3@physx@@VNamedAllocator@shdfnd@2@@shdfnd@physx@@IEBAIXZ 0000000180010210 f i Quantizer.obj
 0001:0000f250       ?clear@?$Array@VPxVec3@physx@@VNamedAllocator@shdfnd@2@@shdfnd@physx@@QEAAXXZ 0000000180010250 f i Quantizer.obj
 0001:0000f290       ?copy@?$Array@VPxVec3@physx@@VNamedAllocator@shdfnd@2@@shdfnd@physx@@KAXPEAVPxVec3@3@0PEBV43@@Z 0000000180010290 f i Quantizer.obj
 0001:0000f320       ?deallocate@?$Array@VPxVec3@physx@@VNamedAllocator@shdfnd@2@@shdfnd@physx@@IEAAXPEAX@Z 0000000180010320 f i Quantizer.obj
 0001:0000f350       ?destroy@?$Array@VPxVec3@physx@@VNamedAllocator@shdfnd@2@@shdfnd@physx@@KAXPEAVPxVec3@3@0@Z 0000000180010350 f i Quantizer.obj
 0001:0000f380       ?getCenter@PxBounds3@physx@@QEBA?AVPxVec3@2@XZ 0000000180010380 f i Quantizer.obj
 0001:0000f400       ?getDenormalizeCenter@QuantizerImpl@@UEBAAEBVPxVec3@physx@@XZ 0000000180010400 f i Quantizer.obj
 0001:0000f410       ?getDenormalizeScale@QuantizerImpl@@UEBAAEBVPxVec3@physx@@XZ 0000000180010410 f i Quantizer.obj
 0001:0000f420       ?getDimensions@PxBounds3@physx@@QEBA?AVPxVec3@2@XZ 0000000180010420 f i Quantizer.obj
 0001:0000f480       ?getName@?$ReflectionAllocator@VQuantizerImpl@@@shdfnd@physx@@CAPEBDXZ 0000000180010480 f i Quantizer.obj
 0001:0000f4c0       ?growAndPushBack@?$Array@VPxVec3@physx@@VNamedAllocator@shdfnd@2@@shdfnd@physx@@IEAAAEAVPxVec3@3@AEBV43@@Z 00000001800104c0 f i Quantizer.obj
 0001:0000f670       ?include@PxBounds3@physx@@QEAAXAEBVPxVec3@2@@Z 0000000180010670 f i Quantizer.obj
 0001:0000f700       ?isFinite@PxBounds3@physx@@QEBA_NXZ 0000000180010700 f i Quantizer.obj
 0001:0000f760       ?isFinite@PxVec3@physx@@QEBA_NXZ 0000000180010760 f i Quantizer.obj
 0001:0000f7d0       ?isFinite@intrinsics@physx@@YA_NM@Z 00000001800107d0 f i Quantizer.obj
 0001:0000f810       ?isInUserMemory@?$Array@VPxVec3@physx@@VNamedAllocator@shdfnd@2@@shdfnd@physx@@QEBAIXZ 0000000180010810 f i Quantizer.obj
 0001:0000f830       ?isValid@PxBounds3@physx@@QEBA_NXZ 0000000180010830 f i Quantizer.obj
 0001:0000f920       ?kmeansQuantize3D@QuantizerImpl@@UEAAPEBVPxVec3@physx@@IPEBV23@I_NIAEAI@Z 0000000180010920 f i Quantizer.obj
 0001:0000fc50       ?maximum@PxVec3@physx@@QEBA?AV12@AEBV12@@Z 0000000180010c50 f i Quantizer.obj
 0001:0000fcf0       ?minimum@PxVec3@physx@@QEBA?AV12@AEBV12@@Z 0000000180010cf0 f i Quantizer.obj
 0001:0000fd90       ?multiply@PxVec3@physx@@QEBA?AV12@AEBV12@@Z 0000000180010d90 f i Quantizer.obj
 0001:0000fe10       ?normalizeInput@QuantizerImpl@@AEAAXIPEBVPxVec3@physx@@I@Z 0000000180010e10 f i Quantizer.obj
 0001:000100b0       ?pushBack@?$Array@VPxVec3@physx@@VNamedAllocator@shdfnd@2@@shdfnd@physx@@QEAAAEAVPxVec3@3@AEBV43@@Z 00000001800110b0 f i Quantizer.obj
 0001:00010170       ?release@QuantizerImpl@@UEAAXXZ 0000000180011170 f i Quantizer.obj
 0001:000101c0       ?selectMax@intrinsics@physx@@YAMMM@Z 00000001800111c0 f i Quantizer.obj
 0001:00010200       ?selectMin@intrinsics@physx@@YAMMM@Z 0000000180011200 f i Quantizer.obj
 0001:00010240       ?setEmpty@PxBounds3@physx@@QEAAXXZ 0000000180011240 f i Quantizer.obj
 0001:00010290       ??0BVHStructureBuilder@physx@@QEAA@XZ 0000000180011290 f   BVHStructureBuilder.obj
 0001:000102e0       ??1BVHStructureBuilder@physx@@QEAA@XZ 00000001800112e0 f   BVHStructureBuilder.obj
 0001:00010370       ?loadFromDesc@BVHStructureBuilder@physx@@QEAA_NAEBVPxBVHStructureDesc@2@@Z 0000000180011370 f   BVHStructureBuilder.obj
 0001:000106b0       ?save@BVHStructureBuilder@physx@@QEBA_NAEAVPxOutputStream@2@_N@Z 00000001800116b0 f   BVHStructureBuilder.obj
 0001:000108b0       ?moveData@BVHStructureBuilder@physx@@QEAAXAEAUBVHStructureData@Gu@2@@Z 00000001800118b0 f   BVHStructureBuilder.obj
 0001:00010960       ?flatten@@YAXAEBVNodeAllocator@Gu@physx@@PEAUBVHNode@23@@Z 0000000180011960 f   BVHStructureBuilder.obj
 0001:00010d00       ??$?4VNamedAllocator@shdfnd@physx@@@?$Array@USlab@NodeAllocator@Gu@physx@@VNamedAllocator@shdfnd@4@@shdfnd@physx@@QEAAAEAV012@AEBV012@@Z 0000000180011d00 f i BVHStructureBuilder.obj
 0001:00010d90       ??$PX_UNUSED@_N@@YAXAEB_N@Z 0000000180011d90 f i BVHStructureBuilder.obj
 0001:00010da0       ??$copy@VNamedAllocator@shdfnd@physx@@@?$Array@USlab@NodeAllocator@Gu@physx@@VNamedAllocator@shdfnd@4@@shdfnd@physx@@IEAAXAEBV012@@Z 0000000180011da0 f i BVHStructureBuilder.obj
 0001:00010e60       ??0?$Array@USlab@NodeAllocator@Gu@physx@@VNamedAllocator@shdfnd@4@@shdfnd@physx@@QEAA@AEBV012@AEBVNamedAllocator@12@@Z 0000000180011e60 f i BVHStructureBuilder.obj
 0001:00010ea0       ??0AABBTreeBuildNode@Gu@physx@@QEAA@AEBV012@@Z 0000000180011ea0 f i BVHStructureBuilder.obj
 0001:00010f00       ??0AABBTreeBuildNode@Gu@physx@@QEAA@XZ 0000000180011f00 f i BVHStructureBuilder.obj
 0001:00010f20       ??0AABBTreeBuildParams@Gu@physx@@QEAA@IIPEBVPxBounds3@2@@Z 0000000180011f20 f i BVHStructureBuilder.obj
 0001:00010f70       ??0BuildStats@Gu@physx@@QEAA@XZ 0000000180011f70 f i BVHStructureBuilder.obj
 0001:00010fa0       ??0NodeAllocator@Gu@physx@@QEAA@AEBV012@@Z 0000000180011fa0 f i BVHStructureBuilder.obj
 0001:00011030       ??0PxBounds3@physx@@QEAA@AEBV01@@Z 0000000180012030 f i BVHStructureBuilder.obj
 0001:00011080       ??0PxVec4@physx@@QEAA@XZ   0000000180012080 f i BVHStructureBuilder.obj
 0001:00011090       ??1AABBTreeBuildNode@Gu@physx@@QEAA@XZ 0000000180012090 f i BVHStructureBuilder.obj
 0001:000110a0       ??1AABBTreeBuildParams@Gu@physx@@QEAA@XZ 00000001800120a0 f i BVHStructureBuilder.obj
 0001:000110c0       ??4?$Array@USlab@NodeAllocator@Gu@physx@@VNamedAllocator@shdfnd@4@@shdfnd@physx@@QEAAAEAV012@AEBV012@@Z 00000001800120c0 f i BVHStructureBuilder.obj
 0001:000110f0       ??4AABBTreeBuildNode@Gu@physx@@QEAAAEAV012@AEBV012@@Z 00000001800120f0 f i BVHStructureBuilder.obj
 0001:00011150       ??4AABBTreeBuildParams@Gu@physx@@QEAAAEAV012@AEBV012@@Z 0000000180012150 f i BVHStructureBuilder.obj
 0001:00011180       ??4BuildStats@Gu@physx@@QEAAAEAU012@$$QEAU012@@Z 0000000180012180 f i BVHStructureBuilder.obj
 0001:000111b0       ??4BuildStats@Gu@physx@@QEAAAEAU012@AEBU012@@Z 00000001800121b0 f i BVHStructureBuilder.obj
 0001:000111d0       ??4NodeAllocator@Gu@physx@@QEAAAEAV012@AEBV012@@Z 00000001800121d0 f i BVHStructureBuilder.obj
 0001:00011240       ??4PxBounds3@physx@@QEAAAEAV01@AEBV01@@Z 0000000180012240 f i BVHStructureBuilder.obj
 0001:00011290       ??A?$Array@USlab@NodeAllocator@Gu@physx@@VNamedAllocator@shdfnd@4@@shdfnd@physx@@QEBAAEBUSlab@NodeAllocator@Gu@2@I@Z 0000000180012290 f i BVHStructureBuilder.obj
 0001:00011310       ??_FAABBTreeBuildParams@Gu@physx@@QEAAXXZ 0000000180012310 f i BVHStructureBuilder.obj
 0001:00011340       ?V4Add@aos@shdfnd@physx@@YA?AT__m128@@T4@0@Z 0000000180012340 f i BVHStructureBuilder.obj
 0001:00011370       ?V4LoadU@aos@shdfnd@physx@@YA?AT__m128@@QEBM@Z 0000000180012370 f i BVHStructureBuilder.obj
 0001:00011390       ?V4Scale@aos@shdfnd@physx@@YA?AT__m128@@T4@0@Z 0000000180012390 f i BVHStructureBuilder.obj
 0001:000113c0       ?V4StoreA@aos@shdfnd@physx@@YAXT__m128@@PEAM@Z 00000001800123c0 f i BVHStructureBuilder.obj
 0001:00011440       ?V4StoreU@aos@shdfnd@physx@@YAXT__m128@@PEAM@Z 0000000180012440 f i BVHStructureBuilder.obj
 0001:00011460       ?V4Sub@aos@shdfnd@physx@@YA?AT__m128@@T4@0@Z 0000000180012460 f i BVHStructureBuilder.obj
 0001:00011490       ?__global_array_delete@@YAXPEAX@Z 0000000180012490 f i BVHStructureBuilder.obj
 0001:000114b0       ?__global_array_delete@@YAXPEAX_K@Z 00000001800124b0 f i BVHStructureBuilder.obj
 0001:000114e0       ?__global_delete@@YAXPEAX@Z 00000001800124e0 f i BVHStructureBuilder.obj
 0001:00011500       ?__global_delete@@YAXPEAX_K@Z 0000000180012500 f i BVHStructureBuilder.obj
 0001:00011530       ?allocate@?$Array@USlab@NodeAllocator@Gu@physx@@VNamedAllocator@shdfnd@4@@shdfnd@physx@@IEAAPEAUSlab@NodeAllocator@Gu@3@I@Z 0000000180012530 f i BVHStructureBuilder.obj
 0001:000115c0       ?begin@?$Array@USlab@NodeAllocator@Gu@physx@@VNamedAllocator@shdfnd@4@@shdfnd@physx@@QEBAPEBUSlab@NodeAllocator@Gu@3@XZ 00000001800125c0 f i BVHStructureBuilder.obj
 0001:000115d0       ?capacity@?$Array@USlab@NodeAllocator@Gu@physx@@VNamedAllocator@shdfnd@4@@shdfnd@physx@@QEBAIXZ 00000001800125d0 f i BVHStructureBuilder.obj
 0001:000115f0       ?clear@?$Array@USlab@NodeAllocator@Gu@physx@@VNamedAllocator@shdfnd@4@@shdfnd@physx@@QEAAXXZ 00000001800125f0 f i BVHStructureBuilder.obj
 0001:00011630       ?copy@?$Array@USlab@NodeAllocator@Gu@physx@@VNamedAllocator@shdfnd@4@@shdfnd@physx@@KAXPEAUSlab@NodeAllocator@Gu@3@0PEBU4563@@Z 0000000180012630 f i BVHStructureBuilder.obj
 0001:000116d0       ?deallocate@?$Array@USlab@NodeAllocator@Gu@physx@@VNamedAllocator@shdfnd@4@@shdfnd@physx@@IEAAXPEAX@Z 00000001800126d0 f i BVHStructureBuilder.obj
 0001:00011700       ?destroy@?$Array@USlab@NodeAllocator@Gu@physx@@VNamedAllocator@shdfnd@4@@shdfnd@physx@@KAXPEAUSlab@NodeAllocator@Gu@3@0@Z 0000000180012700 f i BVHStructureBuilder.obj
 0001:00011730       ?empty@?$Array@USlab@NodeAllocator@Gu@physx@@VNamedAllocator@shdfnd@4@@shdfnd@physx@@QEBA_NXZ 0000000180012730 f i BVHStructureBuilder.obj
 0001:00011760       ?getAABB@AABBTreeBuildNode@Gu@physx@@QEBAAEBVPxBounds3@3@XZ 0000000180012760 f i BVHStructureBuilder.obj
 0001:00011770       ?getCount@BuildStats@Gu@physx@@QEBAIXZ 0000000180012770 f i BVHStructureBuilder.obj
 0001:00011780       ?getNbPrimitives@AABBTreeBuildNode@Gu@physx@@QEBAIXZ 0000000180012780 f i BVHStructureBuilder.obj
 0001:00011790       ?getNbRuntimePrimitives@AABBTreeBuildNode@Gu@physx@@QEBAIXZ 0000000180012790 f i BVHStructureBuilder.obj
 0001:000117a0       ?getNeg@AABBTreeBuildNode@Gu@physx@@QEBAPEBV123@XZ 00000001800127a0 f i BVHStructureBuilder.obj
 0001:000117e0       ?getPos@AABBTreeBuildNode@Gu@physx@@QEBAPEBV123@XZ 00000001800127e0 f i BVHStructureBuilder.obj
 0001:000117f0       ?getPrimitives@AABBTreeBuildNode@Gu@physx@@QEAAPEAIPEAI@Z 00000001800127f0 f i BVHStructureBuilder.obj
 0001:00011810       ?getPrimitives@AABBTreeBuildNode@Gu@physx@@QEBAPEBIPEBI@Z 0000000180012810 f i BVHStructureBuilder.obj
 0001:00011830       ?grow@?$Array@USlab@NodeAllocator@Gu@physx@@VNamedAllocator@shdfnd@4@@shdfnd@physx@@IEAAXI@Z 0000000180012830 f i BVHStructureBuilder.obj
 0001:000118b0       ?increaseCount@BuildStats@Gu@physx@@QEAAXI@Z 00000001800128b0 f i BVHStructureBuilder.obj
 0001:000118d0       ?inflateBounds@@YAXAEAVPxBounds3@physx@@AEBV12@@Z 00000001800128d0 f i BVHStructureBuilder.obj
 0001:00011ac0       ?isAligned16@aos@shdfnd@physx@@YA_NPEAX@Z 0000000180012ac0 f i BVHStructureBuilder.obj
 0001:00011af0       ?isInUserMemory@?$Array@USlab@NodeAllocator@Gu@physx@@VNamedAllocator@shdfnd@4@@shdfnd@physx@@QEBAIXZ 0000000180012af0 f i BVHStructureBuilder.obj
 0001:00011b10       ?isLeaf@AABBTreeBuildNode@Gu@physx@@QEBA_NXZ 0000000180012b10 f i BVHStructureBuilder.obj
 0001:00011b50       ?recreate@?$Array@USlab@NodeAllocator@Gu@physx@@VNamedAllocator@shdfnd@4@@shdfnd@physx@@IEAAXI@Z 0000000180012b50 f i BVHStructureBuilder.obj
 0001:00011c70       ?reserve@?$Array@USlab@NodeAllocator@Gu@physx@@VNamedAllocator@shdfnd@4@@shdfnd@physx@@QEAAXI@Z 0000000180012c70 f i BVHStructureBuilder.obj
 0001:00011ca0       ?reset@AABBTreeBuildParams@Gu@physx@@QEAAXXZ 0000000180012ca0 f i BVHStructureBuilder.obj
 0001:00011d00       ?reset@BuildStats@Gu@physx@@QEAAXXZ 0000000180012d00 f i BVHStructureBuilder.obj
 0001:00011d20       ?setCount@BuildStats@Gu@physx@@QEAAXI@Z 0000000180012d20 f i BVHStructureBuilder.obj
 0001:00011d40       ?setNbRunTimePrimitives@AABBTreeBuildNode@Gu@physx@@QEAAXI@Z 0000000180012d40 f i BVHStructureBuilder.obj
 0001:00011d60       ?size@?$Array@USlab@NodeAllocator@Gu@physx@@VNamedAllocator@shdfnd@4@@shdfnd@physx@@QEBAIXZ 0000000180012d60 f i BVHStructureBuilder.obj
 0001:00011d70       ?saveHeightField@physx@@YA_NAEBVHeightField@Gu@1@AEAVPxOutputStream@1@_N@Z 0000000180012d70 f   HeightFieldCooking.obj
 0001:00012120       ??APxVec3@physx@@QEBAAEBMI@Z 0000000180013120 f i HeightFieldCooking.obj
 0001:00012170       ??B?$PxFlags@W4Enum@PxHeightFieldFlag@physx@@G@physx@@QEBAGXZ 0000000180013170 f i HeightFieldCooking.obj
 0001:00012180       ?getData@HeightField@Gu@physx@@QEBAAEBUHeightFieldData@23@XZ 0000000180013180 f i HeightFieldCooking.obj
 0001:00012190       ?getMax@CenterExtents@Gu@physx@@QEBAMI@Z 0000000180013190 f i HeightFieldCooking.obj
 0001:000121e0       ?getMin@CenterExtents@Gu@physx@@QEBAMI@Z 00000001800131e0 f i HeightFieldCooking.obj
 0001:00012230       ?buildFromTriangles@RTreeCooker@physx@@SAXAEAURTree@Gu@2@PEBVPxVec3@2@IPEBGPEBIIAEAV?$Array@IVNamedAllocator@shdfnd@physx@@@shdfnd@2@PEAURemapCallback@12@MW4Enum@PxMeshCookingHint@2@@Z 0000000180013230 f   RTreeCooking.obj
 0001:00013a70       ??$PX_UNUSED@I@@YAXAEBI@Z  0000000180014a70 f i RTreeCooking.obj
 0001:00013a80       ??$PX_UNUSED@M@@YAXAEBM@Z  0000000180014a80 f i RTreeCooking.obj
 0001:00013a90       ??$PX_UNUSED@PEAURTreeNodeNQ@physx@@@@YAXAEBQEAURTreeNodeNQ@physx@@@Z 0000000180014a90 f i RTreeCooking.obj
 0001:00013aa0       ??$PX_UNUSED@URTreeNodeNQ@physx@@@@YAXAEBURTreeNodeNQ@physx@@@Z 0000000180014aa0 f i RTreeCooking.obj
 0001:00013ab0       ??$PxMax@H@physx@@YAHHH@Z  0000000180014ab0 f i RTreeCooking.obj
 0001:00013ae0       ??$PxMin@I@physx@@YAIII@Z  0000000180014ae0 f i RTreeCooking.obj
 0001:00013b10       ??$median3@I$$CBU?$Less@I@shdfnd@physx@@@internal@shdfnd@physx@@YAXPEAIHHAEBU?$Less@I@12@@Z 0000000180014b10 f i RTreeCooking.obj
 0001:00013c70       ??$median3@I$$CBUSortBoundsPredicate@physx@@@internal@shdfnd@physx@@YAXPEAIHHAEBUSortBoundsPredicate@2@@Z 0000000180014c70 f i RTreeCooking.obj
 0001:00013dd0       ??$partition@I$$CBU?$Less@I@shdfnd@physx@@@internal@shdfnd@physx@@YAHPEAIHHAEBU?$Less@I@12@@Z 0000000180014dd0 f i RTreeCooking.obj
 0001:00013fc0       ??$partition@I$$CBUSortBoundsPredicate@physx@@@internal@shdfnd@physx@@YAHPEAIHHAEBUSortBoundsPredicate@2@@Z 0000000180014fc0 f i RTreeCooking.obj
 0001:000141b0       ??$partition@UBoundsLTE@physx@@@quickSelect@physx@@YAIPEIAIIIIAEBUBoundsLTE@1@@Z 00000001800151b0 f i RTreeCooking.obj
 0001:00014500       ??$quickSelectFirstK@UBoundsLTE@physx@@@quickSelect@physx@@YAXPEIAIIIIAEBUBoundsLTE@1@@Z 0000000180015500 f i RTreeCooking.obj
 0001:00014660       ??$smallSort@I$$CBU?$Less@I@shdfnd@physx@@@internal@shdfnd@physx@@YAXPEAIHHAEBU?$Less@I@12@@Z 0000000180015660 f i RTreeCooking.obj
 0001:00014740       ??$smallSort@I$$CBUSortBoundsPredicate@physx@@@internal@shdfnd@physx@@YAXPEAIHHAEBUSortBoundsPredicate@2@@Z 0000000180015740 f i RTreeCooking.obj
 0001:00014820       ??$sort@I@shdfnd@physx@@YAXPEAII@Z 0000000180015820 f i RTreeCooking.obj
 0001:00014870       ??$sort@IU?$Less@I@shdfnd@physx@@VNamedAllocator@23@@shdfnd@physx@@YAXPEAIIAEBU?$Less@I@01@AEBVNamedAllocator@01@I@Z 0000000180015870 f i RTreeCooking.obj
 0001:00014b60       ??$sort@IUSortBoundsPredicate@physx@@@shdfnd@physx@@YAXPEAIIAEBUSortBoundsPredicate@1@@Z 0000000180015b60 f i RTreeCooking.obj
 0001:00014bb0       ??$sort@IUSortBoundsPredicate@physx@@VNamedAllocator@shdfnd@2@@shdfnd@physx@@YAXPEAIIAEBUSortBoundsPredicate@1@AEBVNamedAllocator@01@I@Z 0000000180015bb0 f i RTreeCooking.obj
 0001:00014ea0       ??0?$AlignedAllocator@$0IA@VNonTrackingAllocator@shdfnd@physx@@@shdfnd@physx@@QEAA@AEBVNonTrackingAllocator@12@@Z 0000000180015ea0 f i RTreeCooking.obj
 0001:00014eb0       ??0?$Array@IVNamedAllocator@shdfnd@physx@@@shdfnd@physx@@QEAA@IAEBIAEBVNamedAllocator@12@@Z 0000000180015eb0 f i RTreeCooking.obj
 0001:00014f20       ??0?$Array@UInterval@physx@@V?$InlineAllocator@$0CAAA@VNamedAllocator@shdfnd@physx@@@shdfnd@2@@shdfnd@physx@@QEAA@AEBV?$InlineAllocator@$0CAAA@VNamedAllocator@shdfnd@physx@@@12@@Z 0000000180015f20 f i RTreeCooking.obj
 0001:00014f80       ??0?$Array@UPxBounds3V@physx@@VNamedAllocator@shdfnd@2@@shdfnd@physx@@QEAA@AEBVNamedAllocator@12@@Z 0000000180015f80 f i RTreeCooking.obj
 0001:00014fd0       ??0?$Array@URTreeNodeNQ@physx@@VNamedAllocator@shdfnd@2@@shdfnd@physx@@QEAA@AEBVNamedAllocator@12@@Z 0000000180015fd0 f i RTreeCooking.obj
 0001:00015020       ??0?$Array@URTreeNodeQ@Gu@physx@@VNamedAllocator@shdfnd@3@@shdfnd@physx@@QEAA@AEBVNamedAllocator@12@@Z 0000000180016020 f i RTreeCooking.obj
 0001:00015070       ??0?$InlineAllocator@$0CAAA@VNamedAllocator@shdfnd@physx@@@shdfnd@physx@@QEAA@AEBV012@@Z 0000000180016070 f i RTreeCooking.obj
 0001:000150b0       ??0?$InlineAllocator@$0CAAA@VNamedAllocator@shdfnd@physx@@@shdfnd@physx@@QEAA@AEBVNamedAllocator@12@@Z 00000001800160b0 f i RTreeCooking.obj
 0001:000150f0       ??0?$InlineArray@UInterval@physx@@$0EAA@VNamedAllocator@shdfnd@2@@shdfnd@physx@@QEAA@AEBVNamedAllocator@12@@Z 00000001800160f0 f i RTreeCooking.obj
 0001:00015180       ??0?$ScopedPointer@HVTempAllocator@shdfnd@physx@@@shdfnd@physx@@QEAA@XZ 0000000180016180 f i RTreeCooking.obj
 0001:000151a0       ??0?$Stack@VNamedAllocator@shdfnd@physx@@@internal@shdfnd@physx@@QEAA@PEAHIAEBVNamedAllocator@23@@Z 00000001800161a0 f i RTreeCooking.obj
 0001:00015210       ??0BoundsLTE@physx@@QEAA@IPEBVPxVec3@1@@Z 0000000180016210 f i RTreeCooking.obj
 0001:00015240       ??0Interval@physx@@QEAA@II@Z 0000000180016240 f i RTreeCooking.obj
 0001:00015270       ??0PxBounds3@physx@@QEAA@AEBVPxVec3@1@0@Z 0000000180016270 f i RTreeCooking.obj
 0001:000152c0       ??0PxBounds3V@physx@@QEAA@AEAT__m128@@0@Z 00000001800162c0 f i RTreeCooking.obj
 0001:00015300       ??0PxBounds3V@physx@@QEAA@UU@01@@Z 0000000180016300 f i RTreeCooking.obj
 0001:00015310       ??0PxVec4@physx@@QEAA@AEBVPxVec3@1@M@Z 0000000180016310 f i RTreeCooking.obj
 0001:00015370       ??0PxVec4@physx@@QEAA@M@Z  0000000180016370 f i RTreeCooking.obj
 0001:000153c0       ??0RTreeNodeNQ@physx@@QEAA@AEBU01@@Z 00000001800163c0 f i RTreeCooking.obj
 0001:00015410       ??0RTreeNodeNQ@physx@@QEAA@XZ 0000000180016410 f i RTreeCooking.obj
 0001:00015450       ??0SortBoundsPredicate@physx@@QEAA@IPEBUPxBounds3V@1@@Z 0000000180016450 f i RTreeCooking.obj
 0001:00015480       ??0SubSortQuick@physx@@QEAA@PEAIPEBUPxBounds3V@1@IM@Z 0000000180016480 f i RTreeCooking.obj
 0001:000155f0       ??0SubSortSAH@physx@@QEAA@PEAIPEBUPxBounds3V@1@IPEBI22222M@Z 00000001800165f0 f i RTreeCooking.obj
 0001:00015810       ??0TempAllocator@shdfnd@physx@@QEAA@PEBD@Z 0000000180016810 f i RTreeCooking.obj
 0001:00015820       ??1?$Array@IVNamedAllocator@shdfnd@physx@@@shdfnd@physx@@QEAA@XZ 0000000180016820 f i RTreeCooking.obj
 0001:00015890       ??1?$Array@UInterval@physx@@V?$InlineAllocator@$0CAAA@VNamedAllocator@shdfnd@physx@@@shdfnd@2@@shdfnd@physx@@QEAA@XZ 0000000180016890 f i RTreeCooking.obj
 0001:00015910       ??1?$Array@UPxBounds3V@physx@@VNamedAllocator@shdfnd@2@@shdfnd@physx@@QEAA@XZ 0000000180016910 f i RTreeCooking.obj
 0001:00015980       ??1?$Array@URTreeNodeNQ@physx@@VNamedAllocator@shdfnd@2@@shdfnd@physx@@QEAA@XZ 0000000180016980 f i RTreeCooking.obj
 0001:000159f0       ??1?$Array@URTreeNodeQ@Gu@physx@@VNamedAllocator@shdfnd@3@@shdfnd@physx@@QEAA@XZ 00000001800169f0 f i RTreeCooking.obj
 0001:00015a60       ??1?$InlineAllocator@$0CAAA@VNamedAllocator@shdfnd@physx@@@shdfnd@physx@@QEAA@XZ 0000000180016a60 f i RTreeCooking.obj
 0001:00015a80       ??1?$InlineArray@UInterval@physx@@$0EAA@VNamedAllocator@shdfnd@2@@shdfnd@physx@@QEAA@XZ 0000000180016a80 f i RTreeCooking.obj
 0001:00015aa0       ??1?$ScopedPointer@HVTempAllocator@shdfnd@physx@@@shdfnd@physx@@QEAA@XZ 0000000180016aa0 f i RTreeCooking.obj
 0001:00015ad0       ??1?$Stack@VNamedAllocator@shdfnd@physx@@@internal@shdfnd@physx@@QEAA@XZ 0000000180016ad0 f i RTreeCooking.obj
 0001:00015b10       ??1SubSortQuick@physx@@QEAA@XZ 0000000180016b10 f i RTreeCooking.obj
 0001:00015b30       ??1SubSortSAH@physx@@QEAA@XZ 0000000180016b30 f i RTreeCooking.obj
 0001:00015bf0       ??4PxVec4@physx@@QEAAAEAV01@AEBV01@@Z 0000000180016bf0 f i RTreeCooking.obj
 0001:00015c50       ??A?$Array@IVNamedAllocator@shdfnd@physx@@@shdfnd@physx@@QEAAAEAII@Z 0000000180016c50 f i RTreeCooking.obj
 0001:00015cd0       ??A?$Array@UInterval@physx@@V?$InlineAllocator@$0CAAA@VNamedAllocator@shdfnd@physx@@@shdfnd@2@@shdfnd@physx@@QEAAAEAUInterval@2@I@Z 0000000180016cd0 f i RTreeCooking.obj
 0001:00015d50       ??A?$Array@URTreeNodeNQ@physx@@VNamedAllocator@shdfnd@2@@shdfnd@physx@@QEAAAEAURTreeNodeNQ@2@I@Z 0000000180016d50 f i RTreeCooking.obj
 0001:00015dd0       ??A?$Array@URTreeNodeQ@Gu@physx@@VNamedAllocator@shdfnd@3@@shdfnd@physx@@QEAAAEAURTreeNodeQ@Gu@2@I@Z 0000000180016dd0 f i RTreeCooking.obj
 0001:00015e50       ??B?$ScopedPointer@HVTempAllocator@shdfnd@physx@@@shdfnd@physx@@QEBAPEAHXZ 0000000180016e50 f i RTreeCooking.obj
 0001:00015e60       ??GPxVec4@physx@@QEBA?AV01@AEBV01@@Z 0000000180016e60 f i RTreeCooking.obj
 0001:00015ef0       ??KPxVec4@physx@@QEBA?AV01@M@Z 0000000180016ef0 f i RTreeCooking.obj
 0001:00015f90       ??R?$Less@I@shdfnd@physx@@QEBA_NAEBI0@Z 0000000180016f90 f i RTreeCooking.obj
 0001:00015fd0       ??RBoundsLTE@physx@@QEBA_NAEBI0@Z 0000000180016fd0 f i RTreeCooking.obj
 0001:00016070       ??RSortBoundsPredicate@physx@@QEBA_NAEBI0@Z 0000000180017070 f i RTreeCooking.obj
 0001:000161a0       ?FMax@aos@shdfnd@physx@@YA?AT__m128@@XZ 00000001800171a0 f i RTreeCooking.obj
 0001:000161c0       ?FNegMax@aos@shdfnd@physx@@YA?AT__m128@@XZ 00000001800171c0 f i RTreeCooking.obj
 0001:000161e0       ?FStore@aos@shdfnd@physx@@YAXT__m128@@PEIAM@Z 00000001800171e0 f i RTreeCooking.obj
 0001:00016270       ?PxAbs@physx@@YAHH@Z       0000000180017270 f i RTreeCooking.obj
 0001:00016290       ?V3Add@aos@shdfnd@physx@@YA?AT__m128@@T4@0@Z 0000000180017290 f i RTreeCooking.obj
 0001:000163a0       ?V3Dot@aos@shdfnd@physx@@YA?AT__m128@@T4@0@Z 00000001800173a0 f i RTreeCooking.obj
 0001:00016540       ?V3LoadU@aos@shdfnd@physx@@YA?AT__m128@@AEBVPxVec3@3@@Z 0000000180017540 f i RTreeCooking.obj
 0001:00016590       ?V3Max@aos@shdfnd@physx@@YA?AT__m128@@T4@0@Z 0000000180017590 f i RTreeCooking.obj
 0001:000166a0       ?V3Min@aos@shdfnd@physx@@YA?AT__m128@@T4@0@Z 00000001800176a0 f i RTreeCooking.obj
 0001:000167b0       ?V3PermZXY@aos@shdfnd@physx@@YA?AT__m128@@T4@@Z 00000001800177b0 f i RTreeCooking.obj
 0001:00016840       ?V3ReadXYZ@aos@shdfnd@physx@@YAAEBVPxVec3@3@AEBT__m128@@@Z 0000000180017840 f i RTreeCooking.obj
 0001:00016850       ?V3Splat@aos@shdfnd@physx@@YA?AT__m128@@T4@@Z 0000000180017850 f i RTreeCooking.obj
 0001:00016930       ?V3StoreA@aos@shdfnd@physx@@YAXT__m128@@AEAVPxVec3@3@@Z 0000000180017930 f i RTreeCooking.obj
 0001:000169f0       ?V3StoreU@aos@shdfnd@physx@@YAXT__m128@@AEAVPxVec3@3@@Z 00000001800179f0 f i RTreeCooking.obj
 0001:00016a60       ?V3Sub@aos@shdfnd@physx@@YA?AT__m128@@T4@0@Z 0000000180017a60 f i RTreeCooking.obj
 0001:00016b70       ?V3Zero@aos@shdfnd@physx@@YA?AT__m128@@XZ 0000000180017b70 f i RTreeCooking.obj
 0001:00016b90       ?V4ClearW@aos@shdfnd@physx@@YA?AT__m128@@T4@@Z 0000000180017b90 f i RTreeCooking.obj
 0001:00016bc0       ?V4ReadW@aos@shdfnd@physx@@YAMAEBT__m128@@@Z 0000000180017bc0 f i RTreeCooking.obj
 0001:00016bd0       ?V4ReadX@aos@shdfnd@physx@@YAMAEBT__m128@@@Z 0000000180017bd0 f i RTreeCooking.obj
 0001:00016be0       ?V4ReadY@aos@shdfnd@physx@@YAMAEBT__m128@@@Z 0000000180017be0 f i RTreeCooking.obj
 0001:00016bf0       ?V4ReadZ@aos@shdfnd@physx@@YAMAEBT__m128@@@Z 0000000180017bf0 f i RTreeCooking.obj
 0001:00016c00       ?Vec3V_From_FloatV@aos@shdfnd@physx@@YA?AT__m128@@T4@@Z 0000000180017c00 f i RTreeCooking.obj
 0001:00016c50       ?Vec3V_From_Vec4V@aos@shdfnd@physx@@YA?AT__m128@@T4@@Z 0000000180017c50 f i RTreeCooking.obj
 0001:00016c80       ?Vec4V_From_FloatV@aos@shdfnd@physx@@YA?AT__m128@@T4@@Z 0000000180017c80 f i RTreeCooking.obj
 0001:00016c90       ?allocate@?$AlignedAllocator@$0IA@VNonTrackingAllocator@shdfnd@physx@@@shdfnd@physx@@QEAAPEAX_KPEBDH@Z 0000000180017c90 f i RTreeCooking.obj
 0001:00016d30       ?allocate@?$Array@IVNamedAllocator@shdfnd@physx@@@shdfnd@physx@@IEAAPEAII@Z 0000000180017d30 f i RTreeCooking.obj
 0001:00016dc0       ?allocate@?$Array@UInterval@physx@@V?$InlineAllocator@$0CAAA@VNamedAllocator@shdfnd@physx@@@shdfnd@2@@shdfnd@physx@@IEAAPEAUInterval@3@I@Z 0000000180017dc0 f i RTreeCooking.obj
 0001:00016e50       ?allocate@?$Array@UPxBounds3V@physx@@VNamedAllocator@shdfnd@2@@shdfnd@physx@@IEAAPEAUPxBounds3V@3@I@Z 0000000180017e50 f i RTreeCooking.obj
 0001:00016ee0       ?allocate@?$Array@URTreeNodeNQ@physx@@VNamedAllocator@shdfnd@2@@shdfnd@physx@@IEAAPEAURTreeNodeNQ@3@I@Z 0000000180017ee0 f i RTreeCooking.obj
 0001:00016f70       ?allocate@?$Array@URTreeNodeQ@Gu@physx@@VNamedAllocator@shdfnd@3@@shdfnd@physx@@IEAAPEAURTreeNodeQ@Gu@3@I@Z 0000000180017f70 f i RTreeCooking.obj
 0001:00017000       ?allocate@?$InlineAllocator@$0CAAA@VNamedAllocator@shdfnd@physx@@@shdfnd@physx@@QEAAPEAXIPEBDH@Z 0000000180018000 f i RTreeCooking.obj
 0001:00017070       ?allocate@NonTrackingAllocator@shdfnd@physx@@QEAAPEAX_KPEBDH@Z 0000000180018070 f i RTreeCooking.obj
 0001:000170e0       ?begin@?$Array@IVNamedAllocator@shdfnd@physx@@@shdfnd@physx@@QEAAPEAIXZ 00000001800180e0 f i RTreeCooking.obj
 0001:000170f0       ?begin@?$Array@UPxBounds3V@physx@@VNamedAllocator@shdfnd@2@@shdfnd@physx@@QEAAPEAUPxBounds3V@3@XZ 00000001800180f0 f i RTreeCooking.obj
 0001:00017100       ?begin@?$Array@VPxVec3@physx@@VNamedAllocator@shdfnd@2@@shdfnd@physx@@QEAAPEAVPxVec3@3@XZ 0000000180018100 f i RTreeCooking.obj
 0001:00017110       ?capacity@?$Array@IVNamedAllocator@shdfnd@physx@@@shdfnd@physx@@QEBAIXZ 0000000180018110 f i RTreeCooking.obj
 0001:00017130       ?capacity@?$Array@UInterval@physx@@V?$InlineAllocator@$0CAAA@VNamedAllocator@shdfnd@physx@@@shdfnd@2@@shdfnd@physx@@QEBAIXZ 0000000180018130 f i RTreeCooking.obj
 0001:00017150       ?capacity@?$Array@UPxBounds3V@physx@@VNamedAllocator@shdfnd@2@@shdfnd@physx@@QEBAIXZ 0000000180018150 f i RTreeCooking.obj
 0001:00017170       ?capacity@?$Array@URTreeNodeNQ@physx@@VNamedAllocator@shdfnd@2@@shdfnd@physx@@QEBAIXZ 0000000180018170 f i RTreeCooking.obj
 0001:00017190       ?capacity@?$Array@URTreeNodeQ@Gu@physx@@VNamedAllocator@shdfnd@3@@shdfnd@physx@@QEBAIXZ 0000000180018190 f i RTreeCooking.obj
 0001:000171b0       ?capacityIncrement@?$Array@IVNamedAllocator@shdfnd@physx@@@shdfnd@physx@@IEBAIXZ 00000001800181b0 f i RTreeCooking.obj
 0001:000171f0       ?capacityIncrement@?$Array@UInterval@physx@@V?$InlineAllocator@$0CAAA@VNamedAllocator@shdfnd@physx@@@shdfnd@2@@shdfnd@physx@@IEBAIXZ 00000001800181f0 f i RTreeCooking.obj
 0001:00017230       ?capacityIncrement@?$Array@UPxBounds3V@physx@@VNamedAllocator@shdfnd@2@@shdfnd@physx@@IEBAIXZ 0000000180018230 f i RTreeCooking.obj
 0001:00017270       ?capacityIncrement@?$Array@URTreeNodeNQ@physx@@VNamedAllocator@shdfnd@2@@shdfnd@physx@@IEBAIXZ 0000000180018270 f i RTreeCooking.obj
 0001:000172b0       ?capacityIncrement@?$Array@URTreeNodeQ@Gu@physx@@VNamedAllocator@shdfnd@3@@shdfnd@physx@@IEBAIXZ 00000001800182b0 f i RTreeCooking.obj
 0001:000172f0       ?computeSA@SubSortSAH@physx@@QEAAMPEBIAEBUInterval@2@@Z 00000001800182f0 f i RTreeCooking.obj
 0001:00017500       ?copy@?$Array@IVNamedAllocator@shdfnd@physx@@@shdfnd@physx@@KAXPEAI0PEBI@Z 0000000180018500 f i RTreeCooking.obj
 0001:000175a0       ?copy@?$Array@UInterval@physx@@V?$InlineAllocator@$0CAAA@VNamedAllocator@shdfnd@physx@@@shdfnd@2@@shdfnd@physx@@KAXPEAUInterval@3@0PEBU43@@Z 00000001800185a0 f i RTreeCooking.obj
 0001:00017640       ?copy@?$Array@UPxBounds3V@physx@@VNamedAllocator@shdfnd@2@@shdfnd@physx@@KAXPEAUPxBounds3V@3@0PEBU43@@Z 0000000180018640 f i RTreeCooking.obj
 0001:000176e0       ?copy@?$Array@URTreeNodeNQ@physx@@VNamedAllocator@shdfnd@2@@shdfnd@physx@@KAXPEAURTreeNodeNQ@3@0PEBU43@@Z 00000001800186e0 f i RTreeCooking.obj
 0001:00017770       ?copy@?$Array@URTreeNodeQ@Gu@physx@@VNamedAllocator@shdfnd@3@@shdfnd@physx@@KAXPEAURTreeNodeQ@Gu@3@0PEBU453@@Z 0000000180018770 f i RTreeCooking.obj
 0001:00017810       ?create@?$Array@IVNamedAllocator@shdfnd@physx@@@shdfnd@physx@@KAXPEAI0AEBI@Z 0000000180018810 f i RTreeCooking.obj
 0001:00017890       ?deallocate@?$Array@IVNamedAllocator@shdfnd@physx@@@shdfnd@physx@@IEAAXPEAX@Z 0000000180018890 f i RTreeCooking.obj
 0001:000178c0       ?deallocate@?$Array@UInterval@physx@@V?$InlineAllocator@$0CAAA@VNamedAllocator@shdfnd@physx@@@shdfnd@2@@shdfnd@physx@@IEAAXPEAX@Z 00000001800188c0 f i RTreeCooking.obj
 0001:000178f0       ?deallocate@?$Array@UPxBounds3V@physx@@VNamedAllocator@shdfnd@2@@shdfnd@physx@@IEAAXPEAX@Z 00000001800188f0 f i RTreeCooking.obj
 0001:00017920       ?deallocate@?$Array@URTreeNodeNQ@physx@@VNamedAllocator@shdfnd@2@@shdfnd@physx@@IEAAXPEAX@Z 0000000180018920 f i RTreeCooking.obj
 0001:00017950       ?deallocate@?$Array@URTreeNodeQ@Gu@physx@@VNamedAllocator@shdfnd@3@@shdfnd@physx@@IEAAXPEAX@Z 0000000180018950 f i RTreeCooking.obj
 0001:00017980       ?deallocate@?$InlineAllocator@$0CAAA@VNamedAllocator@shdfnd@physx@@@shdfnd@physx@@QEAAXPEAX@Z 0000000180018980 f i RTreeCooking.obj
 0001:000179c0       ?destroy@?$Array@IVNamedAllocator@shdfnd@physx@@@shdfnd@physx@@KAXPEAI0@Z 00000001800189c0 f i RTreeCooking.obj
 0001:000179f0       ?destroy@?$Array@UInterval@physx@@V?$InlineAllocator@$0CAAA@VNamedAllocator@shdfnd@physx@@@shdfnd@2@@shdfnd@physx@@KAXPEAUInterval@3@0@Z 00000001800189f0 f i RTreeCooking.obj
 0001:00017a20       ?destroy@?$Array@UPxBounds3V@physx@@VNamedAllocator@shdfnd@2@@shdfnd@physx@@KAXPEAUPxBounds3V@3@0@Z 0000000180018a20 f i RTreeCooking.obj
 0001:00017a50       ?destroy@?$Array@URTreeNodeNQ@physx@@VNamedAllocator@shdfnd@2@@shdfnd@physx@@KAXPEAURTreeNodeNQ@3@0@Z 0000000180018a50 f i RTreeCooking.obj
 0001:00017a80       ?destroy@?$Array@URTreeNodeQ@Gu@physx@@VNamedAllocator@shdfnd@3@@shdfnd@physx@@KAXPEAURTreeNodeQ@Gu@3@0@Z 0000000180018a80 f i RTreeCooking.obj
 0001:00017ab0       ?empty@?$Stack@VNamedAllocator@shdfnd@physx@@@internal@shdfnd@physx@@QEAA_NXZ 0000000180018ab0 f i RTreeCooking.obj
 0001:00017ae0       ?empty@PxBounds3@physx@@SA?AV12@XZ 0000000180018ae0 f i RTreeCooking.obj
 0001:00017b40       ?getExtents@PxBounds3V@physx@@QEBA?AT__m128@@XZ 0000000180018b40 f i RTreeCooking.obj
 0001:00017ba0       ?getMaxVec3@PxBounds3V@physx@@QEBA?BVPxVec3@2@XZ 0000000180018ba0 f i RTreeCooking.obj
 0001:00017bf0       ?getMinVec3@PxBounds3V@physx@@QEBA?BVPxVec3@2@XZ 0000000180018bf0 f i RTreeCooking.obj
 0001:00017c40       ?grow@?$Array@IVNamedAllocator@shdfnd@physx@@@shdfnd@physx@@IEAAXI@Z 0000000180018c40 f i RTreeCooking.obj
 0001:00017cc0       ?grow@?$Array@UPxBounds3V@physx@@VNamedAllocator@shdfnd@2@@shdfnd@physx@@IEAAXI@Z 0000000180018cc0 f i RTreeCooking.obj
 0001:00017d40       ?grow@?$Array@URTreeNodeNQ@physx@@VNamedAllocator@shdfnd@2@@shdfnd@physx@@IEAAXI@Z 0000000180018d40 f i RTreeCooking.obj
 0001:00017dc0       ?grow@?$Array@URTreeNodeQ@Gu@physx@@VNamedAllocator@shdfnd@3@@shdfnd@physx@@IEAAXI@Z 0000000180018dc0 f i RTreeCooking.obj
 0001:00017e40       ?grow@?$Array@VPxVec3@physx@@VNamedAllocator@shdfnd@2@@shdfnd@physx@@IEAAXI@Z 0000000180018e40 f i RTreeCooking.obj
 0001:00017ec0       ?grow@?$Stack@VNamedAllocator@shdfnd@physx@@@internal@shdfnd@physx@@QEAAXXZ 0000000180018ec0 f i RTreeCooking.obj
 0001:00017f70       ?growAndPushBack@?$Array@IVNamedAllocator@shdfnd@physx@@@shdfnd@physx@@IEAAAEAIAEBI@Z 0000000180018f70 f i RTreeCooking.obj
 0001:00018110       ?growAndPushBack@?$Array@UInterval@physx@@V?$InlineAllocator@$0CAAA@VNamedAllocator@shdfnd@physx@@@shdfnd@2@@shdfnd@physx@@IEAAAEAUInterval@3@AEBU43@@Z 0000000180019110 f i RTreeCooking.obj
 0001:000182e0       ?growAndPushBack@?$Array@UPxBounds3V@physx@@VNamedAllocator@shdfnd@2@@shdfnd@physx@@IEAAAEAUPxBounds3V@3@AEBU43@@Z 00000001800192e0 f i RTreeCooking.obj
 0001:000184d0       ?growAndPushBack@?$Array@URTreeNodeNQ@physx@@VNamedAllocator@shdfnd@2@@shdfnd@physx@@IEAAAEAURTreeNodeNQ@3@AEBU43@@Z 00000001800194d0 f i RTreeCooking.obj
 0001:00018680       ?growAndPushBack@?$Array@URTreeNodeQ@Gu@physx@@VNamedAllocator@shdfnd@3@@shdfnd@physx@@IEAAAEAURTreeNodeQ@Gu@3@AEBU453@@Z 0000000180019680 f i RTreeCooking.obj
 0001:00018870       ?include@PxBounds3V@physx@@QEAAXAEBU12@@Z 0000000180019870 f i RTreeCooking.obj
 0001:00018920       ?isInUserMemory@?$Array@IVNamedAllocator@shdfnd@physx@@@shdfnd@physx@@QEBAIXZ 0000000180019920 f i RTreeCooking.obj
 0001:00018940       ?isInUserMemory@?$Array@UInterval@physx@@V?$InlineAllocator@$0CAAA@VNamedAllocator@shdfnd@physx@@@shdfnd@2@@shdfnd@physx@@QEBAIXZ 0000000180019940 f i RTreeCooking.obj
 0001:00018960       ?isInUserMemory@?$Array@UPxBounds3V@physx@@VNamedAllocator@shdfnd@2@@shdfnd@physx@@QEBAIXZ 0000000180019960 f i RTreeCooking.obj
 0001:00018980       ?isInUserMemory@?$Array@URTreeNodeNQ@physx@@VNamedAllocator@shdfnd@2@@shdfnd@physx@@QEBAIXZ 0000000180019980 f i RTreeCooking.obj
 0001:000189a0       ?isInUserMemory@?$Array@URTreeNodeQ@Gu@physx@@VNamedAllocator@shdfnd@3@@shdfnd@physx@@QEBAIXZ 00000001800199a0 f i RTreeCooking.obj
 0001:000189c0       ?isInside@PxBounds3@physx@@QEBA_NAEBV12@@Z 00000001800199c0 f i RTreeCooking.obj
 0001:00018ab0       ?isLeaf@RTreeNodeQ@Gu@physx@@QEBAIXZ 0000000180019ab0 f i RTreeCooking.obj
 0001:00018ad0       ?isValidFloatV@aos@shdfnd@physx@@YA_NT__m128@@@Z 0000000180019ad0 f i RTreeCooking.obj
 0001:00018be0       ?isValidVec3V@aos@shdfnd@physx@@YA_NT__m128@@@Z 0000000180019be0 f i RTreeCooking.obj
 0001:00018c40       ?pop@?$Stack@VNamedAllocator@shdfnd@physx@@@internal@shdfnd@physx@@QEAAXAEAH0@Z 0000000180019c40 f i RTreeCooking.obj
 0001:00018d20       ?popBack@?$Array@IVNamedAllocator@shdfnd@physx@@@shdfnd@physx@@QEAAIXZ 0000000180019d20 f i RTreeCooking.obj
 0001:00018dc0       ?push@?$Stack@VNamedAllocator@shdfnd@physx@@@internal@shdfnd@physx@@QEAAXHH@Z 0000000180019dc0 f i RTreeCooking.obj
 0001:00018e50       ?pushBack@?$Array@IVNamedAllocator@shdfnd@physx@@@shdfnd@physx@@QEAAAEAIAEBI@Z 0000000180019e50 f i RTreeCooking.obj
 0001:00018f10       ?pushBack@?$Array@UInterval@physx@@V?$InlineAllocator@$0CAAA@VNamedAllocator@shdfnd@physx@@@shdfnd@2@@shdfnd@physx@@QEAAAEAUInterval@3@AEBU43@@Z 0000000180019f10 f i RTreeCooking.obj
[...]
 0004:00002e2c       $pdata$?growAndPushBack@?$Array@PEAUQuickHullVertex@local@@VNamedAllocator@shdfnd@physx@@@shdfnd@physx@@IEAAAEAPEAUQuickHullVertex@local@@AEBQEAU45@@Z 0000000180063e2c     QuickHullConvexHullLib.obj
 0004:00002e38       $pdata$?growAndPushBack@?$Array@UExpandPoint@local@@VNamedAllocator@shdfnd@physx@@@shdfnd@physx@@IEAAAEAUExpandPoint@local@@AEBU45@@Z 0000000180063e38     QuickHullConvexHullLib.obj
 0004:00002e44       $pdata$?init@?$MemBlock@UQuickHullFace@local@@$00@local@@QEAAXI@Z 0000000180063e44     QuickHullConvexHullLib.obj
 0004:00002e50       $pdata$?init@?$MemBlock@UQuickHullHalfEdge@local@@$0A@@local@@QEAAXI@Z 0000000180063e50     QuickHullConvexHullLib.obj
 0004:00002e5c       $pdata$?isTriangle@QuickHullFace@local@@AEBA_NXZ 0000000180063e5c     QuickHullConvexHullLib.obj
 0004:00002e68       $pdata$?pushBack@?$Array@PEAUQuickHullFace@local@@VNamedAllocator@shdfnd@physx@@@shdfnd@physx@@QEAAAEAPEAUQuickHullFace@local@@AEBQEAU45@@Z 0000000180063e68     QuickHullConvexHullLib.obj
 0004:00002e74       $pdata$?pushBack@?$Array@PEAUQuickHullHalfEdge@local@@VNamedAllocator@shdfnd@physx@@@shdfnd@physx@@QEAAAEAPEAUQuickHullHalfEdge@local@@AEBQEAU45@@Z 0000000180063e74     QuickHullConvexHullLib.obj
 0004:00002e80       $pdata$?pushBack@?$Array@PEAUQuickHullVertex@local@@VNamedAllocator@shdfnd@physx@@@shdfnd@physx@@QEAAAEAPEAUQuickHullVertex@local@@AEBQEAU45@@Z 0000000180063e80     QuickHullConvexHullLib.obj
 0004:00002e8c       $pdata$?pushBack@?$Array@UExpandPoint@local@@VNamedAllocator@shdfnd@physx@@@shdfnd@physx@@QEAAAEAUExpandPoint@local@@AEBU45@@Z 0000000180063e8c     QuickHullConvexHullLib.obj
 0004:00002e98       $pdata$?recreate@?$Array@PEAUQuickHullFace@local@@VNamedAllocator@shdfnd@physx@@@shdfnd@physx@@IEAAXI@Z 0000000180063e98     QuickHullConvexHullLib.obj
 0004:00002ea4       $pdata$?recreate@?$Array@PEAUQuickHullHalfEdge@local@@VNamedAllocator@shdfnd@physx@@@shdfnd@physx@@IEAAXI@Z 0000000180063ea4     QuickHullConvexHullLib.obj
 0004:00002eb0       $pdata$?recreate@?$Array@PEAUQuickHullVertex@local@@VNamedAllocator@shdfnd@physx@@@shdfnd@physx@@IEAAXI@Z 0000000180063eb0     QuickHullConvexHullLib.obj
 0004:00002ebc       $pdata$?recreate@?$Array@UExpandPoint@local@@VNamedAllocator@shdfnd@physx@@@shdfnd@physx@@IEAAXI@Z 0000000180063ebc     QuickHullConvexHullLib.obj
 0004:00002ec8       $pdata$?reserve@?$Array@PEAUQuickHullFace@local@@VNamedAllocator@shdfnd@physx@@@shdfnd@physx@@QEAAXI@Z 0000000180063ec8     QuickHullConvexHullLib.obj
 0004:00002ed4       $pdata$?reserve@?$Array@PEAUQuickHullHalfEdge@local@@VNamedAllocator@shdfnd@physx@@@shdfnd@physx@@QEAAXI@Z 0000000180063ed4     QuickHullConvexHullLib.obj
 0004:00002ee0       $pdata$?reserve@?$Array@PEAUQuickHullVertex@local@@VNamedAllocator@shdfnd@physx@@@shdfnd@physx@@QEAAXI@Z 0000000180063ee0     QuickHullConvexHullLib.obj
 0004:00002eec       $pdata$?reserve@?$Array@UExpandPoint@local@@VNamedAllocator@shdfnd@physx@@@shdfnd@physx@@QEAAXI@Z 0000000180063eec     QuickHullConvexHullLib.obj
 0004:00002ef8       $pdata$?reset@?$MemBlock@UQuickHullFace@local@@$00@local@@QEAAXXZ 0000000180063ef8     QuickHullConvexHullLib.obj
 0004:00002f04       $pdata$?reset@?$MemBlock@UQuickHullHalfEdge@local@@$0A@@local@@QEAAXXZ 0000000180063f04     QuickHullConvexHullLib.obj
 0004:00002f10       $pdata$??Dphysx@@YA?AVPxVec3@0@MAEBV10@@Z 0000000180063f10     VolumeIntegration.obj
 0004:00002f1c       $pdata$?computeVolumeIntegrals@physx@@YA_NAEBVPxSimpleTriangleMesh@1@MAEAUPxIntegrals@1@@Z 0000000180063f1c     VolumeIntegration.obj
 0004:00002f28       $pdata$?computeVolumeIntegralsEberly@physx@@YA_NAEBVPxConvexMeshDesc@1@MAEAUPxIntegrals@1@AEBVPxVec3@1@@Z 0000000180063f28     VolumeIntegration.obj
 0004:00002f34       $pdata$?computeVolumeIntegralsEberlySIMD@physx@@YA_NAEBVPxConvexMeshDesc@1@MAEAUPxIntegrals@1@AEBVPxVec3@1@@Z 0000000180063f34     VolumeIntegration.obj
 0004:00002f40       $pdata$??0VolumeIntegrator@?A0x7075e46c@physx@@QEAA@VPxSimpleTriangleMesh@2@N@Z 0000000180063f40     VolumeIntegration.obj
 0004:00002f4c       $pdata$?computeVolumeIntegrals@VolumeIntegrator@?A0x7075e46c@physx@@QEAA_NAEAUPxIntegrals@3@@Z 0000000180063f4c     VolumeIntegration.obj
 0004:00002f58       $pdata$?computeCenterOfMass@VolumeIntegrator@?A0x7075e46c@physx@@AEAA?AVPxVec3@3@XZ 0000000180063f58     VolumeIntegration.obj
 0004:00002f64       $pdata$?computeInertiaTensor@VolumeIntegrator@?A0x7075e46c@physx@@AEAAXPEAN@Z 0000000180063f64     VolumeIntegration.obj
 0004:00002f70       $pdata$?computeCOMInertiaTensor@VolumeIntegrator@?A0x7075e46c@physx@@AEAAXPEAN@Z 0000000180063f70     VolumeIntegration.obj
 0004:00002f7c       $pdata$?computeFaceNormal@VolumeIntegrator@?A0x7075e46c@physx@@AEAAXAEAUFace@123@PEAI@Z 0000000180063f7c     VolumeIntegration.obj
 0004:00002f88       $pdata$?computeProjectionIntegrals@VolumeIntegrator@?A0x7075e46c@physx@@AEAAXAEBUFace@123@@Z 0000000180063f88     VolumeIntegration.obj
 0004:00002f94       $pdata$?computeFaceIntegrals@VolumeIntegrator@?A0x7075e46c@physx@@AEAAXAEBUFace@123@@Z 0000000180063f94     VolumeIntegration.obj
 0004:00002fa0       $pdata$?computeVolumeIntegralsSIMD@VolumeIntegratorEberly@?A0x7075e46c@physx@@QEAA_NAEAUPxIntegrals@3@AEBVPxVec3@3@@Z 0000000180063fa0     VolumeIntegration.obj
 0004:00002fac       $pdata$?computeVolumeIntegrals@VolumeIntegratorEberly@?A0x7075e46c@physx@@QEAA_NAEAUPxIntegrals@3@AEBVPxVec3@3@@Z 0000000180063fac     VolumeIntegration.obj
 0004:00002fb8       $pdata$??$swap@VPxVec3@physx@@@shdfnd@physx@@YAXAEAVPxVec3@1@0@Z 0000000180063fb8     VolumeIntegration.obj
 0004:00002fc4       $pdata$??0PxSimpleTriangleMesh@physx@@QEAA@XZ 0000000180063fc4     VolumeIntegration.obj
 0004:00002fd0       $pdata$??4PxSimpleTriangleMesh@physx@@QEAAAEAV01@AEBV01@@Z 0000000180063fd0     VolumeIntegration.obj
 0004:00002fdc       $pdata$?FAllGrtr@aos@shdfnd@physx@@YAIT__m128@@0@Z 0000000180063fdc     VolumeIntegration.obj
 0004:00002fe8       $pdata$?V4Cross@aos@shdfnd@physx@@YA?AT__m128@@T4@0@Z 0000000180063fe8     VolumeIntegration.obj
 0004:00002ff4       $pdata$?V4Dot3@aos@shdfnd@physx@@YA?AT__m128@@T4@0@Z 0000000180063ff4     VolumeIntegration.obj
 0004:00003000       $pdata$?V4PermYZXW@aos@shdfnd@physx@@YA?AT__m128@@T4@@Z 0000000180064000     VolumeIntegration.obj
 0004:0000300c       $pdata$?V4ScaleInv@aos@shdfnd@physx@@YA?AT__m128@@T4@0@Z 000000018006400c     VolumeIntegration.obj
 0004:00003018       $pdata$?Vec4V_From_PxVec3_WUndefined@aos@shdfnd@physx@@YA?AT__m128@@AEBVPxVec3@3@@Z 0000000180064018     VolumeIntegration.obj
 0004:00003024       $pdata$?isZero@PxVec3@physx@@QEBA_NXZ 0000000180064024     VolumeIntegration.obj
 0004:00003030       $pdata$?subexpressions@?A0x7075e46c@physx@@YAXNNNAEAN00000@Z 0000000180064030     VolumeIntegration.obj
 0004:0000303c       $pdata$?subexpressionsSIMD@?A0x7075e46c@physx@@YAXAEBT__m128@@00AEAT3@11111@Z 000000018006403c     VolumeIntegration.obj
 0004:00003048       $pdata$?cookingDelayHook@@YAP6A_JXZIPEAUDelayLoadInfo@@@Z 0000000180064048     WindowsCookingDelayLoadHook.obj
 0004:00003054       $pdata$?loadLibrary@Cm@physx@@YAPEAUHINSTANCE__@@PEBD@Z 0000000180064054     WindowsCookingDelayLoadHook.obj
 0004:00003060       $pdata$?physXCommonDliNotePreLoadLibrary@Cm@physx@@YAP6A_JXZPEBDPEBVPxDelayLoadHook@2@@Z 0000000180064060     WindowsCookingDelayLoadHook.obj
 0004:00003084       $pdata$?DloadAcquireSectionWriteAccess@@YAXXZ 0000000180064084     Delayimp:delayhlp.obj
 0004:00003090       $pdata$?DloadGetSRWLockFunctionPointers@@YAEXZ 0000000180064090     Delayimp:delayhlp.obj
 0004:0000309c       $pdata$?DloadLock@@YAXXZ   000000018006409c     Delayimp:delayhlp.obj
 0004:000030a8       $pdata$?DloadMakePermanentImageCommit@@YAXPEAX_K@Z 00000001800640a8     Delayimp:delayhlp.obj
 0004:000030b4       $pdata$?DloadObtainSection@@YAPEAXPEAK0@Z 00000001800640b4     Delayimp:delayhlp.obj
 0004:000030c0       $pdata$?DloadProtectSection@@YAXKPEAK@Z 00000001800640c0     Delayimp:delayhlp.obj
 0004:000030cc       $pdata$?DloadReleaseSectionWriteAccess@@YAXXZ 00000001800640cc     Delayimp:delayhlp.obj
 0004:000030d8       $pdata$?DloadUnlock@@YAXXZ 00000001800640d8     Delayimp:delayhlp.obj
 0004:000030e4       $pdata$?PiddFromDllName@@YAPEBUImgDelayDescr@@PEBD@Z 00000001800640e4     Delayimp:delayhlp.obj
 0004:000030f0       $pdata$__FUnloadDelayLoadedDLL2 00000001800640f0     Delayimp:delayhlp.obj
 0004:000030fc       $pdata$__HrLoadAllImportsForDll 00000001800640fc     Delayimp:delayhlp.obj
 0004:00003108       $pdata$__delayLoadHelper2  0000000180064108     Delayimp:delayhlp.obj
 0004:00003114       $pdata$??3@YAXPEAX_K@Z     0000000180064114     MSVCRTD:delete_scalar_size.obj
 0004:00003120       $pdata$??_V@YAXPEAX_K@Z    0000000180064120     MSVCRTD:delete_array_size.obj
 0004:0000312c       $pdata$_RTC_InitBase       000000018006412c     MSVCRTD:_init_.obj
 0004:00003138       $pdata$_RTC_Shutdown       0000000180064138     MSVCRTD:_init_.obj
 0004:00003144       $pdata$?__scrt_initialize_type_info@@YAXXZ 0000000180064144     MSVCRTD:tncleanup.obj
 0004:00003150       $pdata$?__scrt_uninitialize_type_info@@YAXXZ 0000000180064150     MSVCRTD:tncleanup.obj
 0004:0000315c       $pdata$??_Gtype_info@@UEAAPEAXI@Z 000000018006415c     MSVCRTD:std_type_info_static.obj
 0004:00003174       $pdata$??3@YAXPEAX@Z       0000000180064174     MSVCRTD:delete_scalar.obj
 0004:00003180       $pdata$??_V@YAXPEAX@Z      0000000180064180     MSVCRTD:delete_array.obj
 0004:0000318c       $pdata$?dllmain_crt_dispatch@@YAHQEAUHINSTANCE__@@KQEAX@Z 000000018006418c     MSVCRTD:dll_dllmain.obj
 0004:00003198       $pdata$?dllmain_crt_process_attach@@YAHQEAUHINSTANCE__@@QEAX@Z 0000000180064198     MSVCRTD:dll_dllmain.obj
 0004:000031a4       $pdata$?dllmain_crt_process_detach@@YAH_N@Z 00000001800641a4     MSVCRTD:dll_dllmain.obj
 0004:000031b0       $pdata$?dllmain_dispatch@@YAHQEAUHINSTANCE__@@KQEAX@Z 00000001800641b0     MSVCRTD:dll_dllmain.obj
 0004:000031bc       $pdata$?dllmain_raw@@YAHQEAUHINSTANCE__@@KQEAX@Z 00000001800641bc     MSVCRTD:dll_dllmain.obj
 0004:000031c8       $pdata$_CRT_INIT           00000001800641c8     MSVCRTD:dll_dllmain.obj
 0004:000031d4       $pdata$_DllMainCRTStartup  00000001800641d4     MSVCRTD:dll_dllmain.obj
 0004:000031e0       $pdata$_guard_icall_checks_enforced 00000001800641e0     MSVCRTD:guard_support.obj
 0004:000031ec       $pdata$??$__crt_fast_decode_pointer@PEAP6AXXZ@@YAPEAP6AXXZQEAP6AXXZ@Z 00000001800641ec     MSVCRTD:utility.obj
 0004:000031f8       $pdata$??$__crt_fast_encode_pointer@PEAP6AXXZ@@YAPEAP6AXXZQEAP6AXXZ@Z 00000001800641f8     MSVCRTD:utility.obj
 0004:00003204       $pdata$?configure_argv@__scrt_narrow_argv_policy@@SAHXZ 0000000180064204     MSVCRTD:utility.obj
 0004:00003210       $pdata$?find_pe_section@@YAPEAU_IMAGE_SECTION_HEADER@@QEAE_K@Z 0000000180064210     MSVCRTD:utility.obj
 0004:0000321c       $pdata$?is_potentially_valid_image_base@@YA_NQEAX@Z 000000018006421c     MSVCRTD:utility.obj
 0004:00003228       $pdata$__scrt_acquire_startup_lock 0000000180064228     MSVCRTD:utility.obj
 0004:00003234       $pdata$__scrt_dllmain_after_initialize_c 0000000180064234     MSVCRTD:utility.obj
 0004:00003240       $pdata$__scrt_dllmain_before_initialize_c 0000000180064240     MSVCRTD:utility.obj
 0004:0000324c       $pdata$__scrt_dllmain_crt_thread_attach 000000018006424c     MSVCRTD:utility.obj
 0004:00003258       $pdata$__scrt_dllmain_crt_thread_detach 0000000180064258     MSVCRTD:utility.obj
 0004:00003264       $pdata$__scrt_dllmain_exception_filter 0000000180064264     MSVCRTD:utility.obj
 0004:00003270       $pdata$__scrt_dllmain_uninitialize_c 0000000180064270     MSVCRTD:utility.obj
 0004:0000327c       $pdata$__scrt_dllmain_uninitialize_critical 000000018006427c     MSVCRTD:utility.obj
 0004:00003288       $pdata$__scrt_initialize_crt 0000000180064288     MSVCRTD:utility.obj
 0004:00003294       $pdata$__scrt_initialize_onexit_tables 0000000180064294     MSVCRTD:utility.obj
 0004:000032a0       $pdata$__scrt_is_nonwritable_in_current_image 00000001800642a0     MSVCRTD:utility.obj
 0004:000032ac       $pdata$__scrt_release_startup_lock 00000001800642ac     MSVCRTD:utility.obj
 0004:000032b8       $pdata$__scrt_uninitialize_crt 00000001800642b8     MSVCRTD:utility.obj
 0004:000032c4       $pdata$_onexit             00000001800642c4     MSVCRTD:utility.obj
 0004:000032d0       $pdata$at_quick_exit       00000001800642d0     MSVCRTD:utility.obj
 0004:000032dc       $pdata$atexit              00000001800642dc     MSVCRTD:utility.obj
 0004:000032e8       $pdata$__security_init_cookie 00000001800642e8     MSVCRTD:gs_support.obj
 0004:000032f4       $pdata$DllMain             00000001800642f4     MSVCRTD:dll_dllmain_stub.obj
 0004:00003300       $pdata$__scrt_initialize_default_local_stdio_options 0000000180064300     MSVCRTD:default_local_stdio_options.obj
 0004:0000330c       $pdata$__scrt_fastfail     000000018006430c     MSVCRTD:utility_desktop.obj
 0004:00003318       $pdata$__scrt_get_show_window_mode 0000000180064318     MSVCRTD:utility_desktop.obj
 0004:00003324       $pdata$__scrt_is_managed_app 0000000180064324     MSVCRTD:utility_desktop.obj
 0004:00003330       $pdata$__scrt_set_unhandled_exception_filter 0000000180064330     MSVCRTD:utility_desktop.obj
 0004:0000333c       $pdata$__scrt_unhandled_exception_filter 000000018006433c     MSVCRTD:utility_desktop.obj
 0004:00003348       $pdata$_RTC_Initialize     0000000180064348     MSVCRTD:_initsect_.obj
 0004:00003354       $pdata$0$_RTC_Initialize   0000000180064354     MSVCRTD:_initsect_.obj
 0004:00003360       $pdata$1$_RTC_Initialize   0000000180064360     MSVCRTD:_initsect_.obj
 0004:0000336c       $pdata$_RTC_Terminate      000000018006436c     MSVCRTD:_initsect_.obj
 0004:00003378       $pdata$0$_RTC_Terminate    0000000180064378     MSVCRTD:_initsect_.obj
 0004:00003384       $pdata$1$_RTC_Terminate    0000000180064384     MSVCRTD:_initsect_.obj
 0004:00003390       $pdata$_guard_check_icall  0000000180064390     MSVCRTD:checkcfg.obj
 0004:0000339c       $pdata$?DebuggerProbe@@YAHK@Z 000000018006439c     MSVCRTD:_error_.obj
 0004:000033a8       $pdata$?DebuggerRuntime@@YAHKHPEAXPEB_W@Z 00000001800643a8     MSVCRTD:_error_.obj
 0004:000033b4       $pdata$?_RTC_AllocaFailure@@YAXPEAXPEAU_RTC_ALLOCA_NODE@@H@Z 00000001800643b4     MSVCRTD:_error_.obj
 0004:000033c0       $pdata$1$?_RTC_AllocaFailure@@YAXPEAXPEAU_RTC_ALLOCA_NODE@@H@Z 00000001800643c0     MSVCRTD:_error_.obj
 0004:000033cc       $pdata$2$?_RTC_AllocaFailure@@YAXPEAXPEAU_RTC_ALLOCA_NODE@@H@Z 00000001800643cc     MSVCRTD:_error_.obj
 0004:000033d8       $pdata$?_RTC_StackFailure@@YAXPEAXPEBD@Z 00000001800643d8     MSVCRTD:_error_.obj
 0004:000033e4       $pdata$?_getMemBlockDataString@@YAXPEAD00_K@Z 00000001800643e4     MSVCRTD:_error_.obj
 0004:000033f0       $pdata$3$?_getMemBlockDataString@@YAXPEAD00_K@Z 00000001800643f0     MSVCRTD:_error_.obj
 0004:000033fc       $pdata$4$?_getMemBlockDataString@@YAXPEAD00_K@Z 00000001800643fc     MSVCRTD:_error_.obj
 0004:00003408       $pdata$?failwithmessage@@YAXPEAXHHPEBD@Z 0000000180064408     MSVCRTD:_error_.obj
 0004:00003414       $pdata$_RTC_UninitUse      0000000180064414     MSVCRTD:_error_.obj
 0004:00003420       $pdata$_vsprintf_s_l       0000000180064420     MSVCRTD:_error_.obj
 0004:0000342c       $pdata$sprintf_s           000000018006442c     MSVCRTD:_error_.obj
 0004:00003438       $pdata$__isa_available_init 0000000180064438     MSVCRTD:_cpu_disp_.obj
 0004:00003444       $pdata$__scrt_is_ucrt_dll_in_use 0000000180064444     MSVCRTD:ucrt_detection.obj
 0004:00003450       $pdata$?GetPdbDll@@YAPEAUHINSTANCE__@@XZ 0000000180064450     MSVCRTD:_pdblkup_.obj
 0004:0000345c       $pdata$?GetPdbDllFromInstallPath@@YAPEAUHINSTANCE__@@XZ 000000018006445c     MSVCRTD:_pdblkup_.obj
 0004:00003468       $pdata$0$?GetPdbDllFromInstallPath@@YAPEAUHINSTANCE__@@XZ 0000000180064468     MSVCRTD:_pdblkup_.obj
 0004:00003474       $pdata$1$?GetPdbDllFromInstallPath@@YAPEAUHINSTANCE__@@XZ 0000000180064474     MSVCRTD:_pdblkup_.obj
 0004:00003480       $pdata$2$?GetPdbDllFromInstallPath@@YAPEAUHINSTANCE__@@XZ 0000000180064480     MSVCRTD:_pdblkup_.obj
 0004:0000348c       $pdata$3$?GetPdbDllFromInstallPath@@YAPEAUHINSTANCE__@@XZ 000000018006448c     MSVCRTD:_pdblkup_.obj
 0004:00003498       $pdata$4$?GetPdbDllFromInstallPath@@YAPEAUHINSTANCE__@@XZ 0000000180064498     MSVCRTD:_pdblkup_.obj
 0004:000034a4       $pdata$5$?GetPdbDllFromInstallPath@@YAPEAUHINSTANCE__@@XZ 00000001800644a4     MSVCRTD:_pdblkup_.obj
 0004:000034b0       $pdata$?GetPdbDllPathFromFilePath@@YAHPEB_WPEA_W_K@Z 00000001800644b0     MSVCRTD:_pdblkup_.obj
 0004:000034bc       $pdata$?_RTC_GetSrcLine@@YAHPEAEPEA_WKPEAH1K@Z 00000001800644bc     MSVCRTD:_pdblkup_.obj
 0004:000034c8       $pdata$2$?_RTC_GetSrcLine@@YAHPEAEPEA_WKPEAH1K@Z 00000001800644c8     MSVCRTD:_pdblkup_.obj
 0004:000034d4       $pdata$3$?_RTC_GetSrcLine@@YAHPEAEPEA_WKPEAH1K@Z 00000001800644d4     MSVCRTD:_pdblkup_.obj
 0004:000034e0       $pdata$4$?_RTC_GetSrcLine@@YAHPEAEPEA_WKPEAH1K@Z 00000001800644e0     MSVCRTD:_pdblkup_.obj
 0004:000034ec       $pdata$5$?_RTC_GetSrcLine@@YAHPEAEPEA_WKPEAH1K@Z 00000001800644ec     MSVCRTD:_pdblkup_.obj
 0004:000034f8       $pdata$__GSHandlerCheck    00000001800644f8     MSVCRTD:_gshandler_.obj
 0004:00003504       $pdata$__GSHandlerCheckCommon 0000000180064504     MSVCRTD:_gshandler_.obj
 0004:0000351c       $pdata$__raise_securityfailure 000000018006451c     MSVCRTD:gs_report.obj
 0004:00003528       $pdata$__report_gsfailure  0000000180064528     MSVCRTD:gs_report.obj
 0004:00003534       $pdata$__report_rangecheckfailure 0000000180064534     MSVCRTD:gs_report.obj
 0004:00003540       $pdata$__report_securityfailure 0000000180064540     MSVCRTD:gs_report.obj
 0004:0000354c       $pdata$__report_securityfailureEx 000000018006454c     MSVCRTD:gs_report.obj
 0004:00003558       $pdata$capture_current_context 0000000180064558     MSVCRTD:gs_report.obj
 0004:00003564       $pdata$capture_previous_context 0000000180064564     MSVCRTD:gs_report.obj
 0004:0000357c       $pdata$?fin$0@?0??dllmain_crt_process_attach@@YAHQEAUHINSTANCE__@@QEAX@Z@4HA 000000018006457c     MSVCRTD:dll_dllmain.obj
 0004:00003588       $pdata$?fin$0@?0??dllmain_crt_process_detach@@YAH_N@Z@4HA 0000000180064588     MSVCRTD:dll_dllmain.obj
 0004:00003594       $pdata$?filt$0@?0??dllmain_dispatch@@YAHQEAUHINSTANCE__@@KQEAX@Z@4HA 0000000180064594     MSVCRTD:dll_dllmain.obj
 0004:000035a0       $pdata$__scrt_is_nonwritable_in_current_image$filt$0 00000001800645a0     MSVCRTD:utility.obj
 0004:000035ac       $pdata$?filt$0@?0??DebuggerProbe@@YAHK@Z@4HA 00000001800645ac     MSVCRTD:_error_.obj
 0004:000035b8       $pdata$?filt$0@?0??DebuggerRuntime@@YAHKHPEAXPEB_W@Z@4HA 00000001800645b8     MSVCRTD:_error_.obj
 0005:00000000       __guard_fids__CRT_RTC_INIT 0000000180065000     MSVCRTD:_init_.obj
 0005:00000004       __guard_fids__CRT_RTC_INITW 0000000180065004     MSVCRTD:_init_.obj
 0005:00000008       __guard_fids__             0000000180065008     MSVCRTD:std_type_info_static.obj
 0005:0000000c       __guard_fids_?dllmain_crt_process_attach@@YAHQEAUHINSTANCE__@@QEAX@Z 000000018006500c     MSVCRTD:dll_dllmain.obj
 0005:00000014       __guard_fids_?dllmain_dispatch@@YAHQEAUHINSTANCE__@@KQEAX@Z 0000000180065014     MSVCRTD:dll_dllmain.obj
 0005:00000018       __guard_fids__             0000000180065018     MSVCRTD:guard_support.obj
 0005:0000001c       __guard_fids__guard_icall_checks_enforced 000000018006501c     MSVCRTD:guard_support.obj
 0005:00000020       __guard_fids___scrt_set_unhandled_exception_filter 0000000180065020     MSVCRTD:utility_desktop.obj
 0006:000000a0       $R000000                   00000001800660a0     PhysXCooking.res
 0006:000003d0       $R000330                   00000001800663d0     PhysXCooking.res
