 PhysXCooking_64

 Timestamp is 5e1267d6 (Mon Jan  6 07:48:54 2020)

 Preferred load address is 0000000180000000

 Start         Length     Name                   Class
 0001:00000000 00000640H .text$di                CODE
 0001:00000640 0002c150H .text$mn                CODE
 0001:0002c790 00000012H .text$mn$00             CODE
 0001:0002c7a2 00000081H .text$x                 CODE
 0002:00000000 000001c0H .idata$5                DATA
 0002:000001c0 00000010H .00cfg                  DATA
 0002:000001d0 00000008H .CRT$XCA                DATA
 0002:000001d8 000001e0H .CRT$XCU                DATA
 0002:000003b8 00000008H .CRT$XCZ                DATA
 0002:000003c0 00000008H .CRT$XIA                DATA
 0002:000003c8 00000008H .CRT$XIZ                DATA
 0002:000003d0 00000008H .CRT$XPA                DATA
 0002:000003d8 00000008H .CRT$XPZ                DATA
 0002:000003e0 00000008H .CRT$XTA                DATA
 0002:000003e8 00000008H .CRT$XTZ                DATA
 0002:000003f0 00001dd8H .rdata                  DATA
 0002:000021c8 00000074H .rdata$r                DATA
 0002:0000223c 0000038cH .rdata$zzzdbg           DATA
 0002:000025c8 00000008H .rtc$IAA                DATA
 0002:000025d0 00000008H .rtc$IZZ                DATA
 0002:000025d8 00000008H .rtc$TAA                DATA
 0002:000025e0 00000008H .rtc$TZZ                DATA
 0002:000025e8 000039f0H .xdata                  DATA
 0002:00005fd8 00000040H .didat$2                DATA
 0002:00006018 00000020H .didat$3                DATA
 0002:00006038 000001e8H .didat$4                DATA
 0002:00006220 00000bf8H .didat$6                DATA
 0002:00006e18 000001e8H .didat$7                DATA
 0002:00007000 00001d54H .edata                  DATA
 0002:00008d54 00000078H .idata$2                DATA
 0002:00008dcc 00000014H .idata$3                DATA
 0002:00008de0 000001c0H .idata$4                DATA
 0002:00008fa0 0000044aH .idata$6                DATA
 0003:00000000 00000060H .data                   DATA
 0003:00000060 00000650H .data$r                 DATA
 0003:000006b0 000001f0H .didat$5                DATA
 0003:000008a0 00000490H .bss                    DATA
 0004:00000000 00002340H .pdata                  DATA
 0005:00000000 0000001cH .gfids$y                DATA
 0006:00000000 000000a0H .rsrc$01                DATA
 0006:000000a0 000004b0H .rsrc$02                DATA

  Address         Publics by Value              Rva+Base               Lib:Object

 0000:00000000       __guard_fids_table         0000000000000000     <absolute>
 0000:00000000       __guard_longjmp_count      0000000000000000     <absolute>
 0000:00000000       __guard_iat_count          0000000000000000     <absolute>
 0000:00000000       ___safe_se_handler_table   0000000000000000     <absolute>
 0000:00000000       ___safe_se_handler_count   0000000000000000     <absolute>
 0000:00000000       __guard_iat_table          0000000000000000     <absolute>
 0000:00000000       __guard_fids_count         0000000000000000     <absolute>
 0000:00000000       __guard_longjmp_table      0000000000000000     <absolute>
 0000:00000000       __dynamic_value_reloc_table 0000000000000000     <absolute>
 0000:00000100       __guard_flags              0000000000000100     <absolute>
 0000:00000000       __ImageBase                0000000180000000     <linker-defined>
 0001:00000640       ?ComputeNbBoundaryEdges@AdjTriangle@physx@@QEBAIXZ 0000000180001640 f   Adjacencies.obj
 0001:00000690       ?ComputeNbNeighbors@AdjTriangle@physx@@QEBAIXZ 0000000180001690 f   Adjacencies.obj
 0001:000006e0       ?HasNeighbor@AdjTriangle@physx@@QEBA_NIPEAI@Z 00000001800016e0 f   Adjacencies.obj
 0001:00000750       ?Flip@AdjTriangle@physx@@QEAAXXZ 0000000180001750 f   Adjacencies.obj
 0001:00000770       ??0Adjacencies@physx@@QEAA@XZ 0000000180001770 f   Adjacencies.obj
 0001:00000790       ??1Adjacencies@physx@@QEAA@XZ 0000000180001790 f   Adjacencies.obj
 0001:00000800       ?Load@Adjacencies@physx@@QEAA_NAEAVPxInputStream@2@@Z 0000000180001800 f   Adjacencies.obj
 0001:00000920       ?ComputeNbBoundaryEdges@Adjacencies@physx@@QEBAIXZ 0000000180001920 f   Adjacencies.obj
 0001:000009a0       ?GetBoundaryVertices@Adjacencies@physx@@QEBA_NIPEA_NPEBU?$TriangleT@I@Gu@2@@Z 00000001800019a0 f   Adjacencies.obj
 0001:00000af0       ?MakeLastRef@Adjacencies@physx@@QEAA_NAEAVAdjTriangle@2@IPEAU?$TriangleT@I@Gu@2@@Z 0000000180001af0 f   Adjacencies.obj
 0001:00000d10       ?AssignNewEdgeCode@Adjacencies@physx@@AEAAXIE@Z 0000000180001d10 f   Adjacencies.obj
 0001:00000d60       ??0AdjacenciesBuilder@physx@@QEAA@XZ 0000000180001d60 f   Adjacencies.obj
 0001:00000d80       ??1AdjacenciesBuilder@physx@@QEAA@XZ 0000000180001d80 f   Adjacencies.obj
 0001:00000d90       ?Init@AdjacenciesBuilder@physx@@QEAA_NAEBUADJACENCIESCREATE@2@@Z 0000000180001d90 f   Adjacencies.obj
 0001:00001120       ??0AdjEdge@@QEAA@XZ        0000000180002120 f i Adjacencies.obj
 0001:00001130       ??0AdjTriangle@physx@@QEAA@XZ 0000000180002130 f i Adjacencies.obj
 0001:00001140       ??0Allocator@shdfnd@physx@@QEAA@PEBD@Z 0000000180002140 f i Adjacencies.obj
 0001:00001150       ??0PxFoundation@physx@@QEAA@AEBV01@@Z 0000000180002150 f i Adjacencies.obj
 0001:00001160       ??0PxFoundation@physx@@QEAA@XZ 0000000180002160 f i Adjacencies.obj
 0001:00001170       ??1AdjEdge@@QEAA@XZ        0000000180002170 f i Adjacencies.obj
 0001:00001180       ??1AdjTriangle@physx@@QEAA@XZ 0000000180002180 f i Adjacencies.obj
 0001:00001190       ??1PxFoundation@physx@@MEAA@XZ 0000000180002190 f i Adjacencies.obj
 0001:000011a0       ??4Allocator@shdfnd@physx@@QEAAAEAV012@$$QEAV012@@Z 00000001800021a0 f i Adjacencies.obj
 0001:000011b0       ??4Allocator@shdfnd@physx@@QEAAAEAV012@AEBV012@@Z 00000001800021b0 f i Adjacencies.obj
 0001:000011c0       ??4MutexImpl@shdfnd@physx@@QEAAAEAV012@AEBV012@@Z 00000001800021c0 f i Adjacencies.obj
 0001:000011d0       ??4PxFoundation@physx@@QEAAAEAV01@AEBV01@@Z 00000001800021d0 f i Adjacencies.obj
 0001:000011e0       ??_EAdjEdge@@QEAAPEAXI@Z   00000001800021e0 f i Adjacencies.obj
 0001:00001260       ??_EAdjTriangle@physx@@QEAAPEAXI@Z 0000000180002260 f i Adjacencies.obj
 0001:000012e0       ??_EPxFoundation@physx@@MEAAPEAXI@Z 00000001800022e0 f i Adjacencies.obj
 0001:00001370       ??_FAllocator@shdfnd@physx@@QEAAXXZ 0000000180002370 f i Adjacencies.obj
 0001:00001380       ??_GPxFoundation@physx@@MEAAPEAXI@Z 0000000180002380 f i Adjacencies.obj
 0001:000013b0       ??_H@YAXPEAX_K1P6APEAX0@Z@Z 00000001800023b0 f i Adjacencies.obj
 0001:00001400       ??_I@YAXPEAX_K1P6AX0@Z@Z   0000000180002400 f i Adjacencies.obj
 0001:000017c0       ?GetNbHits@RadixSort@Cm@physx@@QEBAIXZ 00000001800027c0 f i Adjacencies.obj
 0001:000017d0       ?GetNbTotalCalls@RadixSort@Cm@physx@@QEBAIXZ 00000001800027d0 f i Adjacencies.obj
 0001:000017e0       ?GetRanks@RadixSort@Cm@physx@@QEBAPEBIXZ 00000001800027e0 f i Adjacencies.obj
 0001:000017f0       ?GetRecyclable@RadixSort@Cm@physx@@QEBAPEAIXZ 00000001800027f0 f i Adjacencies.obj
 0001:00001a40       ?__empty_global_delete@@YAXPEAX@Z 0000000180002a40 f i Adjacencies.obj
 0001:00001a50       ?__empty_global_delete@@YAXPEAX_K@Z 0000000180002a50 f i Adjacencies.obj
 0001:00001a60       ?getAllocator@Foundation@shdfnd@physx@@QEAAAEAVPxAllocatorCallback@3@XZ 0000000180002a60 f i Adjacencies.obj
 0001:00001a70       ?getAllocatorCallback@Foundation@shdfnd@physx@@UEAAAEAVPxAllocatorCallback@3@XZ 0000000180002a70 f i Adjacencies.obj
 0001:00001a80       ?getErrorCallback@Foundation@shdfnd@physx@@UEAAAEAVPxErrorCallback@3@XZ 0000000180002a80 f i Adjacencies.obj
 0001:00001a90       ?getErrorLevel@Foundation@shdfnd@physx@@UEBA?AW4Enum@PxErrorCode@3@XZ 0000000180002a90 f i Adjacencies.obj
 0001:00001aa0       ?getInternalErrorCallback@Foundation@shdfnd@physx@@QEAAAEAVPxErrorCallback@3@XZ 0000000180002aa0 f i Adjacencies.obj
 0001:00001ab0       ?getNamedAllocMap@Foundation@shdfnd@physx@@QEAAAEAV?$HashMap@PEBVNamedAllocator@shdfnd@physx@@PEBDU?$Hash@PEBVNamedAllocator@shdfnd@physx@@@23@VNonTrackingAllocator@23@@23@XZ 0000000180002ab0 f i Adjacencies.obj
 0001:00001ac0       ?getNamedAllocMutex@Foundation@shdfnd@physx@@QEAAAEAV?$MutexT@VAllocator@shdfnd@physx@@@23@XZ 0000000180002ac0 f i Adjacencies.obj
 0001:00001ad0       ?getReportAllocationNames@Foundation@shdfnd@physx@@UEBA_NXZ 0000000180002ad0 f i Adjacencies.obj
 0001:00001ae0       ?getTempAllocFreeTable@Foundation@shdfnd@physx@@QEAAAEAV?$Array@PEATTempAllocatorChunk@shdfnd@physx@@VAllocator@23@@23@XZ 0000000180002ae0 f i Adjacencies.obj
 0001:00001af0       ?getTempAllocMutex@Foundation@shdfnd@physx@@QEAAAEAV?$MutexT@VAllocator@shdfnd@physx@@@23@XZ 0000000180002af0 f i Adjacencies.obj
 0001:00001b00       ?invalidateRanks@RadixSort@Cm@physx@@QEAAXXZ 0000000180002b00 f i Adjacencies.obj
 0001:00001b10       ?setErrorLevel@Foundation@shdfnd@physx@@UEAAXW4Enum@PxErrorCode@3@@Z 0000000180002b10 f i Adjacencies.obj
 0001:00001b20       ?setReportAllocationNames@Foundation@shdfnd@physx@@UEAAX_N@Z 0000000180002b20 f i Adjacencies.obj
 0001:00001b30       PxCreateCooking            0000000180002b30 f   Cooking.obj
 0001:00001c20       ?release@Cooking@physx@@UEAAXXZ 0000000180002c20 f   Cooking.obj
 0001:00001c50       ?setParams@Cooking@physx@@UEAAXAEBUPxCookingParams@2@@Z 0000000180002c50 f   Cooking.obj
 0001:00001cb0       ?getParams@Cooking@physx@@UEBAAEBUPxCookingParams@2@XZ 0000000180002cb0 f   Cooking.obj
 0001:00001cc0       ?platformMismatch@Cooking@physx@@UEBA_NXZ 0000000180002cc0 f   Cooking.obj
 0001:00001cd0       ?cookTriangleMesh@Cooking@physx@@UEBA_NAEBVPxTriangleMeshDesc@2@AEAVPxOutputStream@2@PEAW4Enum@PxTriangleMeshCookingResult@2@@Z 0000000180002cd0 f   Cooking.obj
 0001:00001e30       ?createTriangleMesh@Cooking@physx@@UEBAPEAVPxTriangleMesh@2@AEBVPxTriangleMeshDesc@2@AEAVPxPhysicsInsertionCallback@2@PEAW4Enum@PxTriangleMeshCookingResult@2@@Z 0000000180002e30 f   Cooking.obj
 0001:00001f90       ?validateTriangleMesh@Cooking@physx@@UEBA_NAEBVPxTriangleMeshDesc@2@@Z 0000000180002f90 f   Cooking.obj
 0001:00002040       ?cookConvexMesh@Cooking@physx@@UEBA_NAEBVPxConvexMeshDesc@2@AEAVPxOutputStream@2@PEAW4Enum@PxConvexMeshCookingResult@2@@Z 0000000180003040 f   Cooking.obj
 0001:00002230       ?createConvexMesh@Cooking@physx@@UEBAPEAVPxConvexMesh@2@AEBVPxConvexMeshDesc@2@AEAVPxPhysicsInsertionCallback@2@PEAW4Enum@PxConvexMeshCookingResult@2@@Z 0000000180003230 f   Cooking.obj
 0001:000024d0       ?validateConvexMesh@Cooking@physx@@UEBA_NAEBVPxConvexMeshDesc@2@@Z 00000001800034d0 f   Cooking.obj
 0001:00002540       ?computeHullPolygons@Cooking@physx@@UEBA_NAEBVPxSimpleTriangleMesh@2@AEAVPxAllocatorCallback@2@AEAIAEAPEAVPxVec3@2@2AEAPEAI2AEAPEAUPxHullPolygon@2@@Z 0000000180003540 f   Cooking.obj
 0001:00002720       ?cookHeightField@Cooking@physx@@UEBA_NAEBVPxHeightFieldDesc@2@AEAVPxOutputStream@2@@Z 0000000180003720 f   Cooking.obj
 0001:00002820       ?createHeightField@Cooking@physx@@UEBAPEAVPxHeightField@2@AEBVPxHeightFieldDesc@2@AEAVPxPhysicsInsertionCallback@2@@Z 0000000180003820 f   Cooking.obj
 0001:00002990       ?cookBVHStructure@Cooking@physx@@UEBA_NAEBVPxBVHStructureDesc@2@AEAVPxOutputStream@2@@Z 0000000180003990 f   Cooking.obj
 0001:00002a40       ?createBVHStructure@Cooking@physx@@UEBAPEAVPxBVHStructure@2@AEBVPxBVHStructureDesc@2@AEAVPxPhysicsInsertionCallback@2@@Z 0000000180003a40 f   Cooking.obj
 0001:00002af0       ?cookConvexMeshInternal@Cooking@physx@@AEBA_NAEBVPxConvexMeshDesc@2@AEAVConvexMeshBuilder@2@PEAVConvexHullLib@2@PEAW4Enum@PxConvexMeshCookingResult@2@@Z 0000000180003af0 f   Cooking.obj
 0001:00002ce0       ?cookTriangleMesh@Cooking@physx@@AEBA_NAEAVTriangleMeshBuilder@2@AEBVPxTriangleMeshDesc@2@AEAVPxOutputStream@2@PEAW4Enum@PxTriangleMeshCookingResult@2@@Z 0000000180003ce0 f   Cooking.obj
 0001:00002d80       ?createTriangleMesh@Cooking@physx@@AEBAPEAVPxTriangleMesh@2@AEAVTriangleMeshBuilder@2@AEBVPxTriangleMeshDesc@2@AEAVPxPhysicsInsertionCallback@2@PEAW4Enum@PxTriangleMeshCookingResult@2@@Z 0000000180003d80 f   Cooking.obj
 0001:00002e30       ??0ConvexMesh@Gu@physx@@QEAA@V?$PxFlags@W4Enum@PxBaseFlag@physx@@G@2@@Z 0000000180003e30 f i Cooking.obj
 0001:00002e60       ??0DebugText@Cm@physx@@QEAA@$$QEAU012@@Z 0000000180003e60 f i Cooking.obj
 0001:00002f40       ??0DebugText@Cm@physx@@QEAA@AEBU012@@Z 0000000180003f40 f i Cooking.obj
 0001:00003020       ??0HeightFieldData@Gu@physx@@QEAA@$$QEAU012@@Z 0000000180004020 f i Cooking.obj
 0001:00003080       ??0HeightFieldData@Gu@physx@@QEAA@AEBU012@@Z 0000000180004080 f i Cooking.obj
 0001:000030e0       ??0HeightFieldData@Gu@physx@@QEAA@W4PxEMPTY@2@@Z 00000001800040e0 f i Cooking.obj
 0001:000030f0       ??0HeightFieldData@Gu@physx@@QEAA@XZ 00000001800040f0 f i Cooking.obj
 0001:00003100       ??0RenderOutput@Cm@physx@@QEAA@AEAVRenderBuffer@12@@Z 0000000180004100 f i Cooking.obj
 0001:00003150       ??0RenderOutput@Cm@physx@@QEAA@AEBV012@@Z 0000000180004150 f i Cooking.obj
 0001:000031f0       ??1HeightFieldData@Gu@physx@@QEAA@XZ 00000001800041f0 f i Cooking.obj
 0001:00003200       ??1PxBase@physx@@MEAA@XZ   0000000180004200 f i Cooking.obj
 0001:00003210       ??1PxConvexMesh@physx@@MEAA@XZ 0000000180004210 f i Cooking.obj
 0001:00003220       ??1PxCooking@physx@@MEAA@XZ 0000000180004220 f i Cooking.obj
 0001:00003230       ??1PxHeightField@physx@@MEAA@XZ 0000000180004230 f i Cooking.obj
 0001:00003240       ??1RefCountable@Cm@physx@@UEAA@XZ 0000000180004240 f i Cooking.obj
 0001:00003250       ??4DebugText@Cm@physx@@QEAAAEAU012@$$QEAU012@@Z 0000000180004250 f i Cooking.obj
 0001:000032c0       ??4DebugText@Cm@physx@@QEAAAEAU012@AEBU012@@Z 00000001800042c0 f i Cooking.obj
 0001:00003330       ??4FPUGuard@shdfnd@physx@@QEAAAEAV012@AEBV012@@Z 0000000180004330 f i Cooking.obj
 0001:00003350       ??4HeightFieldData@Gu@physx@@QEAAAEAU012@$$QEAU012@@Z 0000000180004350 f i Cooking.obj
 0001:000033b0       ??4HeightFieldData@Gu@physx@@QEAAAEAU012@AEBU012@@Z 00000001800043b0 f i Cooking.obj
 0001:00003410       ??_EConvexMesh@Gu@physx@@UEAAPEAXI@Z 0000000180004410 f i Cooking.obj
 0001:0000351c       ??_EConvexMesh@Gu@physx@@WBA@EAAPEAXI@Z 000000018000451c f i Cooking.obj
 0001:00003530       ??_EPxConvexMesh@physx@@MEAAPEAXI@Z 0000000180004530 f i Cooking.obj
 0001:000035c0       ??_ECooking@physx@@UEAAPEAXI@Z 00000001800045c0 f i Cooking.obj
 0001:000035c0       ??_GCooking@physx@@UEAAPEAXI@Z 00000001800045c0 f i Cooking.obj
 0001:00003610       ??_GPxBase@physx@@MEAAPEAXI@Z 0000000180004610 f i Cooking.obj
 0001:00003610       ??_EPxBase@physx@@MEAAPEAXI@Z 0000000180004610 f i Cooking.obj
 0001:00003640       ??_GPxCooking@physx@@MEAAPEAXI@Z 0000000180004640 f i Cooking.obj
 0001:00003640       ??_EPxCooking@physx@@MEAAPEAXI@Z 0000000180004640 f i Cooking.obj
 0001:00003670       ??_GRefCountable@Cm@physx@@UEAAPEAXI@Z 0000000180004670 f i Cooking.obj
 0001:00003670       ??_ERefCountable@Cm@physx@@UEAAPEAXI@Z 0000000180004670 f i Cooking.obj
 0001:000036a0       ?allocate@?$ReflectionAllocator@UPxDebugLine@physx@@@shdfnd@physx@@QEAAPEAX_KPEBDH@Z 00000001800046a0 f i Cooking.obj
 0001:00003740       ?copy@?$Array@UPxDebugLine@physx@@V?$ReflectionAllocator@UPxDebugLine@physx@@@shdfnd@2@@shdfnd@physx@@KAXPEAUPxDebugLine@3@0PEBU43@@Z 0000000180004740 f i Cooking.obj
 0001:000038e0       ?getConcreteTypeName@PxConvexMesh@physx@@UEBAPEBDXZ 00000001800048e0 f i Cooking.obj
 0001:000038f0       ?getConcreteTypeName@PxHeightField@physx@@UEBAPEBDXZ 00000001800048f0 f i Cooking.obj
 0001:00003900       ?getConvexEdgeThreshold@HeightField@Gu@physx@@UEBAMXZ 0000000180004900 f i Cooking.obj
 0001:00003910       ?getFlags@HeightField@Gu@physx@@UEBA?AV?$PxFlags@W4Enum@PxHeightFieldFlag@physx@@G@3@XZ 0000000180004910 f i Cooking.obj
 0001:00003920       ?getFormat@HeightField@Gu@physx@@UEBA?AW4Enum@PxHeightFieldFormat@3@XZ 0000000180004920 f i Cooking.obj
 0001:00003930       ?getHeight@HeightField@Gu@physx@@UEBAMMM@Z 0000000180004930 f i Cooking.obj
 0001:00003970       ?getHeightInternal2@HeightField@Gu@physx@@QEBAMIMM@Z 0000000180004970 f i Cooking.obj
 0001:00003ae0       ?getIndexBuffer@ConvexMesh@Gu@physx@@UEBAPEBEXZ 0000000180004ae0 f i Cooking.obj
 0001:00003b20       ?getNbColumns@HeightField@Gu@physx@@UEBAIXZ 0000000180004b20 f i Cooking.obj
 0001:00003b30       ?getNbPolygons@ConvexMesh@Gu@physx@@UEBAIXZ 0000000180004b30 f i Cooking.obj
 0001:00003b40       ?getNbRows@HeightField@Gu@physx@@UEBAIXZ 0000000180004b40 f i Cooking.obj
 0001:00003b50       ?getNbVertices@ConvexMesh@Gu@physx@@UEBAIXZ 0000000180004b50 f i Cooking.obj
 0001:00003b60       ?getPaddedBounds@HeightFieldData@Gu@physx@@QEBAAEBVCenterExtentsPadded@23@XZ 0000000180004b60 f i Cooking.obj
 0001:00003b70       ?getSample@HeightField@Gu@physx@@UEBAAEBUPxHeightFieldSample@3@II@Z 0000000180004b70 f i Cooking.obj
 0001:00003b80       ?getSampleStride@HeightField@Gu@physx@@UEBAIXZ 0000000180004b80 f i Cooking.obj
 0001:00003b90       ?getTimestamp@HeightField@Gu@physx@@UEBAIXZ 0000000180004b90 f i Cooking.obj
 0001:00003ba0       ?getTriangleMaterialIndex@HeightField@Gu@physx@@UEBAGI@Z 0000000180004ba0 f i Cooking.obj
 0001:00003be0       ?getTriangleNormal@HeightField@Gu@physx@@UEBA?AVPxVec3@3@I@Z 0000000180004be0 f i Cooking.obj
 0001:00003c00       ?getTriangleNormalInternal@HeightField@Gu@physx@@QEBA?AVPxVec3@3@I@Z 0000000180004c00 f i Cooking.obj
 0001:00003d60       ?getVertices@ConvexMesh@Gu@physx@@UEBAPEBVPxVec3@3@XZ 0000000180004d60 f i Cooking.obj
 0001:00003d80       ?isKindOf@PxBase@physx@@MEBA_NPEBD@Z 0000000180004d80 f i Cooking.obj
 0001:00003db0       ?isKindOf@PxConvexMesh@physx@@MEBA_NPEBD@Z 0000000180004db0 f i Cooking.obj
 0001:00003e00       ?isKindOf@PxHeightField@physx@@MEBA_NPEBD@Z 0000000180004e00 f i Cooking.obj
 0001:00003e50       ?isReleasable@PxBase@physx@@UEBA_NXZ 0000000180004e50 f i Cooking.obj
 0001:00003e60       ?isValid@PxConvexMeshDesc@physx@@QEBA_NXZ 0000000180004e60 f i Cooking.obj
 0001:00003ef0       ?isValid@PxTriangleMeshDesc@physx@@QEBA_NXZ 0000000180004ef0 f i Cooking.obj
 0001:00003f70       ?onRefCountZero@RefCountable@Cm@physx@@UEAAXXZ 0000000180004f70 f i Cooking.obj
 0001:00003f90       ?outputSegment@RenderOutput@Cm@physx@@QEAAXAEBVPxVec3@3@0@Z 0000000180004f90 f i Cooking.obj
 0001:00004040       ?preExportDataReset@ConvexMesh@Gu@physx@@QEAAXXZ 0000000180005040 f i Cooking.obj
 0001:00004050       ?preExportDataReset@HeightField@Gu@physx@@QEAAXXZ 0000000180005050 f i Cooking.obj
 0001:00004060       ?recreate@?$Array@UPxDebugLine@physx@@V?$ReflectionAllocator@UPxDebugLine@physx@@@shdfnd@2@@shdfnd@physx@@IEAAXI@Z 0000000180005060 f i Cooking.obj
 0001:000040f0       ?requiresObjects@ConvexMesh@Gu@physx@@UEAAXAEAVPxProcessPxBaseCallback@3@@Z 00000001800050f0 f i Cooking.obj
 0001:00004100       ?reserveSegments@RenderOutput@Cm@physx@@QEAAPEAUPxDebugLine@3@I@Z 0000000180005100 f i Cooking.obj
 0001:00004160       ??0ReducedVertexCloud@physx@@QEAA@PEBVPxVec3@1@I@Z 0000000180005160 f   CookingUtils.obj
 0001:00004180       ??1ReducedVertexCloud@physx@@QEAA@XZ 0000000180005180 f   CookingUtils.obj
 0001:000041f0       ?Clean@ReducedVertexCloud@physx@@QEAAAEAV12@XZ 00000001800051f0 f   CookingUtils.obj
 0001:00004260       ?Reduce@ReducedVertexCloud@physx@@QEAA_NPEAUREDUCEDCLOUD@2@@Z 0000000180005260 f   CookingUtils.obj
 0001:000045b0       ??0EdgeList@Gu@physx@@QEAA@XZ 00000001800055b0 f   EdgeList.obj
 0001:000045d0       ??1EdgeList@Gu@physx@@QEAA@XZ 00000001800055d0 f   EdgeList.obj
 0001:00004680       ?load@EdgeList@Gu@physx@@QEAA_NAEAVPxInputStream@3@@Z 0000000180005680 f   EdgeList.obj
 0001:00004870       ??0EdgeListBuilder@Gu@physx@@QEAA@XZ 0000000180005870 f   EdgeList.obj
 0001:00004890       ??1EdgeListBuilder@Gu@physx@@QEAA@XZ 0000000180005890 f   EdgeList.obj
 0001:000048a0       ?init@EdgeListBuilder@Gu@physx@@QEAA_NAEBUEDGELISTCREATE@23@@Z 00000001800058a0 f   EdgeList.obj
 0001:000049e0       ?createFacesToEdges@EdgeListBuilder@Gu@physx@@AEAA_NIPEBIPEBG@Z 00000001800059e0 f   EdgeList.obj
 0001:00004ed0       ?createEdgesToFaces@EdgeListBuilder@Gu@physx@@AEAA_NIPEBIPEBG@Z 0000000180005ed0 f   EdgeList.obj
 0001:00005120       ?computeActiveEdges@EdgeListBuilder@Gu@physx@@AEAA_NIPEBIPEBGPEBVPxVec3@3@M@Z 0000000180006120 f   EdgeList.obj
 0001:00006680       ??0PxVec3@physx@@QEAA@XZ   0000000180007680 f i EdgeList.obj
 0001:000066e0       ??0MeshCleaner@physx@@QEAA@IPEBVPxVec3@1@IPEBIM@Z 00000001800076e0 f   MeshCleaner.obj
 0001:00007050       ??1MeshCleaner@physx@@QEAA@XZ 0000000180008050 f   MeshCleaner.obj
 0001:000070e0       ?createQuantizer@physx@@YAPEAVQuantizer@1@XZ 00000001800080e0 f   Quantizer.obj
 0001:00007190       ?kmeans_cluster3d@@YAIPEBVPxVec3@physx@@IIPEAV12@PEAIMM@Z 0000000180008190 f   Quantizer.obj
 0001:000071a0       ??$kmeans_cluster@VPxVec3@physx@@M@@YAIPEBVPxVec3@physx@@IIPEAV01@PEAIMM@Z 00000001800081a0 f i Quantizer.obj
 0001:00007a20       ??1Quantizer@physx@@MEAA@XZ 0000000180008a20 f i Quantizer.obj
 0001:00007a30       ??1QuantizerImpl@@EEAA@XZ  0000000180008a30 f i Quantizer.obj
 0001:00007ab0       ??_EQuantizer@physx@@MEAAPEAXI@Z 0000000180008ab0 f i Quantizer.obj
 0001:00007ab0       ??_GQuantizer@physx@@MEAAPEAXI@Z 0000000180008ab0 f i Quantizer.obj
 0001:00007ae0       ??_GQuantizerImpl@@EEAAPEAXI@Z 0000000180008ae0 f i Quantizer.obj
 0001:00007ae0       ??_EQuantizerImpl@@EEAAPEAXI@Z 0000000180008ae0 f i Quantizer.obj
 0001:00007b40       ?allocate@?$ReflectionAllocator@VPxVec3@physx@@@shdfnd@physx@@QEAAPEAX_KPEBDH@Z 0000000180008b40 f i Quantizer.obj
 0001:00007be0       ?copy@?$Array@VPxVec3@physx@@V?$ReflectionAllocator@VPxVec3@physx@@@shdfnd@2@@shdfnd@physx@@KAXPEAVPxVec3@3@0PEBV43@@Z 0000000180008be0 f i Quantizer.obj
 0001:00007cd0       ?getDenormalizeCenter@QuantizerImpl@@UEBAAEBVPxVec3@physx@@XZ 0000000180008cd0 f i Quantizer.obj
 0001:00007ce0       ?getDenormalizeScale@QuantizerImpl@@UEBAAEBVPxVec3@physx@@XZ 0000000180008ce0 f i Quantizer.obj
 0001:00007cf0       ?growAndPushBack@?$Array@VPxVec3@physx@@V?$ReflectionAllocator@VPxVec3@physx@@@shdfnd@2@@shdfnd@physx@@IEAAAEAVPxVec3@3@AEBV43@@Z 0000000180008cf0 f i Quantizer.obj
 0001:00007de0       ?kmeansQuantize3D@QuantizerImpl@@UEAAPEBVPxVec3@physx@@IPEBV23@I_NIAEAI@Z 0000000180008de0 f i Quantizer.obj
 0001:00008050       ?normalizeInput@QuantizerImpl@@AEAAXIPEBVPxVec3@physx@@I@Z 0000000180009050 f i Quantizer.obj
 0001:00008410       ?release@QuantizerImpl@@UEAAXXZ 0000000180009410 f i Quantizer.obj
 0001:00008430       ??0BVHStructureBuilder@physx@@QEAA@XZ 0000000180009430 f   BVHStructureBuilder.obj
 0001:00008450       ??1BVHStructureBuilder@physx@@QEAA@XZ 0000000180009450 f   BVHStructureBuilder.obj
 0001:000084e0       ?loadFromDesc@BVHStructureBuilder@physx@@QEAA_NAEBVPxBVHStructureDesc@2@@Z 00000001800094e0 f   BVHStructureBuilder.obj
 0001:000086b0       ?save@BVHStructureBuilder@physx@@QEBA_NAEAVPxOutputStream@2@_N@Z 00000001800096b0 f   BVHStructureBuilder.obj
 0001:00008840       ?moveData@BVHStructureBuilder@physx@@QEAAXAEAUBVHStructureData@Gu@2@@Z 0000000180009840 f   BVHStructureBuilder.obj
 0001:00008880       ?flatten@@YAXAEBVNodeAllocator@Gu@physx@@PEAUBVHNode@23@@Z 0000000180009880 f   BVHStructureBuilder.obj
 0001:00008a40       ??$?4V?$ReflectionAllocator@USlab@NodeAllocator@Gu@physx@@@shdfnd@physx@@@?$Array@USlab@NodeAllocator@Gu@physx@@V?$ReflectionAllocator@USlab@NodeAllocator@Gu@physx@@@shdfnd@4@@shdfnd@physx@@QEAAAEAV012@AEBV012@@Z 0000000180009a40 f i BVHStructureBuilder.obj
 0001:00008ab0       ??$copy@V?$ReflectionAllocator@USlab@NodeAllocator@Gu@physx@@@shdfnd@physx@@@?$Array@USlab@NodeAllocator@Gu@physx@@V?$ReflectionAllocator@USlab@NodeAllocator@Gu@physx@@@shdfnd@4@@shdfnd@physx@@IEAAXAEBV012@@Z 0000000180009ab0 f i BVHStructureBuilder.obj
 0001:00008b40       ??0AABBTreeBuildNode@Gu@physx@@QEAA@AEBV012@@Z 0000000180009b40 f i BVHStructureBuilder.obj
 0001:00008b80       ??0AABBTreeBuildNode@Gu@physx@@QEAA@XZ 0000000180009b80 f i BVHStructureBuilder.obj
 0001:00008b90       ??0AABBTreeBuildParams@Gu@physx@@QEAA@IIPEBVPxBounds3@2@@Z 0000000180009b90 f i BVHStructureBuilder.obj
 0001:00008bb0       ??0BuildStats@Gu@physx@@QEAA@XZ 0000000180009bb0 f i BVHStructureBuilder.obj
 0001:00008bc0       ??0NodeAllocator@Gu@physx@@QEAA@AEBV012@@Z 0000000180009bc0 f i BVHStructureBuilder.obj
 0001:00008c00       ??1AABBTreeBuildNode@Gu@physx@@QEAA@XZ 0000000180009c00 f i BVHStructureBuilder.obj
 0001:00008c10       ??1AABBTreeBuildParams@Gu@physx@@QEAA@XZ 0000000180009c10 f i BVHStructureBuilder.obj
 0001:00008c70       ??4AABBTreeBuildNode@Gu@physx@@QEAAAEAV012@AEBV012@@Z 0000000180009c70 f i BVHStructureBuilder.obj
 0001:00008cb0       ??4AABBTreeBuildParams@Gu@physx@@QEAAAEAV012@AEBV012@@Z 0000000180009cb0 f i BVHStructureBuilder.obj
 0001:00008cd0       ??4BuildStats@Gu@physx@@QEAAAEAU012@$$QEAU012@@Z 0000000180009cd0 f i BVHStructureBuilder.obj
 0001:00008ce0       ??4BuildStats@Gu@physx@@QEAAAEAU012@AEBU012@@Z 0000000180009ce0 f i BVHStructureBuilder.obj
 0001:00008cf0       ??4NodeAllocator@Gu@physx@@QEAAAEAV012@AEBV012@@Z 0000000180009cf0 f i BVHStructureBuilder.obj
 0001:00008d30       ??_FAABBTreeBuildParams@Gu@physx@@QEAAXXZ 0000000180009d30 f i BVHStructureBuilder.obj
 0001:00008d50       ?__global_array_delete@@YAXPEAX@Z 0000000180009d50 f i BVHStructureBuilder.obj
 0001:00008d60       ?__global_array_delete@@YAXPEAX_K@Z 0000000180009d60 f i BVHStructureBuilder.obj
 0001:00008d70       ?__global_delete@@YAXPEAX@Z 0000000180009d70 f i BVHStructureBuilder.obj
 0001:00008d80       ?__global_delete@@YAXPEAX_K@Z 0000000180009d80 f i BVHStructureBuilder.obj
 0001:00008d90       ?allocate@?$ReflectionAllocator@USlab@NodeAllocator@Gu@physx@@@shdfnd@physx@@QEAAPEAX_KPEBDH@Z 0000000180009d90 f i BVHStructureBuilder.obj
 0001:00008e30       ?getAABB@AABBTreeBuildNode@Gu@physx@@QEBAAEBVPxBounds3@3@XZ 0000000180009e30 f i BVHStructureBuilder.obj
 0001:00008e40       ?getCount@BuildStats@Gu@physx@@QEBAIXZ 0000000180009e40 f i BVHStructureBuilder.obj
 0001:00008e50       ?getNbPrimitives@AABBTreeBuildNode@Gu@physx@@QEBAIXZ 0000000180009e50 f i BVHStructureBuilder.obj
 0001:00008e60       ?getNbRuntimePrimitives@AABBTreeBuildNode@Gu@physx@@QEBAIXZ 0000000180009e60 f i BVHStructureBuilder.obj
 0001:00008e70       ?getNeg@AABBTreeBuildNode@Gu@physx@@QEBAPEBV123@XZ 0000000180009e70 f i BVHStructureBuilder.obj
 0001:00008e90       ?getPos@AABBTreeBuildNode@Gu@physx@@QEBAPEBV123@XZ 0000000180009e90 f i BVHStructureBuilder.obj
 0001:00008ea0       ?getPrimitives@AABBTreeBuildNode@Gu@physx@@QEAAPEAIPEAI@Z 0000000180009ea0 f i BVHStructureBuilder.obj
 0001:00008eb0       ?getPrimitives@AABBTreeBuildNode@Gu@physx@@QEBAPEBIPEBI@Z 0000000180009eb0 f i BVHStructureBuilder.obj
 0001:00008ec0       ?increaseCount@BuildStats@Gu@physx@@QEAAXI@Z 0000000180009ec0 f i BVHStructureBuilder.obj
 0001:00008ed0       ?isLeaf@AABBTreeBuildNode@Gu@physx@@QEBA_NXZ 0000000180009ed0 f i BVHStructureBuilder.obj
 0001:00008ee0       ?recreate@?$Array@USlab@NodeAllocator@Gu@physx@@V?$ReflectionAllocator@USlab@NodeAllocator@Gu@physx@@@shdfnd@4@@shdfnd@physx@@IEAAXI@Z 0000000180009ee0 f i BVHStructureBuilder.obj
 0001:00008f90       ?reset@AABBTreeBuildParams@Gu@physx@@QEAAXXZ 0000000180009f90 f i BVHStructureBuilder.obj
 0001:00008ff0       ?reset@BuildStats@Gu@physx@@QEAAXXZ 0000000180009ff0 f i BVHStructureBuilder.obj
 0001:00009000       ?setCount@BuildStats@Gu@physx@@QEAAXI@Z 000000018000a000 f i BVHStructureBuilder.obj
 0001:00009010       ?setNbRunTimePrimitives@AABBTreeBuildNode@Gu@physx@@QEAAXI@Z 000000018000a010 f i BVHStructureBuilder.obj
 0001:00009020       ?saveHeightField@physx@@YA_NAEBVHeightField@Gu@1@AEAVPxOutputStream@1@_N@Z 000000018000a020 f   HeightFieldCooking.obj
 0001:00009260       ?buildFromTriangles@RTreeCooker@physx@@SAXAEAURTree@Gu@2@PEBVPxVec3@2@IPEBGPEBIIAEAV?$Array@IV?$ReflectionAllocator@I@shdfnd@physx@@@shdfnd@2@PEAURemapCallback@12@MW4Enum@PxMeshCookingHint@2@@Z 000000018000a260 f   RTreeCooking.obj
 0001:00009520       ??$median3@I$$CBUSortBoundsPredicate@physx@@@internal@shdfnd@physx@@YAXPEAIHHAEBUSortBoundsPredicate@2@@Z 000000018000a520 f i RTreeCooking.obj
 0001:00009640       ??$partition@I$$CBU?$Less@I@shdfnd@physx@@@internal@shdfnd@physx@@YAHPEAIHHAEBU?$Less@I@12@@Z 000000018000a640 f i RTreeCooking.obj
 0001:00009710       ??$partition@I$$CBUSortBoundsPredicate@physx@@@internal@shdfnd@physx@@YAHPEAIHHAEBUSortBoundsPredicate@2@@Z 000000018000a710 f i RTreeCooking.obj
 0001:00009800       ??$partition@UBoundsLTE@physx@@@quickSelect@physx@@YAIPEIAIIIIAEBUBoundsLTE@1@@Z 000000018000a800 f i RTreeCooking.obj
 0001:000099a0       ??$quickSelectFirstK@UBoundsLTE@physx@@@quickSelect@physx@@YAXPEIAIIIIAEBUBoundsLTE@1@@Z 000000018000a9a0 f i RTreeCooking.obj
 0001:00009b90       ??$smallSort@I$$CBU?$Less@I@shdfnd@physx@@@internal@shdfnd@physx@@YAXPEAIHHAEBU?$Less@I@12@@Z 000000018000ab90 f i RTreeCooking.obj
 0001:00009c70       ??$smallSort@I$$CBUSortBoundsPredicate@physx@@@internal@shdfnd@physx@@YAXPEAIHHAEBUSortBoundsPredicate@2@@Z 000000018000ac70 f i RTreeCooking.obj
 0001:00009f60       ??$sort@I@shdfnd@physx@@YAXPEAII@Z 000000018000af60 f i RTreeCooking.obj
 0001:00009f80       ??$sort@IU?$Less@I@shdfnd@physx@@V?$ReflectionAllocator@I@23@@shdfnd@physx@@YAXPEAIIAEBU?$Less@I@01@AEBV?$ReflectionAllocator@I@01@I@Z 000000018000af80 f i RTreeCooking.obj
 0001:0000a280       ??$sort@IUSortBoundsPredicate@physx@@@shdfnd@physx@@YAXPEAIIAEBUSortBoundsPredicate@1@@Z 000000018000b280 f i RTreeCooking.obj
 0001:0000a2a0       ??$sort@IUSortBoundsPredicate@physx@@V?$ReflectionAllocator@I@shdfnd@2@@shdfnd@physx@@YAXPEAIIAEBUSortBoundsPredicate@1@AEBV?$ReflectionAllocator@I@01@I@Z 000000018000b2a0 f i RTreeCooking.obj
 0001:0000a5a0       ??0SubSortQuick@physx@@QEAA@PEAIPEBUPxBounds3V@1@IM@Z 000000018000b5a0 f i RTreeCooking.obj
 0001:0000a6f0       ??0SubSortSAH@physx@@QEAA@PEAIPEBUPxBounds3V@1@IPEBI22222M@Z 000000018000b6f0 f i RTreeCooking.obj
 0001:0000a880       ?allocate@?$Array@UInterval@physx@@V?$InlineAllocator@$0CAAA@V?$ReflectionAllocator@UInterval@physx@@@shdfnd@physx@@@shdfnd@2@@shdfnd@physx@@IEAAPEAUInterval@3@I@Z 000000018000b880 f i RTreeCooking.obj
 0001:0000a940       ?allocate@?$ReflectionAllocator@I@shdfnd@physx@@QEAAPEAX_KPEBDH@Z 000000018000b940 f i RTreeCooking.obj
 0001:0000a9e0       ?allocate@?$ReflectionAllocator@UPxBounds3V@physx@@@shdfnd@physx@@QEAAPEAX_KPEBDH@Z 000000018000b9e0 f i RTreeCooking.obj
 0001:0000aa80       ?allocate@?$ReflectionAllocator@URTreeNodeNQ@physx@@@shdfnd@physx@@QEAAPEAX_KPEBDH@Z 000000018000ba80 f i RTreeCooking.obj
 0001:0000ab20       ?allocate@?$ReflectionAllocator@URTreeNodeQ@Gu@physx@@@shdfnd@physx@@QEAAPEAX_KPEBDH@Z 000000018000bb20 f i RTreeCooking.obj
 0001:0000b610       ?copy@?$Array@URTreeNodeNQ@physx@@V?$ReflectionAllocator@URTreeNodeNQ@physx@@@shdfnd@2@@shdfnd@physx@@KAXPEAURTreeNodeNQ@3@0PEBU43@@Z 000000018000c610 f i RTreeCooking.obj
 0001:0000b7b0       ?growAndPushBack@?$Array@IV?$ReflectionAllocator@I@shdfnd@physx@@@shdfnd@physx@@IEAAAEAIAEBI@Z 000000018000c7b0 f i RTreeCooking.obj
 0001:0000b880       ?growAndPushBack@?$Array@UInterval@physx@@V?$InlineAllocator@$0CAAA@V?$ReflectionAllocator@UInterval@physx@@@shdfnd@physx@@@shdfnd@2@@shdfnd@physx@@IEAAAEAUInterval@3@AEBU43@@Z 000000018000c880 f i RTreeCooking.obj
 0001:0000b970       ?growAndPushBack@?$Array@UPxBounds3V@physx@@V?$ReflectionAllocator@UPxBounds3V@physx@@@shdfnd@2@@shdfnd@physx@@IEAAAEAUPxBounds3V@3@AEBU43@@Z 000000018000c970 f i RTreeCooking.obj
 0001:0000ba60       ?growAndPushBack@?$Array@URTreeNodeNQ@physx@@V?$ReflectionAllocator@URTreeNodeNQ@physx@@@shdfnd@2@@shdfnd@physx@@IEAAAEAURTreeNodeNQ@3@AEBU43@@Z 000000018000ca60 f i RTreeCooking.obj
 0001:0000bb60       ?growAndPushBack@?$Array@URTreeNodeQ@Gu@physx@@V?$ReflectionAllocator@URTreeNodeQ@Gu@physx@@@shdfnd@3@@shdfnd@physx@@IEAAAEAURTreeNodeQ@Gu@3@AEBU453@@Z 000000018000cb60 f i RTreeCooking.obj
 0001:0000bc60       ?recreate@?$Array@IV?$ReflectionAllocator@I@shdfnd@physx@@@shdfnd@physx@@IEAAXI@Z 000000018000cc60 f i RTreeCooking.obj
 0001:0000bd10       ?recreate@?$Array@UPxBounds3V@physx@@V?$ReflectionAllocator@UPxBounds3V@physx@@@shdfnd@2@@shdfnd@physx@@IEAAXI@Z 000000018000cd10 f i RTreeCooking.obj
 0001:0000bdc0       ?recreate@?$Array@URTreeNodeNQ@physx@@V?$ReflectionAllocator@URTreeNodeNQ@physx@@@shdfnd@2@@shdfnd@physx@@IEAAXI@Z 000000018000cdc0 f i RTreeCooking.obj
 0001:0000be50       ?recreate@?$Array@URTreeNodeQ@Gu@physx@@V?$ReflectionAllocator@URTreeNodeQ@Gu@physx@@@shdfnd@3@@shdfnd@physx@@IEAAXI@Z 000000018000ce50 f i RTreeCooking.obj
 0001:0000bf10       ?recreate@?$Array@VPxVec3@physx@@V?$ReflectionAllocator@VPxVec3@physx@@@shdfnd@2@@shdfnd@physx@@IEAAXI@Z 000000018000cf10 f i RTreeCooking.obj
 0001:0000bfa0       ?resize@?$Array@IV?$ReflectionAllocator@I@shdfnd@physx@@@shdfnd@physx@@QEAAXIAEBI@Z 000000018000cfa0 f i RTreeCooking.obj
 0001:0000c010       ?resizeUninitialized@?$Array@URTreeNodeNQ@physx@@V?$ReflectionAllocator@URTreeNodeNQ@physx@@@shdfnd@2@@shdfnd@physx@@QEAAXI@Z 000000018000d010 f i RTreeCooking.obj
 0001:0000c050       ?sort4@SubSortQuick@physx@@QEAAXPEIAIIAEAV?$Array@URTreeNodeNQ@physx@@V?$ReflectionAllocator@URTreeNodeNQ@physx@@@shdfnd@2@@shdfnd@2@AEAIAEAUPxBounds3V@2@I@Z 000000018000d050 f i RTreeCooking.obj
 0001:0000c3e0       ?sort4@SubSortSAH@physx@@QEAAXPEAIIAEAV?$Array@URTreeNodeNQ@physx@@V?$ReflectionAllocator@URTreeNodeNQ@physx@@@shdfnd@2@@shdfnd@2@AEAIIPEAURTreeNodeNQ@2@@Z 000000018000d3e0 f i RTreeCooking.obj
 0001:0000cb50       ?split@SubSortSAH@physx@@QEAAIPEAII@Z 000000018000db50 f i RTreeCooking.obj
 0001:0000d300       ?computeLocalBounds@MeshBulider@physx@@IEAAXAEAVMeshDataBase@Gu@2@@Z 000000018000e300 f   MeshBuilder.obj
 0001:0000d3b0       ??0TriangleMeshBuilder@physx@@QEAA@AEAVTriangleMeshData@Gu@1@AEBUPxCookingParams@1@@Z 000000018000e3b0 f   TriangleMeshBuilder.obj
 0001:0000d3e0       ??1TriangleMeshBuilder@physx@@UEAA@XZ 000000018000e3e0 f   TriangleMeshBuilder.obj
 0001:0000d450       ?cleanMesh@TriangleMeshBuilder@physx@@QEAA_N_NPEAW4Enum@PxTriangleMeshCookingResult@2@@Z 000000018000e450 f   TriangleMeshBuilder.obj
 0001:0000d990       ?remapTopology@TriangleMeshBuilder@physx@@QEAAXPEBI@Z 000000018000e990 f   TriangleMeshBuilder.obj
 0001:0000dc90       ?createSharedEdgeData@TriangleMeshBuilder@physx@@QEAAX_N0@Z 000000018000ec90 f   TriangleMeshBuilder.obj
 0001:0000e050       ?recordTriangleIndices@TriangleMeshBuilder@physx@@QEAAXXZ 000000018000f050 f   TriangleMeshBuilder.obj
 0001:0000e150       ?createGRBMidPhaseAndData@TriangleMeshBuilder@physx@@QEAAXI@Z 000000018000f150 f   TriangleMeshBuilder.obj
 0001:0000e320       ?createGRBData@TriangleMeshBuilder@physx@@QEAAXXZ 000000018000f320 f   TriangleMeshBuilder.obj
 0001:0000e420       ?loadFromDesc@TriangleMeshBuilder@physx@@QEAA_NAEBVPxTriangleMeshDesc@2@PEAW4Enum@PxTriangleMeshCookingResult@2@_N@Z 000000018000f420 f   TriangleMeshBuilder.obj
 0001:0000e710       ?save@TriangleMeshBuilder@physx@@QEBA_NAEAVPxOutputStream@2@_NAEBUPxCookingParams@2@@Z 000000018000f710 f   TriangleMeshBuilder.obj
 0001:0000eb90       ?checkMeshIndicesSize@TriangleMeshBuilder@physx@@QEAAXXZ 000000018000fb90 f   TriangleMeshBuilder.obj
 0001:0000eca0       ?importMesh@TriangleMeshBuilder@physx@@IEAA_NAEBVPxTriangleMeshDesc@2@AEBUPxCookingParams@2@PEAW4Enum@PxTriangleMeshCookingResult@2@_N@Z 000000018000fca0 f   TriangleMeshBuilder.obj
 0001:0000efa0       ?releaseEdgeList@TriangleMeshBuilder@physx@@IEAAXXZ 000000018000ffa0 f   TriangleMeshBuilder.obj
 0001:0000f000       ?createEdgeList@TriangleMeshBuilder@physx@@IEAAXXZ 0000000180010000 f   TriangleMeshBuilder.obj
 0001:0000f130       ??0RTreeTriangleMeshBuilder@physx@@QEAA@AEBUPxCookingParams@1@@Z 0000000180010130 f   TriangleMeshBuilder.obj
 0001:0000f1f0       ??1RTreeTriangleMeshBuilder@physx@@UEAA@XZ 00000001800101f0 f   TriangleMeshBuilder.obj
 0001:0000f2b0       ?createMidPhaseStructure@RTreeTriangleMeshBuilder@physx@@UEAAXXZ 00000001800102b0 f   TriangleMeshBuilder.obj
 0001:0000f3a0       ?saveMidPhaseStructure@RTreeTriangleMeshBuilder@physx@@UEBAXAEAVPxOutputStream@2@_N@Z 00000001800103a0 f   TriangleMeshBuilder.obj
 0001:0000f5e0       ??0BV4TriangleMeshBuilder@physx@@QEAA@AEBUPxCookingParams@1@@Z 00000001800105e0 f   TriangleMeshBuilder.obj
 0001:0000f620       ??1BV4TriangleMeshBuilder@physx@@UEAA@XZ 0000000180010620 f   TriangleMeshBuilder.obj
 0001:0000f6b0       ?createMidPhaseStructure@BV4TriangleMeshBuilder@physx@@UEAAXXZ 00000001800106b0 f   TriangleMeshBuilder.obj
 0001:0000f9e0       ?saveMidPhaseStructure@BV4TriangleMeshBuilder@physx@@UEBAXAEAVPxOutputStream@2@_N@Z 00000001800109e0 f   TriangleMeshBuilder.obj
 0001:0000fb80       ?onMeshIndexFormatChange@BV4TriangleMeshBuilder@physx@@UEAAXXZ 0000000180010b80 f   TriangleMeshBuilder.obj
 0001:0000fbc0       ?createMidPhaseStructure@BV32TriangleMeshBuilder@physx@@SAXAEBUPxCookingParams@2@AEAVTriangleMeshData@Gu@2@AEAVBV32Tree@52@@Z 0000000180010bc0 f   TriangleMeshBuilder.obj
 0001:0000fd90       ?saveMidPhaseStructure@BV32TriangleMeshBuilder@physx@@SAXPEAVBV32Tree@Gu@2@AEAVPxOutputStream@2@_N@Z 0000000180010d90 f   TriangleMeshBuilder.obj
 0001:0000ff30       ?findSharpVertices@GrbTrimeshCookerHelper@physx@@YAXAEAV?$Array@USortedNeighbor@GrbTrimeshCookerHelper@physx@@V?$ReflectionAllocator@USortedNeighbor@GrbTrimeshCookerHelper@physx@@@shdfnd@3@@shdfnd@2@AEAV?$Array@USharpEdgeRange@GrbTrimeshCookerHelper@physx@@V?$ReflectionAllocator@USharpEdgeRange@GrbTrimeshCookerHelper@physx@@@shdfnd@3@@42@PEBUuint3@2@PEBUuint4@2@II@Z 0000000180010f30 f   TriangleMeshBuilder.obj
 0001:000102e0       ?buildVertexConnectionNew_p1@GrbTrimeshCookerHelper@physx@@YAIAEAV?$Array@USortedNeighbor@GrbTrimeshCookerHelper@physx@@V?$ReflectionAllocator@USortedNeighbor@GrbTrimeshCookerHelper@physx@@@shdfnd@3@@shdfnd@2@AEAV?$Array@USharpEdgeRange@GrbTrimeshCookerHelper@physx@@V?$ReflectionAllocator@USharpEdgeRange@GrbTrimeshCookerHelper@physx@@@shdfnd@3@@42@PEBUuint3@2@PEBUuint4@2@II@Z 00000001800112e0 f   TriangleMeshBuilder.obj
 0001:00010490       ?buildVertexConnectionNew_p2@GrbTrimeshCookerHelper@physx@@YAXPEAI00AEAV?$Array@USortedNeighbor@GrbTrimeshCookerHelper@physx@@V?$ReflectionAllocator@USortedNeighbor@GrbTrimeshCookerHelper@physx@@@shdfnd@3@@shdfnd@2@AEAV?$Array@USharpEdgeRange@GrbTrimeshCookerHelper@physx@@V?$ReflectionAllocator@USharpEdgeRange@GrbTrimeshCookerHelper@physx@@@shdfnd@3@@42@I@Z 0000000180011490 f   TriangleMeshBuilder.obj
 0001:00010540       ??$median3@UEdgeTriLookup@physx@@$$CBU?$Less@UEdgeTriLookup@physx@@@shdfnd@2@@internal@shdfnd@physx@@YAXPEAUEdgeTriLookup@2@HHAEBU?$Less@UEdgeTriLookup@physx@@@12@@Z 0000000180011540 f i TriangleMeshBuilder.obj
 0001:00010650       ??$median3@USortedNeighbor@GrbTrimeshCookerHelper@physx@@$$CBU?$Less@USortedNeighbor@GrbTrimeshCookerHelper@physx@@@shdfnd@3@@internal@shdfnd@physx@@YAXPEAUSortedNeighbor@GrbTrimeshCookerHelper@2@HHAEBU?$Less@USortedNeighbor@GrbTrimeshCookerHelper@physx@@@12@@Z 0000000180011650 f i TriangleMeshBuilder.obj
 0001:000107b0       ??$partition@UEdgeTriLookup@physx@@$$CBU?$Less@UEdgeTriLookup@physx@@@shdfnd@2@@internal@shdfnd@physx@@YAHPEAUEdgeTriLookup@2@HHAEBU?$Less@UEdgeTriLookup@physx@@@12@@Z 00000001800117b0 f i TriangleMeshBuilder.obj
 0001:000108d0       ??$partition@USortedNeighbor@GrbTrimeshCookerHelper@physx@@$$CBU?$Less@USortedNeighbor@GrbTrimeshCookerHelper@physx@@@shdfnd@3@@internal@shdfnd@physx@@YAHPEAUSortedNeighbor@GrbTrimeshCookerHelper@2@HHAEBU?$Less@USortedNeighbor@GrbTrimeshCookerHelper@physx@@@12@@Z 00000001800118d0 f i TriangleMeshBuilder.obj
 0001:00010a20       ??$smallSort@UEdgeTriLookup@physx@@$$CBU?$Less@UEdgeTriLookup@physx@@@shdfnd@2@@internal@shdfnd@physx@@YAXPEAUEdgeTriLookup@2@HHAEBU?$Less@UEdgeTriLookup@physx@@@12@@Z 0000000180011a20 f i TriangleMeshBuilder.obj
 0001:00010b30       ??$smallSort@USortedNeighbor@GrbTrimeshCookerHelper@physx@@$$CBU?$Less@USortedNeighbor@GrbTrimeshCookerHelper@physx@@@shdfnd@3@@internal@shdfnd@physx@@YAXPEAUSortedNeighbor@GrbTrimeshCookerHelper@2@HHAEBU?$Less@USortedNeighbor@GrbTrimeshCookerHelper@physx@@@12@@Z 0000000180011b30 f i TriangleMeshBuilder.obj
 0001:00010c80       ??$sort@UEdgeTriLookup@physx@@@shdfnd@physx@@YAXPEAUEdgeTriLookup@1@I@Z 0000000180011c80 f i TriangleMeshBuilder.obj
 0001:00010ca0       ??$sort@UEdgeTriLookup@physx@@U?$Less@UEdgeTriLookup@physx@@@shdfnd@2@V?$ReflectionAllocator@UEdgeTriLookup@physx@@@42@@shdfnd@physx@@YAXPEAUEdgeTriLookup@1@IAEBU?$Less@UEdgeTriLookup@physx@@@01@AEBV?$ReflectionAllocator@UEdgeTriLookup@physx@@@01@I@Z 0000000180011ca0 f i TriangleMeshBuilder.obj
 0001:00010fa0       ??$sort@USortedNeighbor@GrbTrimeshCookerHelper@physx@@@shdfnd@physx@@YAXPEAUSortedNeighbor@GrbTrimeshCookerHelper@1@I@Z 0000000180011fa0 f i TriangleMeshBuilder.obj
 0001:00010fc0       ??$sort@USortedNeighbor@GrbTrimeshCookerHelper@physx@@U?$Less@USortedNeighbor@GrbTrimeshCookerHelper@physx@@@shdfnd@3@V?$ReflectionAllocator@USortedNeighbor@GrbTrimeshCookerHelper@physx@@@53@@shdfnd@physx@@YAXPEAUSortedNeighbor@GrbTrimeshCookerHelper@1@IAEBU?$Less@USortedNeighbor@GrbTrimeshCookerHelper@physx@@@01@AEBV?$ReflectionAllocator@USortedNeighbor@GrbTrimeshCookerHelper@physx@@@01@I@Z 0000000180011fc0 f i TriangleMeshBuilder.obj
 0001:000112c0       ??0BV4TriangleData@Gu@physx@@QEAA@XZ 00000001800122c0 f i TriangleMeshBuilder.obj
 0001:00011370       ??0PxVec4@physx@@QEAA@XZ   0000000180012370 f i TriangleMeshBuilder.obj
 0001:00011380       ??1BV4TriangleData@Gu@physx@@UEAA@XZ 0000000180012380 f i TriangleMeshBuilder.obj
 0001:000113c0       ??1MeshDataBase@Gu@physx@@UEAA@XZ 00000001800123c0 f i TriangleMeshBuilder.obj
 0001:000114a0       ??1RTreeTriangleData@Gu@physx@@UEAA@XZ 00000001800124a0 f i TriangleMeshBuilder.obj
 0001:00011510       ??1RemapCallback@RTreeCooker@physx@@UEAA@XZ 0000000180012510 f i TriangleMeshBuilder.obj
 0001:00011520       ??1TriangleMeshData@Gu@physx@@UEAA@XZ 0000000180012520 f i TriangleMeshBuilder.obj
 0001:000115f0       ??_GBV4TriangleData@Gu@physx@@UEAAPEAXI@Z 00000001800125f0 f i TriangleMeshBuilder.obj
 0001:000115f0       ??_EBV4TriangleData@Gu@physx@@UEAAPEAXI@Z 00000001800125f0 f i TriangleMeshBuilder.obj
 0001:00011670       ??_GBV4TriangleMeshBuilder@physx@@UEAAPEAXI@Z 0000000180012670 f i TriangleMeshBuilder.obj
 0001:00011670       ??_EBV4TriangleMeshBuilder@physx@@UEAAPEAXI@Z 0000000180012670 f i TriangleMeshBuilder.obj
 0001:000116b0       ??_EMeshDataBase@Gu@physx@@UEAAPEAXI@Z 00000001800126b0 f i TriangleMeshBuilder.obj
 0001:000116b0       ??_GMeshDataBase@Gu@physx@@UEAAPEAXI@Z 00000001800126b0 f i TriangleMeshBuilder.obj
 0001:00011710       ??_GRTreeCookerRemap@physx@@UEAAPEAXI@Z 0000000180012710 f i TriangleMeshBuilder.obj
 0001:00011710       ??_ERTreeCookerRemap@physx@@UEAAPEAXI@Z 0000000180012710 f i TriangleMeshBuilder.obj
 0001:00011740       ??_ERTreeTriangleData@Gu@physx@@UEAAPEAXI@Z 0000000180012740 f i TriangleMeshBuilder.obj
 0001:00011740       ??_GRTreeTriangleData@Gu@physx@@UEAAPEAXI@Z 0000000180012740 f i TriangleMeshBuilder.obj
 0001:000117f0       ??_ERTreeTriangleMeshBuilder@physx@@UEAAPEAXI@Z 00000001800127f0 f i TriangleMeshBuilder.obj
 0001:000117f0       ??_GRTreeTriangleMeshBuilder@physx@@UEAAPEAXI@Z 00000001800127f0 f i TriangleMeshBuilder.obj
 0001:00011830       ??_GRemapCallback@RTreeCooker@physx@@UEAAPEAXI@Z 0000000180012830 f i TriangleMeshBuilder.obj
 0001:00011830       ??_ERemapCallback@RTreeCooker@physx@@UEAAPEAXI@Z 0000000180012830 f i TriangleMeshBuilder.obj
 0001:00011860       ??_ETriangleMeshBuilder@physx@@UEAAPEAXI@Z 0000000180012860 f i TriangleMeshBuilder.obj
 0001:00011860       ??_GTriangleMeshBuilder@physx@@UEAAPEAXI@Z 0000000180012860 f i TriangleMeshBuilder.obj
 0001:000118d0       ??_GTriangleMeshData@Gu@physx@@UEAAPEAXI@Z 00000001800128d0 f i TriangleMeshBuilder.obj
 0001:000118d0       ??_ETriangleMeshData@Gu@physx@@UEAAPEAXI@Z 00000001800128d0 f i TriangleMeshBuilder.obj
 0001:00011930       ?allocate@?$ReflectionAllocator@USharpEdgeRange@GrbTrimeshCookerHelper@physx@@@shdfnd@physx@@QEAAPEAX_KPEBDH@Z 0000000180012930 f i TriangleMeshBuilder.obj
 0001:000119d0       ?allocate@?$ReflectionAllocator@USortedNeighbor@GrbTrimeshCookerHelper@physx@@@shdfnd@physx@@QEAAPEAX_KPEBDH@Z 00000001800129d0 f i TriangleMeshBuilder.obj
 0001:00011a70       ?allocateMaterials@TriangleMeshData@Gu@physx@@QEAAPEAGXZ 0000000180012a70 f i TriangleMeshBuilder.obj
 0001:00011b30       ?allocateTriangles@TriangleMeshData@Gu@physx@@QEAAPEAXI_NI@Z 0000000180012b30 f i TriangleMeshBuilder.obj
 0001:00011c20       ?allocateVertices@MeshDataBase@Gu@physx@@QEAAPEAVPxVec3@3@I@Z 0000000180012c20 f i TriangleMeshBuilder.obj
 0001:00012300       ?getMidphaseID@BV4TriangleMeshBuilder@physx@@UEBA?AW4Enum@PxMeshMidPhase@2@XZ 0000000180013300 f i TriangleMeshBuilder.obj
 0001:00012310       ?getMidphaseID@RTreeTriangleMeshBuilder@physx@@UEBA?AW4Enum@PxMeshMidPhase@2@XZ 0000000180013310 f i TriangleMeshBuilder.obj
 0001:00012320       ?growAndPushBack@?$Array@USortedNeighbor@GrbTrimeshCookerHelper@physx@@V?$ReflectionAllocator@USortedNeighbor@GrbTrimeshCookerHelper@physx@@@shdfnd@3@@shdfnd@physx@@IEAAAEAUSortedNeighbor@GrbTrimeshCookerHelper@3@AEBU453@@Z 0000000180013320 f i TriangleMeshBuilder.obj
 0001:00012420       ?onMeshIndexFormatChange@TriangleMeshBuilder@physx@@UEAAXXZ 0000000180013420 f i TriangleMeshBuilder.obj
 0001:00012430       ?recreate@?$Array@USharpEdgeRange@GrbTrimeshCookerHelper@physx@@V?$ReflectionAllocator@USharpEdgeRange@GrbTrimeshCookerHelper@physx@@@shdfnd@3@@shdfnd@physx@@IEAAXI@Z 0000000180013430 f i TriangleMeshBuilder.obj
 0001:000124e0       ?recreate@?$Array@USortedNeighbor@GrbTrimeshCookerHelper@physx@@V?$ReflectionAllocator@USortedNeighbor@GrbTrimeshCookerHelper@physx@@@shdfnd@3@@shdfnd@physx@@IEAAXI@Z 00000001800134e0 f i TriangleMeshBuilder.obj
 0001:00012590       ?remap@RTreeCookerRemap@physx@@UEAAXPEAIII@Z 0000000180013590 f i TriangleMeshBuilder.obj
 0001:000125b0       ?resize@?$Array@USharpEdgeRange@GrbTrimeshCookerHelper@physx@@V?$ReflectionAllocator@USharpEdgeRange@GrbTrimeshCookerHelper@physx@@@shdfnd@3@@shdfnd@physx@@QEAAXIAEBUSharpEdgeRange@GrbTrimeshCookerHelper@3@@Z 00000001800135b0 f i TriangleMeshBuilder.obj
 0001:00012620       ?resizeUninitialized@?$Array@USortedNeighbor@GrbTrimeshCookerHelper@physx@@V?$ReflectionAllocator@USortedNeighbor@GrbTrimeshCookerHelper@physx@@@shdfnd@3@@shdfnd@physx@@QEAAXI@Z 0000000180013620 f i TriangleMeshBuilder.obj
 0001:00012660       ??0BigConvexDataBuilder@physx@@QEAA@PEBUConvexHullData@Gu@1@PEAVBigConvexData@1@PEBVPxVec3@1@@Z 0000000180013660 f   BigConvexDataBuilder.obj
 0001:00012680       ??1BigConvexDataBuilder@physx@@QEAA@XZ 0000000180013680 f   BigConvexDataBuilder.obj
 0001:00012690       ?precompute@BigConvexDataBuilder@physx@@QEAA_NI@Z 0000000180013690 f   BigConvexDataBuilder.obj
 0001:00013050       ?initialize@BigConvexDataBuilder@physx@@QEAA_NXZ 0000000180014050 f   BigConvexDataBuilder.obj
 0001:000130f0       ?save@BigConvexDataBuilder@physx@@QEBA_NAEAVPxOutputStream@2@_N@Z 00000001800140f0 f   BigConvexDataBuilder.obj
 0001:000131d0       ?computeValencies@BigConvexDataBuilder@physx@@QEAA_NAEBVConvexHullBuilder@2@@Z 00000001800141d0 f   BigConvexDataBuilder.obj
 0001:000135c0       ?saveValencies@BigConvexDataBuilder@physx@@QEBA_NAEAVPxOutputStream@2@_N@Z 00000001800145c0 f   BigConvexDataBuilder.obj
 0001:00013770       ??0BigConvexData@physx@@QEAA@W4PxEMPTY@1@@Z 0000000180014770 f i BigConvexDataBuilder.obj
 0001:00013780       ??4BigConvexData@physx@@QEAAAEAV01@AEBV01@@Z 0000000180014780 f i BigConvexDataBuilder.obj
 0001:000137a0       ?GetAdjacentVerts@BigConvexData@physx@@QEBAPEBEXZ 00000001800147a0 f i BigConvexDataBuilder.obj
 0001:000137b0       ?GetNbNeighbors@BigConvexData@physx@@QEBAGI@Z 00000001800147b0 f i BigConvexDataBuilder.obj
 0001:000137c0       ?GetNbSamples@BigConvexData@physx@@QEBAIXZ 00000001800147c0 f i BigConvexDataBuilder.obj
 0001:000137d0       ?GetNbVerts@BigConvexData@physx@@QEBAIXZ 00000001800147d0 f i BigConvexDataBuilder.obj
 0001:000137e0       ?GetNeighbors@BigConvexData@physx@@QEBAPEBEI@Z 00000001800147e0 f i BigConvexDataBuilder.obj
 0001:000137f0       ?GetOffset@BigConvexData@physx@@QEBAGI@Z 00000001800147f0 f i BigConvexDataBuilder.obj
 0001:00013800       ?GetSubdiv@BigConvexData@physx@@QEBAIXZ 0000000180014800 f i BigConvexDataBuilder.obj
 0001:00013810       ?GetValencies@BigConvexData@physx@@QEBAPEBUValency@Gu@2@XZ 0000000180014810 f i BigConvexDataBuilder.obj
 0001:00013820       ?GetValency@BigConvexData@physx@@QEBAGI@Z 0000000180014820 f i BigConvexDataBuilder.obj
 0001:00013830       ??0ConvexHullBuilder@physx@@QEAA@PEAUConvexHullData@Gu@1@_N@Z 0000000180014830 f   ConvexHullBuilder.obj
 0001:00013860       ??1ConvexHullBuilder@physx@@QEAA@XZ 0000000180014860 f   ConvexHullBuilder.obj
 0001:00013970       ?init@ConvexHullBuilder@physx@@QEAA_NIPEBVPxVec3@2@PEBIIIPEBUPxHullPolygon@2@_NPEAVConvexHullLib@2@@Z 0000000180014970 f   ConvexHullBuilder.obj
 0001:00013d70       ?save@ConvexHullBuilder@physx@@QEBA_NAEAVPxOutputStream@2@_N@Z 0000000180014d70 f   ConvexHullBuilder.obj
 0001:00014080       ?copy@ConvexHullBuilder@physx@@QEAA_NAEAUConvexHullData@Gu@2@AEAI@Z 0000000180015080 f   ConvexHullBuilder.obj
 0001:000142e0       ?createEdgeList@ConvexHullBuilder@physx@@QEAA_N_NI@Z 00000001800152e0 f   ConvexHullBuilder.obj
 0001:00014bb0       ?checkHullPolygons@ConvexHullBuilder@physx@@QEBA_NXZ 0000000180015bb0 f   ConvexHullBuilder.obj
 0001:00014fe0       ?calculateVertexMapTable@ConvexHullBuilder@physx@@QEAA_NI_N@Z 0000000180015fe0 f   ConvexHullBuilder.obj
 0001:00015210       ?computeGeomCenter@ConvexHullBuilder@physx@@IEBA_NAEAVPxVec3@2@IPEAUHullTriangleData@2@@Z 0000000180016210 f   ConvexHullBuilder.obj
 0001:00015440       ??1ConvexHullLib@physx@@UEAA@XZ 0000000180016440 f   ConvexHullLib.obj
 0001:000154a0       ?cleanupVertices@ConvexHullLib@physx@@IEAA_NIPEBVPxVec3@2@IAEAIPEAV32@AEAV32@3@Z 00000001800164a0 f   ConvexHullLib.obj
 0001:00015900       ?shiftAndcleanupVertices@ConvexHullLib@physx@@IEAA_NIPEBVPxVec3@2@IAEAIPEAV32@AEAV32@3@Z 0000000180016900 f   ConvexHullLib.obj
 0001:00015d40       ?swapLargestFace@ConvexHullLib@physx@@IEAAXAEAVPxConvexMeshDesc@2@@Z 0000000180016d40 f   ConvexHullLib.obj
 0001:00015f30       ?shiftConvexMeshDesc@ConvexHullLib@physx@@IEAAXAEAVPxConvexMeshDesc@2@@Z 0000000180016f30 f   ConvexHullLib.obj
 0001:00015ff0       ??_EConvexHullLib@physx@@UEAAPEAXI@Z 0000000180016ff0 f i ConvexHullLib.obj
 0001:00015ff0       ??_GConvexHullLib@physx@@UEAAPEAXI@Z 0000000180016ff0 f i ConvexHullLib.obj
 0001:000164d0       ??0ConvexHull@physx@@QEAA@AEBVPxVec3@1@0AEBV?$Array@VPxPlane@physx@@V?$ReflectionAllocator@VPxPlane@physx@@@shdfnd@2@@shdfnd@1@@Z 00000001800174d0 f   ConvexHullUtils.obj
 0001:00016f80       ??0ConvexHull@physx@@QEAA@AEBVPxVec3@1@AEBVPxTransform@1@AEBV?$Array@VPxPlane@physx@@V?$ReflectionAllocator@VPxPlane@physx@@@shdfnd@2@@shdfnd@1@@Z 0000000180017f80 f   ConvexHullUtils.obj
 0001:00018360       ?findCandidatePlane@ConvexHull@physx@@QEBAHMM@Z 0000000180019360 f   ConvexHullUtils.obj
 0001:00018870       ?assertIntact@ConvexHull@physx@@QEBA_NM@Z 0000000180019870 f   ConvexHullUtils.obj
 0001:00018b90       ?maxNumVertsPerFace@ConvexHull@physx@@QEBAIXZ 0000000180019b90 f   ConvexHullUtils.obj
 0001:00018c00       ?convexHullCrop@physx@@YAPEAVConvexHull@1@AEBV21@AEBVPxPlane@1@M@Z 0000000180019c00 f   ConvexHullUtils.obj
 0001:00019a40       ?computeOBBFromConvex@physx@@YA_NAEBVPxConvexMeshDesc@1@AEAVPxVec3@1@AEAVPxTransform@1@@Z 000000018001aa40 f   ConvexHullUtils.obj
 0001:0001a190       ?computeOBBSIMD@local@@YAXIPEBT__m128@@AEAT2@AEBT2@1@Z 000000018001b190 f   ConvexHullUtils.obj
 0001:0001a3f0       ??0Box@Gu@physx@@QEAA@AEBV012@@Z 000000018001b3f0 f i ConvexHullUtils.obj
 0001:0001a450       ??0Box@Gu@physx@@QEAA@AEBVPxVec3@2@0AEBVPxMat33@2@@Z 000000018001b450 f i ConvexHullUtils.obj
 0001:0001a4c0       ??0Box@Gu@physx@@QEAA@XZ   000000018001b4c0 f i ConvexHullUtils.obj
 0001:0001a4d0       ??0HalfEdge@ConvexHull@physx@@QEAA@XZ 000000018001b4d0 f i ConvexHullUtils.obj
 0001:0001a4e0       ??0PxPlane@physx@@QEAA@XZ  000000018001b4e0 f i ConvexHullUtils.obj
 0001:0001a4f0       ??0PxQuat@physx@@QEAA@AEBVPxMat33@1@@Z 000000018001b4f0 f i ConvexHullUtils.obj
 0001:0001a6f0       ??1Box@Gu@physx@@QEAA@XZ   000000018001b6f0 f i ConvexHullUtils.obj
 0001:0001a700       ??4Box@Gu@physx@@QEAAAEBV012@AEBV012@@Z 000000018001b700 f i ConvexHullUtils.obj
 0001:0001a760       ?allocate@?$ReflectionAllocator@VHalfEdge@ConvexHull@physx@@@shdfnd@physx@@QEAAPEAX_KPEBDH@Z 000000018001b760 f i ConvexHullUtils.obj
 0001:0001a800       ?allocate@?$ReflectionAllocator@VPxPlane@physx@@@shdfnd@physx@@QEAAPEAX_KPEBDH@Z 000000018001b800 f i ConvexHullUtils.obj
 0001:0001a8a0       ?computeAABBExtent@Box@Gu@physx@@QEBA?AVPxVec3@3@XZ 000000018001b8a0 f i ConvexHullUtils.obj
 0001:0001a960       ?computeBoxPoints@Box@Gu@physx@@QEBAXPEIAVPxVec3@3@@Z 000000018001b960 f i ConvexHullUtils.obj
 0001:0001a9a0       ?copy@?$Array@VPxPlane@physx@@V?$ReflectionAllocator@VPxPlane@physx@@@shdfnd@2@@shdfnd@physx@@KAXPEAVPxPlane@3@0PEBV43@@Z 000000018001b9a0 f i ConvexHullUtils.obj
 0001:0001aad0       ?copyHull@ConvexHull@physx@@QEAAXAEBV12@@Z 000000018001bad0 f i ConvexHullUtils.obj
 0001:0001ab80       ?create@?$Array@VPxPlane@physx@@V?$ReflectionAllocator@VPxPlane@physx@@@shdfnd@2@@shdfnd@physx@@KAXPEAVPxPlane@3@0AEBV43@@Z 000000018001bb80 f i ConvexHullUtils.obj
 0001:0001ac80       ?create@?$Array@VPxVec3@physx@@V?$ReflectionAllocator@VPxVec3@physx@@@shdfnd@2@@shdfnd@physx@@KAXPEAVPxVec3@3@0AEBV43@@Z 000000018001bc80 f i ConvexHullUtils.obj
 0001:0001ad60       ?getInverse@PxMat33@physx@@QEBA?BV12@XZ 000000018001bd60 f i ConvexHullUtils.obj
 0001:0001aff0       ?getTransform@Box@Gu@physx@@QEBA?AVPxTransform@3@XZ 000000018001bff0 f i ConvexHullUtils.obj
 0001:0001b050       ?growAndPushBack@?$Array@VHalfEdge@ConvexHull@physx@@V?$ReflectionAllocator@VHalfEdge@ConvexHull@physx@@@shdfnd@3@@shdfnd@physx@@IEAAAEAVHalfEdge@ConvexHull@3@AEBV453@@Z 000000018001c050 f i ConvexHullUtils.obj
 0001:0001b120       ?growAndPushBack@?$Array@VPxPlane@physx@@V?$ReflectionAllocator@VPxPlane@physx@@@shdfnd@2@@shdfnd@physx@@IEAAAEAVPxPlane@3@AEBV43@@Z 000000018001c120 f i ConvexHullUtils.obj
 0001:0001b210       ?isValid@Box@Gu@physx@@QEBA_NXZ 000000018001c210 f i ConvexHullUtils.obj
 0001:0001b230       ?recreate@?$Array@VHalfEdge@ConvexHull@physx@@V?$ReflectionAllocator@VHalfEdge@ConvexHull@physx@@@shdfnd@3@@shdfnd@physx@@IEAAXI@Z 000000018001c230 f i ConvexHullUtils.obj
 0001:0001b2e0       ?recreate@?$Array@VPxPlane@physx@@V?$ReflectionAllocator@VPxPlane@physx@@@shdfnd@2@@shdfnd@physx@@IEAAXI@Z 000000018001c2e0 f i ConvexHullUtils.obj
 0001:0001b370       ?resize@?$Array@VHalfEdge@ConvexHull@physx@@V?$ReflectionAllocator@VHalfEdge@ConvexHull@physx@@@shdfnd@3@@shdfnd@physx@@QEAAXIAEBVHalfEdge@ConvexHull@3@@Z 000000018001c370 f i ConvexHullUtils.obj
 0001:0001b3e0       ?resize@?$Array@VPxPlane@physx@@V?$ReflectionAllocator@VPxPlane@physx@@@shdfnd@2@@shdfnd@physx@@QEAAXIAEBVPxPlane@3@@Z 000000018001c3e0 f i ConvexHullUtils.obj
 0001:0001b440       ?resize@?$Array@VPxVec3@physx@@V?$ReflectionAllocator@VPxVec3@physx@@@shdfnd@2@@shdfnd@physx@@QEAAXIAEBVPxVec3@3@@Z 000000018001c440 f i ConvexHullUtils.obj
 0001:0001b4a0       ?rotate@Box@Gu@physx@@QEBA?AVPxVec3@3@AEBV43@@Z 000000018001c4a0 f i ConvexHullUtils.obj
 0001:0001b550       ?rotateInv@Box@Gu@physx@@QEBA?AVPxVec3@3@AEBV43@@Z 000000018001c550 f i ConvexHullUtils.obj
 0001:0001b5e0       ?setAxes@Box@Gu@physx@@QEAAXAEBVPxVec3@3@00@Z 000000018001c5e0 f i ConvexHullUtils.obj
 0001:0001b620       ?setEmpty@Box@Gu@physx@@QEAAXXZ 000000018001c620 f i ConvexHullUtils.obj
 0001:0001b660       ?transform@Box@Gu@physx@@QEBA?AVPxVec3@3@AEBV43@@Z 000000018001c660 f i ConvexHullUtils.obj
 0001:0001b720       ??0ConvexMeshBuilder@physx@@QEAA@_N@Z 000000018001c720 f   ConvexMeshBuilder.obj
 0001:0001b790       ??1ConvexMeshBuilder@physx@@QEAA@XZ 000000018001c790 f   ConvexMeshBuilder.obj
 0001:0001b7f0       ?build@ConvexMeshBuilder@physx@@QEAA_NAEBVPxConvexMeshDesc@2@I_NPEAVConvexHullLib@2@@Z 000000018001c7f0 f   ConvexMeshBuilder.obj
 0001:0001b980       ?save@ConvexMeshBuilder@physx@@QEBA_NAEAVPxOutputStream@2@_N@Z 000000018001c980 f   ConvexMeshBuilder.obj
 0001:0001bb90       ?copy@ConvexMeshBuilder@physx@@QEAA_NAEAUConvexHullData@Gu@2@AEAI@Z 000000018001cb90 f   ConvexMeshBuilder.obj
 0001:0001bc20       ?loadConvexHull@ConvexMeshBuilder@physx@@QEAA_NAEBVPxConvexMeshDesc@2@PEAVConvexHullLib@2@@Z 000000018001cc20 f   ConvexMeshBuilder.obj
 0001:0001bec0       ?computeHullPolygons@ConvexMeshBuilder@physx@@QEAA_NAEBIPEBVPxVec3@2@0PEBIAEAVPxAllocatorCallback@2@AEAIAEAPEAV32@4AEAPEAI4AEAPEAUPxHullPolygon@2@@Z 000000018001cec0 f   ConvexMeshBuilder.obj
 0001:0001c0d0       ?computeGaussMaps@ConvexMeshBuilder@physx@@QEAA_NXZ 000000018001d0d0 f   ConvexMeshBuilder.obj
 0001:0001c1c0       ?computeMassInfo@ConvexMeshBuilder@physx@@QEAAX_N@Z 000000018001d1c0 f   ConvexMeshBuilder.obj
 0001:0001c5f0       ?computeInternalObjects@ConvexMeshBuilder@physx@@QEAAXXZ 000000018001d5f0 f   ConvexMeshBuilder.obj
 0001:0001ca80       ?isFinite@PxVec3@physx@@QEBA_NXZ 000000018001da80 f i ConvexMeshBuilder.obj
 0001:0001cae0       ??0ConvexPolygonsBuilder@physx@@QEAA@PEAUConvexHullData@Gu@1@_N@Z 000000018001dae0 f   ConvexPolygonsBuilder.obj
 0001:0001cb10       ??1ConvexPolygonsBuilder@physx@@QEAA@XZ 000000018001db10 f   ConvexPolygonsBuilder.obj
 0001:0001cb60       ?computeHullPolygons@ConvexPolygonsBuilder@physx@@QEAA_NAEBIPEBVPxVec3@2@0PEBI@Z 000000018001db60 f   ConvexPolygonsBuilder.obj
 0001:0001cd80       ?createPolygonData@ConvexPolygonsBuilder@physx@@AEAA_NXZ 000000018001dd80 f   ConvexPolygonsBuilder.obj
 0001:0001d620       ?createTrianglesFromPolygons@ConvexPolygonsBuilder@physx@@AEAA_NXZ 000000018001e620 f   ConvexPolygonsBuilder.obj
 0001:0001e020       ??$PlaneEquation@U?$TriangleT@I@Gu@physx@@@@YA?AVPxPlane@physx@@AEBU?$TriangleT@I@Gu@1@PEBVPxVec3@1@@Z 000000018001f020 f i ConvexPolygonsBuilder.obj
 0001:0001e1b0       ??$copy@V?$ReflectionAllocator@VPair@@@shdfnd@physx@@@?$Array@VPair@@V?$ReflectionAllocator@VPair@@@shdfnd@physx@@@shdfnd@physx@@IEAAXAEBV012@@Z 000000018001f1b0 f i ConvexPolygonsBuilder.obj
 0001:0001f080       ?allocate@?$ReflectionAllocator@VPair@@@shdfnd@physx@@QEAAPEAX_KPEBDH@Z 0000000180020080 f i ConvexPolygonsBuilder.obj
 0001:000206c0       ?growAndPushBack@?$Array@VPair@@V?$ReflectionAllocator@VPair@@@shdfnd@physx@@@shdfnd@physx@@IEAAAEAVPair@@AEBV4@@Z 00000001800216c0 f i ConvexPolygonsBuilder.obj
 0001:000207a0       ??0QuickHullConvexHullLib@physx@@QEAA@AEBVPxConvexMeshDesc@1@AEBUPxCookingParams@1@@Z 00000001800217a0 f   QuickHullConvexHullLib.obj
 0001:00020890       ??1QuickHullConvexHullLib@physx@@UEAA@XZ 0000000180021890 f   QuickHullConvexHullLib.obj
 0001:00020970       ?createConvexHull@QuickHullConvexHullLib@physx@@UEAA?AW4Enum@PxConvexMeshCookingResult@2@XZ 0000000180021970 f   QuickHullConvexHullLib.obj
 0001:00020bc0       ?fillConvexMeshDesc@QuickHullConvexHullLib@physx@@UEAAXAEAVPxConvexMeshDesc@2@@Z 0000000180021bc0 f   QuickHullConvexHullLib.obj
 0001:00020c10       ?createEdgeList@QuickHullConvexHullLib@physx@@UEAA_NIPEBEPEAPEAEPEAPEAG2@Z 0000000180021c10 f   QuickHullConvexHullLib.obj
 0001:00020f00       ?expandHullOBB@QuickHullConvexHullLib@physx@@IEAA?AW4Enum@PxConvexMeshCookingResult@2@XZ 0000000180021f00 f   QuickHullConvexHullLib.obj
 0001:00021320       ?expandHull@QuickHullConvexHullLib@physx@@IEAA?AW4Enum@PxConvexMeshCookingResult@2@XZ 0000000180022320 f   QuickHullConvexHullLib.obj
 0001:00021c20       ?cleanupForSimplex@QuickHullConvexHullLib@physx@@IEAA_NPEAVPxVec3@2@IPEAUQuickHullVertex@local@@1AEAM2@Z 0000000180022c20 f   QuickHullConvexHullLib.obj
 0001:00022770       ?fillConvexMeshDescFromQuickHull@QuickHullConvexHullLib@physx@@IEAAXAEAVPxConvexMeshDesc@2@@Z 0000000180023770 f   QuickHullConvexHullLib.obj
 0001:00022af0       ?fillConvexMeshDescFromCroppedHull@QuickHullConvexHullLib@physx@@IEAAXAEAVPxConvexMeshDesc@2@@Z 0000000180023af0 f   QuickHullConvexHullLib.obj
 0001:00022cf0       ?getOppositeFaceDistance@QuickHullHalfEdge@local@@QEBAMXZ 0000000180023cf0 f   QuickHullConvexHullLib.obj
 0001:00022d30       ?mergeAdjacentFace@QuickHullFace@local@@QEAA_NPEAUQuickHullHalfEdge@2@AEAV?$Array@PEAUQuickHullFace@local@@V?$ReflectionAllocator@PEAUQuickHullFace@local@@@shdfnd@physx@@@shdfnd@physx@@@Z 0000000180023d30 f   QuickHullConvexHullLib.obj
 0001:000231a0       ?checkFaceConsistency@QuickHullFace@local@@QEAA_NXZ 00000001800241a0 f   QuickHullConvexHullLib.obj
 0001:000231b0       ?connectHalfEdges@QuickHullFace@local@@AEAAPEAU12@PEAUQuickHullHalfEdge@2@0@Z 00000001800241b0 f   QuickHullConvexHullLib.obj
 0001:00023530       ??0QuickHull@local@@QEAA@AEBUPxCookingParams@physx@@AEBVPxConvexMeshDesc@3@@Z 0000000180024530 f   QuickHullConvexHullLib.obj
 0001:000235e0       ??1QuickHull@local@@QEAA@XZ 00000001800245e0 f   QuickHullConvexHullLib.obj
 0001:00023730       ?preallocate@QuickHull@local@@QEAAXI@Z 0000000180024730 f   QuickHullConvexHullLib.obj
 0001:00023870       ?parseInputVertices@QuickHull@local@@QEAAXPEBVPxVec3@physx@@I@Z 0000000180024870 f   QuickHullConvexHullLib.obj
 0001:000239e0       ?releaseHull@QuickHull@local@@QEAAXXZ 00000001800249e0 f   QuickHullConvexHullLib.obj
 0001:00023a40       ?setPrecomputedMinMax@QuickHull@local@@QEAAXPEBUQuickHullVertex@2@0MM@Z 0000000180024a40 f   QuickHullConvexHullLib.obj
 0001:00023bd0       ?buildHull@QuickHull@local@@QEAA?AW4Enum@QuickHullResult@2@XZ 0000000180024bd0 f   QuickHullConvexHullLib.obj
 0001:00023d60       ?maxNumVertsPerFace@QuickHull@local@@QEBAIXZ 0000000180024d60 f   QuickHullConvexHullLib.obj
 0001:00023da0       ?computeMinMaxVerts@QuickHull@local@@IEAAXXZ 0000000180024da0 f   QuickHullConvexHullLib.obj
 0001:00024180       ?findSimplex@QuickHull@local@@IEAA_NXZ 0000000180025180 f   QuickHullConvexHullLib.obj
 0001:00024d50       ?addSimplex@QuickHull@local@@IEAAXPEAUQuickHullVertex@2@_N@Z 0000000180025d50 f   QuickHullConvexHullLib.obj
 0001:000251c0       ?nextPointToAdd@QuickHull@local@@IEAAPEAUQuickHullVertex@2@AEAPEAUQuickHullFace@2@@Z 00000001800261c0 f   QuickHullConvexHullLib.obj
 0001:00025320       ?addPointToHull@QuickHull@local@@IEAA_NPEBUQuickHullVertex@2@AEAUQuickHullFace@2@AEA_N@Z 0000000180026320 f   QuickHullConvexHullLib.obj
 0001:00025600       ?createTriangle@QuickHull@local@@IEAAPEAUQuickHullFace@2@AEBUQuickHullVertex@2@00@Z 0000000180026600 f   QuickHullConvexHullLib.obj
 0001:000259b0       ?addPointToFace@QuickHull@local@@IEAAXAEAUQuickHullFace@2@PEAUQuickHullVertex@2@M@Z 00000001800269b0 f   QuickHullConvexHullLib.obj
 0001:00025a00       ?removeEyePointFromFace@QuickHull@local@@IEAAXAEAUQuickHullFace@2@PEBUQuickHullVertex@2@@Z 0000000180026a00 f   QuickHullConvexHullLib.obj
 0001:00025a20       ?calculateHorizon@QuickHull@local@@IEAAXAEBVPxVec3@physx@@PEAUQuickHullHalfEdge@2@AEAUQuickHullFace@2@AEAV?$Array@PEAUQuickHullHalfEdge@local@@V?$ReflectionAllocator@PEAUQuickHullHalfEdge@local@@@shdfnd@physx@@@shdfnd@4@AEAV?$Array@PEAUQuickHullFace@local@@V?$ReflectionAllocator@PEAUQuickHullFace@local@@@shdfnd@physx@@@84@@Z 0000000180026a20 f   QuickHullConvexHullLib.obj
 0001:00025bd0       ?addNewFacesFromHorizon@QuickHull@local@@IEAAXPEBUQuickHullVertex@2@AEBV?$Array@PEAUQuickHullHalfEdge@local@@V?$ReflectionAllocator@PEAUQuickHullHalfEdge@local@@@shdfnd@physx@@@shdfnd@physx@@AEAV?$Array@PEAUQuickHullFace@local@@V?$ReflectionAllocator@PEAUQuickHullFace@local@@@shdfnd@physx@@@56@@Z 0000000180026bd0 f   QuickHullConvexHullLib.obj
 0001:00025d30       ?doAdjacentMerge@QuickHull@local@@IEAA_NAEAUQuickHullFace@2@_NAEA_N@Z 0000000180026d30 f   QuickHullConvexHullLib.obj
 0001:00025fc0       ?doPostAdjacentMerge@QuickHull@local@@IEAA_NAEAUQuickHullFace@2@M@Z 0000000180026fc0 f   QuickHullConvexHullLib.obj
 0001:000260f0       ?deleteFacePoints@QuickHull@local@@IEAAXAEAUQuickHullFace@2@PEAU32@@Z 00000001800270f0 f   QuickHullConvexHullLib.obj
 0001:00026210       ?resolveUnclaimedPoints@QuickHull@local@@IEAAXAEBV?$Array@PEAUQuickHullFace@local@@V?$ReflectionAllocator@PEAUQuickHullFace@local@@@shdfnd@physx@@@shdfnd@physx@@@Z 0000000180027210 f   QuickHullConvexHullLib.obj
 0001:00026470       ?postMergeHull@QuickHull@local@@IEAAXXZ 0000000180027470 f   QuickHullConvexHullLib.obj
 0001:000265f0       ?canMergeFaces@QuickHull@local@@IEAA_NAEBUQuickHullHalfEdge@2@@Z 00000001800275f0 f   QuickHullConvexHullLib.obj
 0001:00026e30       ?getExpandPoint@local@@YAXAEBUQuickHullHalfEdge@1@AEAUExpandPoint@1@PEBV?$Array@IV?$ReflectionAllocator@I@shdfnd@physx@@@shdfnd@physx@@@Z 0000000180027e30 f   QuickHullConvexHullLib.obj
 0001:00026ee0       ?addExpandPoint@local@@YAXAEBUExpandPoint@1@AEAV?$Array@UExpandPoint@local@@V?$ReflectionAllocator@UExpandPoint@local@@@shdfnd@physx@@@shdfnd@physx@@@Z 0000000180027ee0 f   QuickHullConvexHullLib.obj
 0001:00026fa0       ??0PxPlane@physx@@QEAA@AEBV01@@Z 0000000180027fa0 f i QuickHullConvexHullLib.obj
 0001:00026fc0       ??0QuickHullVertex@local@@QEAA@XZ 0000000180027fc0 f i QuickHullConvexHullLib.obj
 0001:00026fd0       ??1?$MemBlock@UQuickHullFace@local@@$00@local@@QEAA@XZ 0000000180027fd0 f i QuickHullConvexHullLib.obj
 0001:00027060       ??1?$MemBlock@UQuickHullHalfEdge@local@@$0A@@local@@QEAA@XZ 0000000180028060 f i QuickHullConvexHullLib.obj
 0001:000270f0       ??1ConvexHull@physx@@QEAA@XZ 00000001800280f0 f i QuickHullConvexHullLib.obj
 0001:00027190       ??_EQuickHullConvexHullLib@physx@@UEAAPEAXI@Z 0000000180028190 f i QuickHullConvexHullLib.obj
 0001:00027190       ??_GQuickHullConvexHullLib@physx@@UEAAPEAXI@Z 0000000180028190 f i QuickHullConvexHullLib.obj
 0001:000271f0       ??__G@YAXPEAX0_K1P6APEAX00@Z@Z 00000001800281f0 f i QuickHullConvexHullLib.obj
 0001:00027250       ?allocate@?$ReflectionAllocator@PEAUQuickHullFace@local@@@shdfnd@physx@@QEAAPEAX_KPEBDH@Z 0000000180028250 f i QuickHullConvexHullLib.obj
 0001:000272f0       ?allocate@?$ReflectionAllocator@PEAUQuickHullHalfEdge@local@@@shdfnd@physx@@QEAAPEAX_KPEBDH@Z 00000001800282f0 f i QuickHullConvexHullLib.obj
 0001:00027390       ?allocate@?$ReflectionAllocator@PEAUQuickHullVertex@local@@@shdfnd@physx@@QEAAPEAX_KPEBDH@Z 0000000180028390 f i QuickHullConvexHullLib.obj
 0001:00027430       ?allocate@?$ReflectionAllocator@UExpandPoint@local@@@shdfnd@physx@@QEAAPEAX_KPEBDH@Z 0000000180028430 f i QuickHullConvexHullLib.obj
 0001:000274d0       ?copy@?$Array@UExpandPoint@local@@V?$ReflectionAllocator@UExpandPoint@local@@@shdfnd@physx@@@shdfnd@physx@@KAXPEAUExpandPoint@local@@0PEBU45@@Z 00000001800284d0 f i QuickHullConvexHullLib.obj
 0001:00027550       ?getFreeItem@?$MemBlock@UQuickHullFace@local@@$00@local@@QEAAPEAUQuickHullFace@2@XZ 0000000180028550 f i QuickHullConvexHullLib.obj
 0001:00027680       ?getFreeItem@?$MemBlock@UQuickHullHalfEdge@local@@$0A@@local@@QEAAPEAUQuickHullHalfEdge@2@XZ 0000000180028680 f i QuickHullConvexHullLib.obj
 0001:00027760       ?growAndPushBack@?$Array@PEAUQuickHullFace@local@@V?$ReflectionAllocator@PEAUQuickHullFace@local@@@shdfnd@physx@@@shdfnd@physx@@IEAAAEAPEAUQuickHullFace@local@@AEBQEAU45@@Z 0000000180028760 f i QuickHullConvexHullLib.obj
 0001:00027840       ?growAndPushBack@?$Array@PEAUQuickHullHalfEdge@local@@V?$ReflectionAllocator@PEAUQuickHullHalfEdge@local@@@shdfnd@physx@@@shdfnd@physx@@IEAAAEAPEAUQuickHullHalfEdge@local@@AEBQEAU45@@Z 0000000180028840 f i QuickHullConvexHullLib.obj
 0001:00027920       ?growAndPushBack@?$Array@PEAUQuickHullVertex@local@@V?$ReflectionAllocator@PEAUQuickHullVertex@local@@@shdfnd@physx@@@shdfnd@physx@@IEAAAEAPEAUQuickHullVertex@local@@AEBQEAU45@@Z 0000000180028920 f i QuickHullConvexHullLib.obj
 0001:00027a00       ?growAndPushBack@?$Array@UExpandPoint@local@@V?$ReflectionAllocator@UExpandPoint@local@@@shdfnd@physx@@@shdfnd@physx@@IEAAAEAUExpandPoint@local@@AEBU45@@Z 0000000180028a00 f i QuickHullConvexHullLib.obj
 0001:00027b00       ?init@?$MemBlock@UQuickHullFace@local@@$00@local@@QEAAXI@Z 0000000180028b00 f i QuickHullConvexHullLib.obj
 0001:00027c00       ?init@?$MemBlock@UQuickHullHalfEdge@local@@$0A@@local@@QEAAXI@Z 0000000180028c00 f i QuickHullConvexHullLib.obj
 0001:00027ca0       ?recreate@?$Array@PEAUQuickHullFace@local@@V?$ReflectionAllocator@PEAUQuickHullFace@local@@@shdfnd@physx@@@shdfnd@physx@@IEAAXI@Z 0000000180028ca0 f i QuickHullConvexHullLib.obj
 0001:00027d50       ?recreate@?$Array@PEAUQuickHullHalfEdge@local@@V?$ReflectionAllocator@PEAUQuickHullHalfEdge@local@@@shdfnd@physx@@@shdfnd@physx@@IEAAXI@Z 0000000180028d50 f i QuickHullConvexHullLib.obj
 0001:00027e00       ?recreate@?$Array@PEAUQuickHullVertex@local@@V?$ReflectionAllocator@PEAUQuickHullVertex@local@@@shdfnd@physx@@@shdfnd@physx@@IEAAXI@Z 0000000180028e00 f i QuickHullConvexHullLib.obj
 0001:00027eb0       ?recreate@?$Array@UExpandPoint@local@@V?$ReflectionAllocator@UExpandPoint@local@@@shdfnd@physx@@@shdfnd@physx@@IEAAXI@Z 0000000180028eb0 f i QuickHullConvexHullLib.obj
 0001:00027f40       ?reset@?$MemBlock@UQuickHullFace@local@@$00@local@@QEAAXXZ 0000000180028f40 f i QuickHullConvexHullLib.obj
 0001:00027fb0       ?reset@?$MemBlock@UQuickHullHalfEdge@local@@$0A@@local@@QEAAXXZ 0000000180028fb0 f i QuickHullConvexHullLib.obj
 0001:000281a0       ?computeVolumeIntegrals@physx@@YA_NAEBVPxSimpleTriangleMesh@1@MAEAUPxIntegrals@1@@Z 00000001800291a0 f   VolumeIntegration.obj
 0001:00028210       ?computeVolumeIntegralsEberly@physx@@YA_NAEBVPxConvexMeshDesc@1@MAEAUPxIntegrals@1@AEBVPxVec3@1@@Z 0000000180029210 f   VolumeIntegration.obj
 0001:00028260       ?computeVolumeIntegralsEberlySIMD@physx@@YA_NAEBVPxConvexMeshDesc@1@MAEAUPxIntegrals@1@AEBVPxVec3@1@@Z 0000000180029260 f   VolumeIntegration.obj
 0001:0002a6a0       PxSetPhysXCookingDelayLoadHook 000000018002b6a0 f   WindowsCookingDelayLoadHook.obj
 0001:0002a6b0       ?cookingDelayHook@@YAP6A_JXZIPEAUDelayLoadInfo@@@Z 000000018002b6b0 f   WindowsCookingDelayLoadHook.obj
 0001:0002a700       ?physXCommonDliNotePreLoadLibrary@Cm@physx@@YAP6A_JXZPEBDPEBVPxDelayLoadHook@2@@Z 000000018002b700 f i WindowsCookingDelayLoadHook.obj
 0001:0002a781       __imp_load_??0RadixSortBuffered@Cm@physx@@QEAA@XZ 000000018002b781 f   PhysXCommon_64:PhysXCommon_64.dll
 0001:0002a78d       __tailMerge_PhysXCommon_64_dll 000000018002b78d f i PhysXCommon_64:PhysXCommon_64.dll
 0001:0002a806       ??0RadixSortBuffered@Cm@physx@@QEAA@XZ 000000018002b806 f   PhysXCommon_64:PhysXCommon_64.dll
 0001:0002a80c       __imp_load_??1RadixSortBuffered@Cm@physx@@UEAA@XZ 000000018002b80c f   PhysXCommon_64:PhysXCommon_64.dll
 0001:0002a818       ??1RadixSortBuffered@Cm@physx@@UEAA@XZ 000000018002b818 f   PhysXCommon_64:PhysXCommon_64.dll
 0001:0002a81e       __imp_load_?Sort@RadixSortBuffered@Cm@physx@@QEAAAEAV123@PEBIIW4RadixHint@23@@Z 000000018002b81e f   PhysXCommon_64:PhysXCommon_64.dll
 0001:0002a82a       ?Sort@RadixSortBuffered@Cm@physx@@QEAAAEAV123@PEBIIW4RadixHint@23@@Z 000000018002b82a f   PhysXCommon_64:PhysXCommon_64.dll
 0001:0002a830       __imp_load_?readDword@physx@@YAI_NAEAVPxInputStream@1@@Z 000000018002b830 f   PhysXCommon_64:PhysXCommon_64.dll
 0001:0002a83c       ?readDword@physx@@YAI_NAEAVPxInputStream@1@@Z 000000018002b83c f   PhysXCommon_64:PhysXCommon_64.dll
 0001:0002a842       __imp_load_?ReadHeader@Gu@physx@@YA_NEEEEAEAIAEA_NAEAVPxInputStream@2@@Z 000000018002b842 f   PhysXCommon_64:PhysXCommon_64.dll
 0001:0002a84e       ?ReadHeader@Gu@physx@@YA_NEEEEAEAIAEA_NAEAVPxInputStream@2@@Z 000000018002b84e f   PhysXCommon_64:PhysXCommon_64.dll
 0001:0002a854       __imp_load_?exportExtraData@ConvexMesh@Gu@physx@@UEAAXAEAVPxSerializationContext@3@@Z 000000018002b854 f   PhysXCommon_64:PhysXCommon_64.dll
 0001:0002a860       ?exportExtraData@ConvexMesh@Gu@physx@@UEAAXAEAVPxSerializationContext@3@@Z 000000018002b860 f   PhysXCommon_64:PhysXCommon_64.dll
 0001:0002a866       __imp_load_?onRefCountZero@ConvexMesh@Gu@physx@@UEAAXXZ 000000018002b866 f   PhysXCommon_64:PhysXCommon_64.dll
 0001:0002a872       ?onRefCountZero@ConvexMesh@Gu@physx@@UEAAXXZ 000000018002b872 f   PhysXCommon_64:PhysXCommon_64.dll
 0001:0002a878       __imp_load_?release@ConvexMesh@Gu@physx@@UEAAXXZ 000000018002b878 f   PhysXCommon_64:PhysXCommon_64.dll
 0001:0002a884       ?release@ConvexMesh@Gu@physx@@UEAAXXZ 000000018002b884 f   PhysXCommon_64:PhysXCommon_64.dll
 0001:0002a88a       __imp_load_?getPolygonData@ConvexMesh@Gu@physx@@UEBA_NIAEAUPxHullPolygon@3@@Z 000000018002b88a f   PhysXCommon_64:PhysXCommon_64.dll
 0001:0002a896       ?getPolygonData@ConvexMesh@Gu@physx@@UEBA_NIAEAUPxHullPolygon@3@@Z 000000018002b896 f   PhysXCommon_64:PhysXCommon_64.dll
 0001:0002a89c       __imp_load_?isGpuCompatible@ConvexMesh@Gu@physx@@UEBA_NXZ 000000018002b89c f   PhysXCommon_64:PhysXCommon_64.dll
 0001:0002a8a8       ?isGpuCompatible@ConvexMesh@Gu@physx@@UEBA_NXZ 000000018002b8a8 f   PhysXCommon_64:PhysXCommon_64.dll
 0001:0002a8ae       __imp_load_?getReferenceCount@ConvexMesh@Gu@physx@@UEBAIXZ 000000018002b8ae f   PhysXCommon_64:PhysXCommon_64.dll
 0001:0002a8ba       ?getReferenceCount@ConvexMesh@Gu@physx@@UEBAIXZ 000000018002b8ba f   PhysXCommon_64:PhysXCommon_64.dll
 0001:0002a8c0       __imp_load_?acquireReference@ConvexMesh@Gu@physx@@UEAAXXZ 000000018002b8c0 f   PhysXCommon_64:PhysXCommon_64.dll
 0001:0002a8cc       ?acquireReference@ConvexMesh@Gu@physx@@UEAAXXZ 000000018002b8cc f   PhysXCommon_64:PhysXCommon_64.dll
 0001:0002a8d2       __imp_load_?getMassInformation@ConvexMesh@Gu@physx@@UEBAXAEAMAEAVPxMat33@3@AEAVPxVec3@3@@Z 000000018002b8d2 f   PhysXCommon_64:PhysXCommon_64.dll
 0001:0002a8de       ?getMassInformation@ConvexMesh@Gu@physx@@UEBAXAEAMAEAVPxMat33@3@AEAVPxVec3@3@@Z 000000018002b8de f   PhysXCommon_64:PhysXCommon_64.dll
 0001:0002a8e4       __imp_load_?getLocalBounds@ConvexMesh@Gu@physx@@UEBA?AVPxBounds3@3@XZ 000000018002b8e4 f   PhysXCommon_64:PhysXCommon_64.dll
 0001:0002a8f0       ?getLocalBounds@ConvexMesh@Gu@physx@@UEBA?AVPxBounds3@3@XZ 000000018002b8f0 f   PhysXCommon_64:PhysXCommon_64.dll
 0001:0002a8f6       __imp_load_??1ConvexMesh@Gu@physx@@UEAA@XZ 000000018002b8f6 f   PhysXCommon_64:PhysXCommon_64.dll
 0001:0002a902       ??1ConvexMesh@Gu@physx@@UEAA@XZ 000000018002b902 f   PhysXCommon_64:PhysXCommon_64.dll
 0001:0002a908       __imp_load_??0HeightField@Gu@physx@@QEAA@PEAVGuMeshFactory@2@@Z 000000018002b908 f   PhysXCommon_64:PhysXCommon_64.dll
 0001:0002a914       ??0HeightField@Gu@physx@@QEAA@PEAVGuMeshFactory@2@@Z 000000018002b914 f   PhysXCommon_64:PhysXCommon_64.dll
 0001:0002a91a       __imp_load_?loadFromDesc@HeightField@Gu@physx@@QEAA_NAEBVPxHeightFieldDesc@3@@Z 000000018002b91a f   PhysXCommon_64:PhysXCommon_64.dll
 0001:0002a926       ?loadFromDesc@HeightField@Gu@physx@@QEAA_NAEBVPxHeightFieldDesc@3@@Z 000000018002b926 f   PhysXCommon_64:PhysXCommon_64.dll
 0001:0002a92c       __imp_load_?computeCellCoordinates@HeightField@Gu@physx@@QEBAIMMAEAM0@Z 000000018002b92c f   PhysXCommon_64:PhysXCommon_64.dll
 0001:0002a938       ?computeCellCoordinates@HeightField@Gu@physx@@QEBAIMMAEAM0@Z 000000018002b938 f   PhysXCommon_64:PhysXCommon_64.dll
 0001:0002a93e       __imp_load_?releaseMemory@HeightField@Gu@physx@@QEAAXXZ 000000018002b93e f   PhysXCommon_64:PhysXCommon_64.dll
 0001:0002a94a       ?releaseMemory@HeightField@Gu@physx@@QEAAXXZ 000000018002b94a f   PhysXCommon_64:PhysXCommon_64.dll
 0001:0002a950       __imp_load_??1HeightField@Gu@physx@@UEAA@XZ 000000018002b950 f   PhysXCommon_64:PhysXCommon_64.dll
 0001:0002a95c       ??1HeightField@Gu@physx@@UEAA@XZ 000000018002b95c f   PhysXCommon_64:PhysXCommon_64.dll
 0001:0002a962       __imp_load_??0NodeAllocator@Gu@physx@@QEAA@XZ 000000018002b962 f   PhysXCommon_64:PhysXCommon_64.dll
 0001:0002a96e       ??0NodeAllocator@Gu@physx@@QEAA@XZ 000000018002b96e f   PhysXCommon_64:PhysXCommon_64.dll
 0001:0002a974       __imp_load_??1NodeAllocator@Gu@physx@@QEAA@XZ 000000018002b974 f   PhysXCommon_64:PhysXCommon_64.dll
 0001:0002a980       ??1NodeAllocator@Gu@physx@@QEAA@XZ 000000018002b980 f   PhysXCommon_64:PhysXCommon_64.dll
 0001:0002a986       __imp_load_?release@NodeAllocator@Gu@physx@@QEAAXXZ 000000018002b986 f   PhysXCommon_64:PhysXCommon_64.dll
 0001:0002a992       ?release@NodeAllocator@Gu@physx@@QEAAXXZ 000000018002b992 f   PhysXCommon_64:PhysXCommon_64.dll
 0001:0002a998       __imp_load_?buildAABBTree@Gu@physx@@YA_NAEAVAABBTreeBuildParams@12@AEAVNodeAllocator@12@AEAUBuildStats@12@AEAPEAI@Z 000000018002b998 f   PhysXCommon_64:PhysXCommon_64.dll
 0001:0002a9a4       ?buildAABBTree@Gu@physx@@YA_NAEAVAABBTreeBuildParams@12@AEAVNodeAllocator@12@AEAUBuildStats@12@AEAPEAI@Z 000000018002b9a4 f   PhysXCommon_64:PhysXCommon_64.dll
 0001:0002a9aa       __imp_load_?writeDword@physx@@YAXI_NAEAVPxOutputStream@1@@Z 000000018002b9aa f   PhysXCommon_64:PhysXCommon_64.dll
 0001:0002a9b6       ?writeDword@physx@@YAXI_NAEAVPxOutputStream@1@@Z 000000018002b9b6 f   PhysXCommon_64:PhysXCommon_64.dll
 0001:0002a9bc       __imp_load_?writeFloatBuffer@physx@@YAXPEBMI_NAEAVPxOutputStream@1@@Z 000000018002b9bc f   PhysXCommon_64:PhysXCommon_64.dll
 0001:0002a9c8       ?writeFloatBuffer@physx@@YAXPEBMI_NAEAVPxOutputStream@1@@Z 000000018002b9c8 f   PhysXCommon_64:PhysXCommon_64.dll
 0001:0002a9ce       __imp_load_?writeHeader@physx@@YA_NCCCCI_NAEAVPxOutputStream@1@@Z 000000018002b9ce f   PhysXCommon_64:PhysXCommon_64.dll
 0001:0002a9da       ?writeHeader@physx@@YA_NCCCCI_NAEAVPxOutputStream@1@@Z 000000018002b9da f   PhysXCommon_64:PhysXCommon_64.dll
 0001:0002a9e0       __imp_load_?writeWord@physx@@YAXG_NAEAVPxOutputStream@1@@Z 000000018002b9e0 f   PhysXCommon_64:PhysXCommon_64.dll
 0001:0002a9ec       ?writeWord@physx@@YAXG_NAEAVPxOutputStream@1@@Z 000000018002b9ec f   PhysXCommon_64:PhysXCommon_64.dll
 0001:0002a9f2       __imp_load_?writeFloat@physx@@YAXM_NAEAVPxOutputStream@1@@Z 000000018002b9f2 f   PhysXCommon_64:PhysXCommon_64.dll
 0001:0002a9fe       ?writeFloat@physx@@YAXM_NAEAVPxOutputStream@1@@Z 000000018002b9fe f   PhysXCommon_64:PhysXCommon_64.dll
 0001:0002aa04       __imp_load_?computeBoundsAroundVertices@Gu@physx@@YAXAEAVPxBounds3@2@IPEIBVPxVec3@2@@Z 000000018002ba04 f   PhysXCommon_64:PhysXCommon_64.dll
 0001:0002aa10       ?computeBoundsAroundVertices@Gu@physx@@YAXAEAVPxBounds3@2@IPEIBVPxVec3@2@@Z 000000018002ba10 f   PhysXCommon_64:PhysXCommon_64.dll
 0001:0002aa16       __imp_load_??0SourceMesh@Gu@physx@@QEAA@XZ 000000018002ba16 f   PhysXCommon_64:PhysXCommon_64.dll
 0001:0002aa22       ??0SourceMesh@Gu@physx@@QEAA@XZ 000000018002ba22 f   PhysXCommon_64:PhysXCommon_64.dll
 0001:0002aa28       __imp_load_??1SourceMesh@Gu@physx@@QEAA@XZ 000000018002ba28 f   PhysXCommon_64:PhysXCommon_64.dll
 0001:0002aa34       ??1SourceMesh@Gu@physx@@QEAA@XZ 000000018002ba34 f   PhysXCommon_64:PhysXCommon_64.dll
 0001:0002aa3a       __imp_load_??0BV4Tree@Gu@physx@@QEAA@XZ 000000018002ba3a f   PhysXCommon_64:PhysXCommon_64.dll
 0001:0002aa46       ??0BV4Tree@Gu@physx@@QEAA@XZ 000000018002ba46 f   PhysXCommon_64:PhysXCommon_64.dll
 0001:0002aa4c       __imp_load_??1BV4Tree@Gu@physx@@QEAA@XZ 000000018002ba4c f   PhysXCommon_64:PhysXCommon_64.dll
 0001:0002aa58       ??1BV4Tree@Gu@physx@@QEAA@XZ 000000018002ba58 f   PhysXCommon_64:PhysXCommon_64.dll
 0001:0002aa5e       __imp_load_??0BV32Tree@Gu@physx@@QEAA@XZ 000000018002ba5e f   PhysXCommon_64:PhysXCommon_64.dll
 0001:0002aa6a       ??0BV32Tree@Gu@physx@@QEAA@XZ 000000018002ba6a f   PhysXCommon_64:PhysXCommon_64.dll
 0001:0002aa70       __imp_load_??1BV32Tree@Gu@physx@@QEAA@XZ 000000018002ba70 f   PhysXCommon_64:PhysXCommon_64.dll
 0001:0002aa7c       ??1BV32Tree@Gu@physx@@QEAA@XZ 000000018002ba7c f   PhysXCommon_64:PhysXCommon_64.dll
[...]
 0004:00001ce0       $pdata$?addNewFacesFromHorizon@QuickHull@local@@IEAAXPEBUQuickHullVertex@2@AEBV?$Array@PEAUQuickHullHalfEdge@local@@V?$ReflectionAllocator@PEAUQuickHullHalfEdge@local@@@shdfnd@physx@@@shdfnd@physx@@AEAV?$Array@PEAUQuickHullFace@local@@V?$ReflectionAllocator@PEAUQuickHullFace@local@@@shdfnd@physx@@@56@@Z 000000018003ace0     QuickHullConvexHullLib.obj
 0004:00001cec       $pdata$2$?addNewFacesFromHorizon@QuickHull@local@@IEAAXPEBUQuickHullVertex@2@AEBV?$Array@PEAUQuickHullHalfEdge@local@@V?$ReflectionAllocator@PEAUQuickHullHalfEdge@local@@@shdfnd@physx@@@shdfnd@physx@@AEAV?$Array@PEAUQuickHullFace@local@@V?$ReflectionAllocator@PEAUQuickHullFace@local@@@shdfnd@physx@@@56@@Z 000000018003acec     QuickHullConvexHullLib.obj
 0004:00001cf8       $pdata$3$?addNewFacesFromHorizon@QuickHull@local@@IEAAXPEBUQuickHullVertex@2@AEBV?$Array@PEAUQuickHullHalfEdge@local@@V?$ReflectionAllocator@PEAUQuickHullHalfEdge@local@@@shdfnd@physx@@@shdfnd@physx@@AEAV?$Array@PEAUQuickHullFace@local@@V?$ReflectionAllocator@PEAUQuickHullFace@local@@@shdfnd@physx@@@56@@Z 000000018003acf8     QuickHullConvexHullLib.obj
 0004:00001d04       $pdata$?doAdjacentMerge@QuickHull@local@@IEAA_NAEAUQuickHullFace@2@_NAEA_N@Z 000000018003ad04     QuickHullConvexHullLib.obj
 0004:00001d10       $pdata$1$?doAdjacentMerge@QuickHull@local@@IEAA_NAEAUQuickHullFace@2@_NAEA_N@Z 000000018003ad10     QuickHullConvexHullLib.obj
 0004:00001d1c       $pdata$?doPostAdjacentMerge@QuickHull@local@@IEAA_NAEAUQuickHullFace@2@M@Z 000000018003ad1c     QuickHullConvexHullLib.obj
 0004:00001d28       $pdata$0$?doPostAdjacentMerge@QuickHull@local@@IEAA_NAEAUQuickHullFace@2@M@Z 000000018003ad28     QuickHullConvexHullLib.obj
 0004:00001d34       $pdata$1$?doPostAdjacentMerge@QuickHull@local@@IEAA_NAEAUQuickHullFace@2@M@Z 000000018003ad34     QuickHullConvexHullLib.obj
 0004:00001d40       $pdata$?deleteFacePoints@QuickHull@local@@IEAAXAEAUQuickHullFace@2@PEAU32@@Z 000000018003ad40     QuickHullConvexHullLib.obj
 0004:00001d4c       $pdata$0$?deleteFacePoints@QuickHull@local@@IEAAXAEAUQuickHullFace@2@PEAU32@@Z 000000018003ad4c     QuickHullConvexHullLib.obj
 0004:00001d58       $pdata$1$?deleteFacePoints@QuickHull@local@@IEAAXAEAUQuickHullFace@2@PEAU32@@Z 000000018003ad58     QuickHullConvexHullLib.obj
 0004:00001d64       $pdata$?resolveUnclaimedPoints@QuickHull@local@@IEAAXAEBV?$Array@PEAUQuickHullFace@local@@V?$ReflectionAllocator@PEAUQuickHullFace@local@@@shdfnd@physx@@@shdfnd@physx@@@Z 000000018003ad64     QuickHullConvexHullLib.obj
 0004:00001d70       $pdata$?postMergeHull@QuickHull@local@@IEAAXXZ 000000018003ad70     QuickHullConvexHullLib.obj
 0004:00001d7c       $pdata$4$?postMergeHull@QuickHull@local@@IEAAXXZ 000000018003ad7c     QuickHullConvexHullLib.obj
 0004:00001d88       $pdata$5$?postMergeHull@QuickHull@local@@IEAAXXZ 000000018003ad88     QuickHullConvexHullLib.obj
 0004:00001d94       $pdata$6$?postMergeHull@QuickHull@local@@IEAAXXZ 000000018003ad94     QuickHullConvexHullLib.obj
 0004:00001da0       $pdata$?canMergeFaces@QuickHull@local@@IEAA_NAEBUQuickHullHalfEdge@2@@Z 000000018003ada0     QuickHullConvexHullLib.obj
 0004:00001dac       $pdata$?addExpandPoint@local@@YAXAEBUExpandPoint@1@AEAV?$Array@UExpandPoint@local@@V?$ReflectionAllocator@UExpandPoint@local@@@shdfnd@physx@@@shdfnd@physx@@@Z 000000018003adac     QuickHullConvexHullLib.obj
 0004:00001db8       $pdata$??1?$MemBlock@UQuickHullFace@local@@$00@local@@QEAA@XZ 000000018003adb8     QuickHullConvexHullLib.obj
 0004:00001dc4       $pdata$0$??1?$MemBlock@UQuickHullFace@local@@$00@local@@QEAA@XZ 000000018003adc4     QuickHullConvexHullLib.obj
 0004:00001dd0       $pdata$1$??1?$MemBlock@UQuickHullFace@local@@$00@local@@QEAA@XZ 000000018003add0     QuickHullConvexHullLib.obj
 0004:00001ddc       $pdata$2$??1?$MemBlock@UQuickHullFace@local@@$00@local@@QEAA@XZ 000000018003addc     QuickHullConvexHullLib.obj
 0004:00001de8       $pdata$3$??1?$MemBlock@UQuickHullFace@local@@$00@local@@QEAA@XZ 000000018003ade8     QuickHullConvexHullLib.obj
 0004:00001df4       $pdata$??1?$MemBlock@UQuickHullHalfEdge@local@@$0A@@local@@QEAA@XZ 000000018003adf4     QuickHullConvexHullLib.obj
 0004:00001e00       $pdata$0$??1?$MemBlock@UQuickHullHalfEdge@local@@$0A@@local@@QEAA@XZ 000000018003ae00     QuickHullConvexHullLib.obj
 0004:00001e0c       $pdata$1$??1?$MemBlock@UQuickHullHalfEdge@local@@$0A@@local@@QEAA@XZ 000000018003ae0c     QuickHullConvexHullLib.obj
 0004:00001e18       $pdata$2$??1?$MemBlock@UQuickHullHalfEdge@local@@$0A@@local@@QEAA@XZ 000000018003ae18     QuickHullConvexHullLib.obj
 0004:00001e24       $pdata$3$??1?$MemBlock@UQuickHullHalfEdge@local@@$0A@@local@@QEAA@XZ 000000018003ae24     QuickHullConvexHullLib.obj
 0004:00001e30       $pdata$??1ConvexHull@physx@@QEAA@XZ 000000018003ae30     QuickHullConvexHullLib.obj
 0004:00001e3c       $pdata$??_GQuickHullConvexHullLib@physx@@UEAAPEAXI@Z 000000018003ae3c     QuickHullConvexHullLib.obj
 0004:00001e48       $pdata$??__G@YAXPEAX0_K1P6APEAX00@Z@Z 000000018003ae48     QuickHullConvexHullLib.obj
 0004:00001e54       $pdata$0$??__G@YAXPEAX0_K1P6APEAX00@Z@Z 000000018003ae54     QuickHullConvexHullLib.obj
 0004:00001e60       $pdata$1$??__G@YAXPEAX0_K1P6APEAX00@Z@Z 000000018003ae60     QuickHullConvexHullLib.obj
 0004:00001e6c       $pdata$?allocate@?$ReflectionAllocator@PEAUQuickHullFace@local@@@shdfnd@physx@@QEAAPEAX_KPEBDH@Z 000000018003ae6c     QuickHullConvexHullLib.obj
 0004:00001e78       $pdata$0$?allocate@?$ReflectionAllocator@PEAUQuickHullFace@local@@@shdfnd@physx@@QEAAPEAX_KPEBDH@Z 000000018003ae78     QuickHullConvexHullLib.obj
 0004:00001e84       $pdata$1$?allocate@?$ReflectionAllocator@PEAUQuickHullFace@local@@@shdfnd@physx@@QEAAPEAX_KPEBDH@Z 000000018003ae84     QuickHullConvexHullLib.obj
 0004:00001e90       $pdata$?allocate@?$ReflectionAllocator@PEAUQuickHullHalfEdge@local@@@shdfnd@physx@@QEAAPEAX_KPEBDH@Z 000000018003ae90     QuickHullConvexHullLib.obj
 0004:00001e9c       $pdata$0$?allocate@?$ReflectionAllocator@PEAUQuickHullHalfEdge@local@@@shdfnd@physx@@QEAAPEAX_KPEBDH@Z 000000018003ae9c     QuickHullConvexHullLib.obj
 0004:00001ea8       $pdata$1$?allocate@?$ReflectionAllocator@PEAUQuickHullHalfEdge@local@@@shdfnd@physx@@QEAAPEAX_KPEBDH@Z 000000018003aea8     QuickHullConvexHullLib.obj
 0004:00001eb4       $pdata$?allocate@?$ReflectionAllocator@PEAUQuickHullVertex@local@@@shdfnd@physx@@QEAAPEAX_KPEBDH@Z 000000018003aeb4     QuickHullConvexHullLib.obj
 0004:00001ec0       $pdata$0$?allocate@?$ReflectionAllocator@PEAUQuickHullVertex@local@@@shdfnd@physx@@QEAAPEAX_KPEBDH@Z 000000018003aec0     QuickHullConvexHullLib.obj
 0004:00001ecc       $pdata$1$?allocate@?$ReflectionAllocator@PEAUQuickHullVertex@local@@@shdfnd@physx@@QEAAPEAX_KPEBDH@Z 000000018003aecc     QuickHullConvexHullLib.obj
 0004:00001ed8       $pdata$?allocate@?$ReflectionAllocator@UExpandPoint@local@@@shdfnd@physx@@QEAAPEAX_KPEBDH@Z 000000018003aed8     QuickHullConvexHullLib.obj
 0004:00001ee4       $pdata$0$?allocate@?$ReflectionAllocator@UExpandPoint@local@@@shdfnd@physx@@QEAAPEAX_KPEBDH@Z 000000018003aee4     QuickHullConvexHullLib.obj
 0004:00001ef0       $pdata$1$?allocate@?$ReflectionAllocator@UExpandPoint@local@@@shdfnd@physx@@QEAAPEAX_KPEBDH@Z 000000018003aef0     QuickHullConvexHullLib.obj
 0004:00001efc       $pdata$?getFreeItem@?$MemBlock@UQuickHullFace@local@@$00@local@@QEAAPEAUQuickHullFace@2@XZ 000000018003aefc     QuickHullConvexHullLib.obj
 0004:00001f08       $pdata$?getFreeItem@?$MemBlock@UQuickHullHalfEdge@local@@$0A@@local@@QEAAPEAUQuickHullHalfEdge@2@XZ 000000018003af08     QuickHullConvexHullLib.obj
 0004:00001f14       $pdata$?growAndPushBack@?$Array@PEAUQuickHullFace@local@@V?$ReflectionAllocator@PEAUQuickHullFace@local@@@shdfnd@physx@@@shdfnd@physx@@IEAAAEAPEAUQuickHullFace@local@@AEBQEAU45@@Z 000000018003af14     QuickHullConvexHullLib.obj
 0004:00001f20       $pdata$?growAndPushBack@?$Array@PEAUQuickHullHalfEdge@local@@V?$ReflectionAllocator@PEAUQuickHullHalfEdge@local@@@shdfnd@physx@@@shdfnd@physx@@IEAAAEAPEAUQuickHullHalfEdge@local@@AEBQEAU45@@Z 000000018003af20     QuickHullConvexHullLib.obj
 0004:00001f2c       $pdata$?growAndPushBack@?$Array@PEAUQuickHullVertex@local@@V?$ReflectionAllocator@PEAUQuickHullVertex@local@@@shdfnd@physx@@@shdfnd@physx@@IEAAAEAPEAUQuickHullVertex@local@@AEBQEAU45@@Z 000000018003af2c     QuickHullConvexHullLib.obj
 0004:00001f38       $pdata$?growAndPushBack@?$Array@UExpandPoint@local@@V?$ReflectionAllocator@UExpandPoint@local@@@shdfnd@physx@@@shdfnd@physx@@IEAAAEAUExpandPoint@local@@AEBU45@@Z 000000018003af38     QuickHullConvexHullLib.obj
 0004:00001f44       $pdata$?init@?$MemBlock@UQuickHullFace@local@@$00@local@@QEAAXI@Z 000000018003af44     QuickHullConvexHullLib.obj
 0004:00001f50       $pdata$?init@?$MemBlock@UQuickHullHalfEdge@local@@$0A@@local@@QEAAXI@Z 000000018003af50     QuickHullConvexHullLib.obj
 0004:00001f5c       $pdata$?recreate@?$Array@PEAUQuickHullFace@local@@V?$ReflectionAllocator@PEAUQuickHullFace@local@@@shdfnd@physx@@@shdfnd@physx@@IEAAXI@Z 000000018003af5c     QuickHullConvexHullLib.obj
 0004:00001f68       $pdata$?recreate@?$Array@PEAUQuickHullHalfEdge@local@@V?$ReflectionAllocator@PEAUQuickHullHalfEdge@local@@@shdfnd@physx@@@shdfnd@physx@@IEAAXI@Z 000000018003af68     QuickHullConvexHullLib.obj
 0004:00001f74       $pdata$?recreate@?$Array@PEAUQuickHullVertex@local@@V?$ReflectionAllocator@PEAUQuickHullVertex@local@@@shdfnd@physx@@@shdfnd@physx@@IEAAXI@Z 000000018003af74     QuickHullConvexHullLib.obj
 0004:00001f80       $pdata$?recreate@?$Array@UExpandPoint@local@@V?$ReflectionAllocator@UExpandPoint@local@@@shdfnd@physx@@@shdfnd@physx@@IEAAXI@Z 000000018003af80     QuickHullConvexHullLib.obj
 0004:00001f8c       $pdata$?reset@?$MemBlock@UQuickHullFace@local@@$00@local@@QEAAXXZ 000000018003af8c     QuickHullConvexHullLib.obj
 0004:00001f98       $pdata$0$?reset@?$MemBlock@UQuickHullFace@local@@$00@local@@QEAAXXZ 000000018003af98     QuickHullConvexHullLib.obj
 0004:00001fa4       $pdata$1$?reset@?$MemBlock@UQuickHullFace@local@@$00@local@@QEAAXXZ 000000018003afa4     QuickHullConvexHullLib.obj
 0004:00001fb0       $pdata$?reset@?$MemBlock@UQuickHullHalfEdge@local@@$0A@@local@@QEAAXXZ 000000018003afb0     QuickHullConvexHullLib.obj
 0004:00001fbc       $pdata$0$?reset@?$MemBlock@UQuickHullHalfEdge@local@@$0A@@local@@QEAAXXZ 000000018003afbc     QuickHullConvexHullLib.obj
 0004:00001fc8       $pdata$1$?reset@?$MemBlock@UQuickHullHalfEdge@local@@$0A@@local@@QEAAXXZ 000000018003afc8     QuickHullConvexHullLib.obj
 0004:00001fd4       $pdata$?threePlaneIntersection@local@@YA?AVPxVec3@physx@@AEBVPxPlane@3@00@Z 000000018003afd4     QuickHullConvexHullLib.obj
 0004:00001fe0       $pdata$?computeVolumeIntegrals@physx@@YA_NAEBVPxSimpleTriangleMesh@1@MAEAUPxIntegrals@1@@Z 000000018003afe0     VolumeIntegration.obj
 0004:00001fec       $pdata$?computeVolumeIntegralsEberly@physx@@YA_NAEBVPxConvexMeshDesc@1@MAEAUPxIntegrals@1@AEBVPxVec3@1@@Z 000000018003afec     VolumeIntegration.obj
 0004:00001ff8       $pdata$?computeVolumeIntegralsEberlySIMD@physx@@YA_NAEBVPxConvexMeshDesc@1@MAEAUPxIntegrals@1@AEBVPxVec3@1@@Z 000000018003aff8     VolumeIntegration.obj
 0004:00002004       $pdata$?computeCOMInertiaTensor@VolumeIntegrator@?A0x7075e46c@physx@@AEAAXPEAN@Z 000000018003b004     VolumeIntegration.obj
 0004:00002010       $pdata$?computeFaceIntegrals@VolumeIntegrator@?A0x7075e46c@physx@@AEAAXAEBUFace@123@@Z 000000018003b010     VolumeIntegration.obj
 0004:0000201c       $pdata$?computeFaceNormal@VolumeIntegrator@?A0x7075e46c@physx@@AEAAXAEAUFace@123@PEAI@Z 000000018003b01c     VolumeIntegration.obj
 0004:00002028       $pdata$?computeProjectionIntegrals@VolumeIntegrator@?A0x7075e46c@physx@@AEAAXAEBUFace@123@@Z 000000018003b028     VolumeIntegration.obj
 0004:00002034       $pdata$?computeVolumeIntegrals@VolumeIntegrator@?A0x7075e46c@physx@@QEAA_NAEAUPxIntegrals@3@@Z 000000018003b034     VolumeIntegration.obj
 0004:00002040       $pdata$?computeVolumeIntegrals@VolumeIntegratorEberly@?A0x7075e46c@physx@@QEAA_NAEAUPxIntegrals@3@AEBVPxVec3@3@@Z 000000018003b040     VolumeIntegration.obj
 0004:0000204c       $pdata$0$?computeVolumeIntegrals@VolumeIntegratorEberly@?A0x7075e46c@physx@@QEAA_NAEAUPxIntegrals@3@AEBVPxVec3@3@@Z 000000018003b04c     VolumeIntegration.obj
 0004:00002058       $pdata$6$?computeVolumeIntegrals@VolumeIntegratorEberly@?A0x7075e46c@physx@@QEAA_NAEAUPxIntegrals@3@AEBVPxVec3@3@@Z 000000018003b058     VolumeIntegration.obj
 0004:00002064       $pdata$7$?computeVolumeIntegrals@VolumeIntegratorEberly@?A0x7075e46c@physx@@QEAA_NAEAUPxIntegrals@3@AEBVPxVec3@3@@Z 000000018003b064     VolumeIntegration.obj
 0004:00002070       $pdata$8$?computeVolumeIntegrals@VolumeIntegratorEberly@?A0x7075e46c@physx@@QEAA_NAEAUPxIntegrals@3@AEBVPxVec3@3@@Z 000000018003b070     VolumeIntegration.obj
 0004:0000207c       $pdata$?computeVolumeIntegralsSIMD@VolumeIntegratorEberly@?A0x7075e46c@physx@@QEAA_NAEAUPxIntegrals@3@AEBVPxVec3@3@@Z 000000018003b07c     VolumeIntegration.obj
 0004:00002088       $pdata$0$?computeVolumeIntegralsSIMD@VolumeIntegratorEberly@?A0x7075e46c@physx@@QEAA_NAEAUPxIntegrals@3@AEBVPxVec3@3@@Z 000000018003b088     VolumeIntegration.obj
 0004:00002094       $pdata$2$?computeVolumeIntegralsSIMD@VolumeIntegratorEberly@?A0x7075e46c@physx@@QEAA_NAEAUPxIntegrals@3@AEBVPxVec3@3@@Z 000000018003b094     VolumeIntegration.obj
 0004:000020a0       $pdata$3$?computeVolumeIntegralsSIMD@VolumeIntegratorEberly@?A0x7075e46c@physx@@QEAA_NAEAUPxIntegrals@3@AEBVPxVec3@3@@Z 000000018003b0a0     VolumeIntegration.obj
 0004:000020ac       $pdata$4$?computeVolumeIntegralsSIMD@VolumeIntegratorEberly@?A0x7075e46c@physx@@QEAA_NAEAUPxIntegrals@3@AEBVPxVec3@3@@Z 000000018003b0ac     VolumeIntegration.obj
 0004:000020b8       $pdata$?physXCommonDliNotePreLoadLibrary@Cm@physx@@YAP6A_JXZPEBDPEBVPxDelayLoadHook@2@@Z 000000018003b0b8     WindowsCookingDelayLoadHook.obj
 0004:000020dc       $pdata$?DloadAcquireSectionWriteAccess@@YAXXZ 000000018003b0dc     Delayimp:delayhlp.obj
 0004:000020e8       $pdata$?DloadGetSRWLockFunctionPointers@@YAEXZ 000000018003b0e8     Delayimp:delayhlp.obj
 0004:000020f4       $pdata$?DloadLock@@YAXXZ   000000018003b0f4     Delayimp:delayhlp.obj
 0004:00002100       $pdata$?DloadMakePermanentImageCommit@@YAXPEAX_K@Z 000000018003b100     Delayimp:delayhlp.obj
 0004:0000210c       $pdata$?DloadObtainSection@@YAPEAXPEAK0@Z 000000018003b10c     Delayimp:delayhlp.obj
 0004:00002118       $pdata$?DloadProtectSection@@YAXKPEAK@Z 000000018003b118     Delayimp:delayhlp.obj
 0004:00002124       $pdata$?DloadReleaseSectionWriteAccess@@YAXXZ 000000018003b124     Delayimp:delayhlp.obj
 0004:00002130       $pdata$?DloadUnlock@@YAXXZ 000000018003b130     Delayimp:delayhlp.obj
 0004:0000213c       $pdata$?PiddFromDllName@@YAPEBUImgDelayDescr@@PEBD@Z 000000018003b13c     Delayimp:delayhlp.obj
 0004:00002148       $pdata$__FUnloadDelayLoadedDLL2 000000018003b148     Delayimp:delayhlp.obj
 0004:00002154       $pdata$__HrLoadAllImportsForDll 000000018003b154     Delayimp:delayhlp.obj
 0004:00002160       $pdata$__delayLoadHelper2  000000018003b160     Delayimp:delayhlp.obj
 0004:0000216c       $pdata$??_Gtype_info@@UEAAPEAXI@Z 000000018003b16c     MSVCRT:std_type_info_static.obj
 0004:00002184       $pdata$?dllmain_crt_dispatch@@YAHQEAUHINSTANCE__@@KQEAX@Z 000000018003b184     MSVCRT:dll_dllmain.obj
 0004:00002190       $pdata$?dllmain_crt_process_attach@@YAHQEAUHINSTANCE__@@QEAX@Z 000000018003b190     MSVCRT:dll_dllmain.obj
 0004:0000219c       $pdata$?dllmain_crt_process_detach@@YAH_N@Z 000000018003b19c     MSVCRT:dll_dllmain.obj
 0004:000021a8       $pdata$?dllmain_dispatch@@YAHQEAUHINSTANCE__@@KQEAX@Z 000000018003b1a8     MSVCRT:dll_dllmain.obj
 0004:000021b4       $pdata$?dllmain_raw@@YAHQEAUHINSTANCE__@@KQEAX@Z 000000018003b1b4     MSVCRT:dll_dllmain.obj
 0004:000021c0       $pdata$_DllMainCRTStartup  000000018003b1c0     MSVCRT:dll_dllmain.obj
 0004:000021cc       $pdata$?configure_argv@__scrt_narrow_argv_policy@@SAHXZ 000000018003b1cc     MSVCRT:utility.obj
 0004:000021d8       $pdata$__scrt_acquire_startup_lock 000000018003b1d8     MSVCRT:utility.obj
 0004:000021e4       $pdata$__scrt_dllmain_after_initialize_c 000000018003b1e4     MSVCRT:utility.obj
 0004:000021f0       $pdata$__scrt_dllmain_before_initialize_c 000000018003b1f0     MSVCRT:utility.obj
 0004:000021fc       $pdata$__scrt_dllmain_crt_thread_attach 000000018003b1fc     MSVCRT:utility.obj
 0004:00002208       $pdata$__scrt_dllmain_crt_thread_detach 000000018003b208     MSVCRT:utility.obj
 0004:00002214       $pdata$__scrt_dllmain_exception_filter 000000018003b214     MSVCRT:utility.obj
 0004:00002220       $pdata$__scrt_dllmain_uninitialize_c 000000018003b220     MSVCRT:utility.obj
 0004:0000222c       $pdata$__scrt_dllmain_uninitialize_critical 000000018003b22c     MSVCRT:utility.obj
 0004:00002238       $pdata$__scrt_initialize_crt 000000018003b238     MSVCRT:utility.obj
 0004:00002244       $pdata$__scrt_initialize_onexit_tables 000000018003b244     MSVCRT:utility.obj
 0004:00002250       $pdata$__scrt_is_nonwritable_in_current_image 000000018003b250     MSVCRT:utility.obj
 0004:0000225c       $pdata$__scrt_release_startup_lock 000000018003b25c     MSVCRT:utility.obj
 0004:00002268       $pdata$__scrt_uninitialize_crt 000000018003b268     MSVCRT:utility.obj
 0004:00002274       $pdata$_onexit             000000018003b274     MSVCRT:utility.obj
 0004:00002280       $pdata$atexit              000000018003b280     MSVCRT:utility.obj
 0004:0000228c       $pdata$__security_init_cookie 000000018003b28c     MSVCRT:gs_support.obj
 0004:00002298       $pdata$DllMain             000000018003b298     MSVCRT:dll_dllmain_stub.obj
 0004:000022a4       $pdata$__scrt_initialize_default_local_stdio_options 000000018003b2a4     MSVCRT:default_local_stdio_options.obj
 0004:000022b0       $pdata$__scrt_fastfail     000000018003b2b0     MSVCRT:utility_desktop.obj
 0004:000022bc       $pdata$__scrt_get_show_window_mode 000000018003b2bc     MSVCRT:utility_desktop.obj
 0004:000022c8       $pdata$__scrt_is_managed_app 000000018003b2c8     MSVCRT:utility_desktop.obj
 0004:000022d4       $pdata$__scrt_unhandled_exception_filter 000000018003b2d4     MSVCRT:utility_desktop.obj
 0004:000022e0       $pdata$_RTC_Initialize     000000018003b2e0     MSVCRT:_initsect_.obj
 0004:000022ec       $pdata$_RTC_Terminate      000000018003b2ec     MSVCRT:_initsect_.obj
 0004:000022f8       $pdata$__isa_available_init 000000018003b2f8     MSVCRT:_cpu_disp_.obj
 0004:00002310       $pdata$?fin$0@?0??dllmain_crt_process_attach@@YAHQEAUHINSTANCE__@@QEAX@Z@4HA 000000018003b310     MSVCRT:dll_dllmain.obj
 0004:0000231c       $pdata$?fin$0@?0??dllmain_crt_process_detach@@YAH_N@Z@4HA 000000018003b31c     MSVCRT:dll_dllmain.obj
 0004:00002328       $pdata$?filt$0@?0??dllmain_dispatch@@YAHQEAUHINSTANCE__@@KQEAX@Z@4HA 000000018003b328     MSVCRT:dll_dllmain.obj
 0004:00002334       $pdata$__scrt_is_nonwritable_in_current_image$filt$0 000000018003b334     MSVCRT:utility.obj
 0005:00000000       __guard_fids__             000000018003c000     MSVCRT:std_type_info_static.obj
 0005:00000004       __guard_fids_?dllmain_crt_process_attach@@YAHQEAUHINSTANCE__@@QEAX@Z 000000018003c004     MSVCRT:dll_dllmain.obj
 0005:0000000c       __guard_fids_?dllmain_dispatch@@YAHQEAUHINSTANCE__@@KQEAX@Z 000000018003c00c     MSVCRT:dll_dllmain.obj
 0005:00000010       __guard_fids__             000000018003c010     MSVCRT:guard_support.obj
 0005:00000014       __guard_fids__guard_icall_checks_enforced 000000018003c014     MSVCRT:guard_support.obj
 0005:00000018       __guard_fids___scrt_set_unhandled_exception_filter 000000018003c018     MSVCRT:utility_desktop.obj
 0006:000000a0       $R000000                   000000018003d0a0     PhysXCooking.res
 0006:000003d0       $R000330                   000000018003d3d0     PhysXCooking.res
